Component: ARM Compiler 5.06 update 6 (build 750) Tool: armlink [4d35ed]

==============================================================================

Section Cross References

    main.o(i.AppTaskCreate) refers to port.o(i.vPortEnterCritical) for vPortEnterCritical
    main.o(i.AppTaskCreate) refers to queue.o(i.xQueueCreateMutex) for xQueueCreateMutex
    main.o(i.AppTaskCreate) refers to printfa.o(i.__0printf) for __2printf
    main.o(i.AppTaskCreate) refers to queue.o(i.xQueueGenericSend) for xQueueGenericSend
    main.o(i.AppTaskCreate) refers to tasks.o(i.xTaskCreate) for xTaskCreate
    main.o(i.AppTaskCreate) refers to tasks.o(i.vTaskDelete) for vTaskDelete
    main.o(i.AppTaskCreate) refers to port.o(i.vPortExitCritical) for vPortExitCritical
    main.o(i.AppTaskCreate) refers to main.o(.data) for MuxSem_Handle
    main.o(i.AppTaskCreate) refers to main.o(i.GETVALUE_Task) for GETVALUE_Task
    main.o(i.AppTaskCreate) refers to main.o(i.OLED_Task) for OLED_Task
    main.o(i.AppTaskCreate) refers to main.o(i.GIZWITS_Task) for GIZWITS_Task
    main.o(i.BSP_Init) refers to misc.o(i.NVIC_PriorityGroupConfig) for NVIC_PriorityGroupConfig
    main.o(i.BSP_Init) refers to uart.o(i.UART_InitConfig) for UART_InitConfig
    main.o(i.BSP_Init) refers to tim.o(i.TIM7_InitConfig) for TIM7_InitConfig
    main.o(i.BSP_Init) refers to exti.o(i.NVIC_InitConfig_EXTI) for NVIC_InitConfig_EXTI
    main.o(i.BSP_Init) refers to exti.o(i.NVIC_InitConfig_EXTI8) for NVIC_InitConfig_EXTI8
    main.o(i.BSP_Init) refers to tim.o(i.PWM_OutPut_InitConfig) for PWM_OutPut_InitConfig
    main.o(i.BSP_Init) refers to adc.o(i.ADC1_InitConfig) for ADC1_InitConfig
    main.o(i.BSP_Init) refers to dma.o(i.DMA_InitConfig_P2M) for DMA_InitConfig_P2M
    main.o(i.BSP_Init) refers to dht11.o(i.DHT11_GPIO_Pin_InitCnofig) for DHT11_GPIO_Pin_InitCnofig
    main.o(i.BSP_Init) refers to oled.o(i.OLED_Init) for OLED_Init
    main.o(i.BSP_Init) refers to oled.o(i.OLED_Clear) for OLED_Clear
    main.o(i.BSP_Init) refers to iic.o(i.SGP30_InitConfig) for SGP30_InitConfig
    main.o(i.BSP_Init) refers to main.o(i.Gizwits_Init) for Gizwits_Init
    main.o(i.BSP_Init) refers to gizwits_protocol.o(i.gizwitsSetMode) for gizwitsSetMode
    main.o(i.BSP_Init) refers to printfa.o(i.__0printf) for __2printf
    main.o(i.GETVALUE_Task) refers to tasks.o(i.vTaskSuspend) for vTaskSuspend
    main.o(i.GETVALUE_Task) refers to queue.o(i.xQueueGenericReceive) for xQueueGenericReceive
    main.o(i.GETVALUE_Task) refers to printfa.o(i.__0printf) for __2printf
    main.o(i.GETVALUE_Task) refers to dma.o(i.GetValue_ADC_Average) for GetValue_ADC_Average
    main.o(i.GETVALUE_Task) refers to dflti.o(.text) for __aeabi_i2d
    main.o(i.GETVALUE_Task) refers to dmul.o(.text) for __aeabi_dmul
    main.o(i.GETVALUE_Task) refers to ddiv.o(.text) for __aeabi_ddiv
    main.o(i.GETVALUE_Task) refers to d2f.o(.text) for __aeabi_d2f
    main.o(i.GETVALUE_Task) refers to dht11.o(i.DHT11_ReadData) for DHT11_ReadData
    main.o(i.GETVALUE_Task) refers to iic.o(i.SGP30_Read) for SGP30_Read
    main.o(i.GETVALUE_Task) refers to f2d.o(.text) for __aeabi_f2d
    main.o(i.GETVALUE_Task) refers to fmul.o(.text) for __aeabi_fmul
    main.o(i.GETVALUE_Task) refers to ffixi.o(.text) for __aeabi_f2iz
    main.o(i.GETVALUE_Task) refers to delay.o(i.delay_ms) for delay_ms
    main.o(i.GETVALUE_Task) refers to queue.o(i.xQueueGenericSend) for xQueueGenericSend
    main.o(i.GETVALUE_Task) refers to tasks.o(i.vTaskDelay) for vTaskDelay
    main.o(i.GETVALUE_Task) refers to main.o(.data) for Flag_Task_close
    main.o(i.GIZWITS_Task) refers to tasks.o(i.vTaskSuspend) for vTaskSuspend
    main.o(i.GIZWITS_Task) refers to queue.o(i.xQueueGenericReceive) for xQueueGenericReceive
    main.o(i.GIZWITS_Task) refers to printfa.o(i.__0printf) for __2printf
    main.o(i.GIZWITS_Task) refers to gizwits_product.o(i.userHandle) for userHandle
    main.o(i.GIZWITS_Task) refers to gizwits_protocol.o(i.gizwitsHandle) for gizwitsHandle
    main.o(i.GIZWITS_Task) refers to queue.o(i.xQueueGenericSend) for xQueueGenericSend
    main.o(i.GIZWITS_Task) refers to tasks.o(i.vTaskDelay) for vTaskDelay
    main.o(i.GIZWITS_Task) refers to main.o(.data) for Flag_Task_close
    main.o(i.GIZWITS_Task) refers to main.o(.bss) for currentDataPoint
    main.o(i.Gizwits_Init) refers to tim.o(i.TIM_InitConfig) for TIM_InitConfig
    main.o(i.Gizwits_Init) refers to uart.o(i.UART3_InitConfig) for UART3_InitConfig
    main.o(i.Gizwits_Init) refers to memseta.o(.text) for __aeabi_memclr
    main.o(i.Gizwits_Init) refers to gizwits_protocol.o(i.gizwitsInit) for gizwitsInit
    main.o(i.Gizwits_Init) refers to main.o(.bss) for currentDataPoint
    main.o(i.OLED_Task) refers to tasks.o(i.vTaskSuspend) for vTaskSuspend
    main.o(i.OLED_Task) refers to queue.o(i.xQueueGenericReceive) for xQueueGenericReceive
    main.o(i.OLED_Task) refers to printfa.o(i.__0printf) for __2printf
[...]
    prvInitialiseNewQueue                    0x08005545   Thumb Code    42  queue.o(i.prvInitialiseNewQueue)
    i.prvInitialiseNewTask                   0x08005570   Section        0  tasks.o(i.prvInitialiseNewTask)
    prvInitialiseNewTask                     0x08005571   Thumb Code   160  tasks.o(i.prvInitialiseNewTask)
    i.prvInitialiseTaskLists                 0x08005638   Section        0  tasks.o(i.prvInitialiseTaskLists)
    prvInitialiseTaskLists                   0x08005639   Thumb Code    70  tasks.o(i.prvInitialiseTaskLists)
    i.prvInsertBlockIntoFreeList             0x080056a0   Section        0  heap_4.o(i.prvInsertBlockIntoFreeList)
    prvInsertBlockIntoFreeList               0x080056a1   Thumb Code    96  heap_4.o(i.prvInsertBlockIntoFreeList)
    i.prvInsertTimerInActiveList             0x08005708   Section        0  timers.o(i.prvInsertTimerInActiveList)
    prvInsertTimerInActiveList               0x08005709   Thumb Code    80  timers.o(i.prvInsertTimerInActiveList)
    i.prvIsQueueEmpty                        0x08005760   Section        0  queue.o(i.prvIsQueueEmpty)
    prvIsQueueEmpty                          0x08005761   Thumb Code    26  queue.o(i.prvIsQueueEmpty)
    i.prvIsQueueFull                         0x0800577a   Section        0  queue.o(i.prvIsQueueFull)
    prvIsQueueFull                           0x0800577b   Thumb Code    30  queue.o(i.prvIsQueueFull)
    i.prvNotifyQueueSetContainer             0x08005798   Section        0  queue.o(i.prvNotifyQueueSetContainer)
    prvNotifyQueueSetContainer               0x08005799   Thumb Code   124  queue.o(i.prvNotifyQueueSetContainer)
    i.prvProcessExpiredTimer                 0x0800583c   Section        0  timers.o(i.prvProcessExpiredTimer)
    prvProcessExpiredTimer                   0x0800583d   Thumb Code    84  timers.o(i.prvProcessExpiredTimer)
    i.prvProcessReceivedCommands             0x080058c0   Section        0  timers.o(i.prvProcessReceivedCommands)
    prvProcessReceivedCommands               0x080058c1   Thumb Code   254  timers.o(i.prvProcessReceivedCommands)
    i.prvProcessTimerOrBlockTask             0x080059f0   Section        0  timers.o(i.prvProcessTimerOrBlockTask)
    prvProcessTimerOrBlockTask               0x080059f1   Thumb Code   102  timers.o(i.prvProcessTimerOrBlockTask)
    i.prvResetNextTaskUnblockTime            0x08005a64   Section        0  tasks.o(i.prvResetNextTaskUnblockTime)
    prvResetNextTaskUnblockTime              0x08005a65   Thumb Code    42  tasks.o(i.prvResetNextTaskUnblockTime)
    i.prvSampleTimeNow                       0x08005a98   Section        0  timers.o(i.prvSampleTimeNow)
    prvSampleTimeNow                         0x08005a99   Thumb Code    40  timers.o(i.prvSampleTimeNow)
    i.prvSwitchTimerLists                    0x08005ac4   Section        0  timers.o(i.prvSwitchTimerLists)
    prvSwitchTimerLists                      0x08005ac5   Thumb Code   140  timers.o(i.prvSwitchTimerLists)
    i.prvTaskExitError                       0x08005b84   Section        0  port.o(i.prvTaskExitError)
    prvTaskExitError                         0x08005b85   Thumb Code    48  port.o(i.prvTaskExitError)
    i.prvTaskIsTaskSuspended                 0x08005bf0   Section        0  tasks.o(i.prvTaskIsTaskSuspended)
    prvTaskIsTaskSuspended                   0x08005bf1   Thumb Code    72  tasks.o(i.prvTaskIsTaskSuspended)
    i.prvTimerTask                           0x08005c68   Section        0  timers.o(i.prvTimerTask)
    prvTimerTask                             0x08005c69   Thumb Code    26  timers.o(i.prvTimerTask)
    i.prvUnlockQueue                         0x08005c82   Section        0  queue.o(i.prvUnlockQueue)
    prvUnlockQueue                           0x08005c83   Thumb Code   146  queue.o(i.prvUnlockQueue)
    i.pvPortMalloc                           0x08005d14   Section        0  heap_4.o(i.pvPortMalloc)
    i.pvTaskIncrementMutexHeldCount          0x08005e64   Section        0  tasks.o(i.pvTaskIncrementMutexHeldCount)
    i.pxPortInitialiseStack                  0x08005e84   Section        0  port.o(i.pxPortInitialiseStack)
    i.rbCanRead                              0x08005ea8   Section        0  ringbuffer.o(i.rbCanRead)
    i.rbCanWrite                             0x08005ee0   Section        0  ringbuffer.o(i.rbCanWrite)
    i.rbCapacity                             0x08005efe   Section        0  ringbuffer.o(i.rbCapacity)
    i.rbCreate                               0x08005f0c   Section        0  ringbuffer.o(i.rbCreate)
    i.rbRead                                 0x08005f22   Section        0  ringbuffer.o(i.rbRead)
    i.rbWrite                                0x08005fc4   Section        0  ringbuffer.o(i.rbWrite)
    i.uartWrite                              0x08006060   Section        0  gizwits_product.o(i.uartWrite)
    i.userHandle                             0x080060b8   Section        0  gizwits_product.o(i.userHandle)
    i.uxListRemove                           0x080060ba   Section        0  list.o(i.uxListRemove)
    i.vListInitialise                        0x080060e2   Section        0  list.o(i.vListInitialise)
    i.vListInitialiseItem                    0x080060fc   Section        0  list.o(i.vListInitialiseItem)
    i.vListInsert                            0x08006102   Section        0  list.o(i.vListInsert)
    i.vListInsertEnd                         0x08006136   Section        0  list.o(i.vListInsertEnd)
    i.vPortEnterCritical                     0x08006150   Section        0  port.o(i.vPortEnterCritical)
    i.vPortExitCritical                      0x080061d4   Section        0  port.o(i.vPortExitCritical)
    i.vPortFree                              0x08006240   Section        0  heap_4.o(i.vPortFree)
    i.vPortSetupTimerInterrupt               0x080062f4   Section        0  port.o(i.vPortSetupTimerInterrupt)
    i.vPortSuppressTicksAndSleep             0x08006350   Section        0  port.o(i.vPortSuppressTicksAndSleep)
    i.vPortValidateInterruptPriority         0x0800649c   Section        0  port.o(i.vPortValidateInterruptPriority)
    i.vQueueAddToRegistry                    0x08006538   Section        0  queue.o(i.vQueueAddToRegistry)
    i.vQueueWaitForMessageRestricted         0x08006564   Section        0  queue.o(i.vQueueWaitForMessageRestricted)
    i.vTaskDelay                             0x080065b0   Section        0  tasks.o(i.vTaskDelay)
    i.vTaskDelete                            0x08006628   Section        0  tasks.o(i.vTaskDelete)
    i.vTaskMissedYield                       0x08006738   Section        0  tasks.o(i.vTaskMissedYield)
    i.vTaskPlaceOnEventList                  0x08006744   Section        0  tasks.o(i.vTaskPlaceOnEventList)
    i.vTaskPlaceOnEventListRestricted        0x0800679c   Section        0  tasks.o(i.vTaskPlaceOnEventListRestricted)
    i.vTaskPriorityInherit                   0x080067fc   Section        0  tasks.o(i.vTaskPriorityInherit)
    i.vTaskSetTimeOutState                   0x080068ac   Section        0  tasks.o(i.vTaskSetTimeOutState)
    i.vTaskStartScheduler                    0x080068fc   Section        0  tasks.o(i.vTaskStartScheduler)
    i.vTaskStepTick                          0x080069ac   Section        0  tasks.o(i.vTaskStepTick)
    i.vTaskSuspend                           0x08006a10   Section        0  tasks.o(i.vTaskSuspend)
    i.vTaskSuspendAll                        0x08006b14   Section        0  tasks.o(i.vTaskSuspendAll)
    i.vTaskSwitchContext                     0x08006b24   Section        0  tasks.o(i.vTaskSwitchContext)
    i.xPortStartScheduler                    0x08006bd0   Section        0  port.o(i.xPortStartScheduler)
    i.xPortSysTickHandler                    0x08006c70   Section        0  port.o(i.xPortSysTickHandler)
    i.xQueueCreateMutex                      0x08006ca4   Section        0  queue.o(i.xQueueCreateMutex)
    i.xQueueGenericCreate                    0x08006cc8   Section        0  queue.o(i.xQueueGenericCreate)
    i.xQueueGenericReceive                   0x08006d40   Section        0  queue.o(i.xQueueGenericReceive)
    i.xQueueGenericReset                     0x08006f0c   Section        0  queue.o(i.xQueueGenericReset)
    i.xQueueGenericSend                      0x08006fc0   Section        0  queue.o(i.xQueueGenericSend)
    i.xQueueGenericSendFromISR               0x08007188   Section        0  queue.o(i.xQueueGenericSendFromISR)
    i.xTaskCheckForTimeOut                   0x0800729c   Section        0  tasks.o(i.xTaskCheckForTimeOut)
    i.xTaskCreate                            0x08007340   Section        0  tasks.o(i.xTaskCreate)
    i.xTaskGetSchedulerState                 0x080073a0   Section        0  tasks.o(i.xTaskGetSchedulerState)
    i.xTaskGetTickCount                      0x080073c0   Section        0  tasks.o(i.xTaskGetTickCount)
    i.xTaskIncrementTick                     0x080073cc   Section        0  tasks.o(i.xTaskIncrementTick)
    i.xTaskPriorityDisinherit                0x08007530   Section        0  tasks.o(i.xTaskPriorityDisinherit)
    i.xTaskRemoveFromEventList               0x0800760c   Section        0  tasks.o(i.xTaskRemoveFromEventList)
    i.xTaskResumeAll                         0x080076c8   Section        0  tasks.o(i.xTaskResumeAll)
    i.xTaskResumeFromISR                     0x080077ec   Section        0  tasks.o(i.xTaskResumeFromISR)
    i.xTimerCreateTimerTask                  0x080078bc   Section        0  timers.o(i.xTimerCreateTimerTask)
    i.xTimerGenericCommand                   0x08007934   Section        0  timers.o(i.xTimerGenericCommand)
    .constdata                               0x080079dc   Section     2072  oled.o(.constdata)
    .data                                    0x20000000   Section       56  main.o(.data)
    AppTaskCreate_Handle                     0x20000000   Data           4  main.o(.data)
    MuxSem_Handle                            0x20000010   Data           4  main.o(.data)
    .data                                    0x20000038   Section       20  stm32f10x_rcc.o(.data)
    APBAHBPrescTable                         0x20000038   Data          16  stm32f10x_rcc.o(.data)
    ADCPrescTable                            0x20000048   Data           4  stm32f10x_rcc.o(.data)
    .data                                    0x2000004c   Section       20  system_stm32f10x.o(.data)
    .data                                    0x20000060   Section        4  uart.o(.data)
    .data                                    0x20000064   Section        4  gizwits_product.o(.data)
    timerMsCount                             0x20000064   Data           4  gizwits_product.o(.data)
    .data                                    0x20000068   Section       16  gizwits_protocol.o(.data)
    lastReportTime                           0x20000068   Data           4  gizwits_protocol.o(.data)
    lastRepTime                              0x2000006c   Data           4  gizwits_protocol.o(.data)
    protocolFlag                             0x20000070   Data           1  gizwits_protocol.o(.data)
    protocolCount                            0x20000072   Data           2  gizwits_protocol.o(.data)
    lastData                                 0x20000074   Data           1  gizwits_protocol.o(.data)
    debugCount                               0x20000075   Data           1  gizwits_protocol.o(.data)
    lastStatus                               0x20000076   Data           2  gizwits_protocol.o(.data)
    .data                                    0x20000078   Section     1344  oled.o(.data)
    .data                                    0x200005b8   Section       60  tasks.o(.data)
    pxDelayedTaskList                        0x200005bc   Data           4  tasks.o(.data)
    pxOverflowDelayedTaskList                0x200005c0   Data           4  tasks.o(.data)
    uxDeletedTasksWaitingCleanUp             0x200005c4   Data           4  tasks.o(.data)
    uxCurrentNumberOfTasks                   0x200005c8   Data           4  tasks.o(.data)
    xTickCount                               0x200005cc   Data           4  tasks.o(.data)
    uxTopReadyPriority                       0x200005d0   Data           4  tasks.o(.data)
    xSchedulerRunning                        0x200005d4   Data           4  tasks.o(.data)
    uxPendedTicks                            0x200005d8   Data           4  tasks.o(.data)
    xYieldPending                            0x200005dc   Data           4  tasks.o(.data)
    xNumOfOverflows                          0x200005e0   Data           4  tasks.o(.data)
    uxTaskNumber                             0x200005e4   Data           4  tasks.o(.data)
    xNextTaskUnblockTime                     0x200005e8   Data           4  tasks.o(.data)
    xIdleTaskHandle                          0x200005ec   Data           4  tasks.o(.data)
    uxSchedulerSuspended                     0x200005f0   Data           4  tasks.o(.data)
    .data                                    0x200005f4   Section       20  timers.o(.data)
    pxCurrentTimerList                       0x200005f4   Data           4  timers.o(.data)
    pxOverflowTimerList                      0x200005f8   Data           4  timers.o(.data)
    xTimerQueue                              0x200005fc   Data           4  timers.o(.data)
    xTimerTaskHandle                         0x20000600   Data           4  timers.o(.data)
    xLastTime                                0x20000604   Data           4  timers.o(.data)
    .data                                    0x20000608   Section       24  heap_4.o(.data)
    xStart                                   0x20000608   Data           8  heap_4.o(.data)
    pxEnd                                    0x20000610   Data           4  heap_4.o(.data)
    xFreeBytesRemaining                      0x20000614   Data           4  heap_4.o(.data)
    xMinimumEverFreeBytesRemaining           0x20000618   Data           4  heap_4.o(.data)
    xBlockAllocatedBit                       0x2000061c   Data           4  heap_4.o(.data)
    .data                                    0x20000620   Section       24  port.o(.data)
    uxCriticalNesting                        0x20000620   Data           4  port.o(.data)
    ulTimerCountsForOneTick                  0x20000624   Data           4  port.o(.data)
    xMaximumPossibleSuppressedTicks          0x20000628   Data           4  port.o(.data)
    ulStoppedTimerCompensation               0x2000062c   Data           4  port.o(.data)
    ucMaxSysCallPriority                     0x20000630   Data           1  port.o(.data)
    ulMaxPRIGROUPValue                       0x20000634   Data           4  port.o(.data)
    .bss                                     0x20000638   Section       24  main.o(.bss)
    .bss                                     0x20000650   Section      130  dma.o(.bss)
    .bss                                     0x200006d2   Section      389  gizwits_protocol.o(.bss)
    rbBuf                                    0x2000081d   Data          58  gizwits_protocol.o(.bss)
    .bss                                     0x20000858   Section       80  queue.o(.bss)
    .bss                                     0x200008a8   Section      740  tasks.o(.bss)
    pxReadyTasksLists                        0x200008a8   Data         640  tasks.o(.bss)
    xDelayedTaskList1                        0x20000b28   Data          20  tasks.o(.bss)
    xDelayedTaskList2                        0x20000b3c   Data          20  tasks.o(.bss)
    xPendingReadyList                        0x20000b50   Data          20  tasks.o(.bss)
    xTasksWaitingTermination                 0x20000b64   Data          20  tasks.o(.bss)
    xSuspendedTaskList                       0x20000b78   Data          20  tasks.o(.bss)
    .bss                                     0x20000b8c   Section       40  timers.o(.bss)
    xActiveTimerList1                        0x20000b8c   Data          20  timers.o(.bss)
    xActiveTimerList2                        0x20000ba0   Data          20  timers.o(.bss)
    .bss                                     0x20000bb4   Section    36864  heap_4.o(.bss)
    ucHeap                                   0x20000bb4   Data       36864  heap_4.o(.bss)
    STACK                                    0x20009bb8   Section     1024  startup_stm32f10x_hd.o(STACK)

    Global Symbols

    Symbol Name                              Value     Ov Type        Size  Object(Section)

    BuildAttributes$$THM_ISAv4$P$D$K$B$S$PE$A:L22UL41UL21$X:L11$S22US41US21$IEEE1$IW$USESV6$~STKCKD$USESV7$~SHL$OTIME$ROPI$EBA8$MICROLIB$REQ8$PRES8$EABIv2 0x00000000   Number         0  anon$$obj.o ABSOLUTE
    __ARM_use_no_argv                        0x00000000   Number         0  main.o ABSOLUTE
    __use_no_errno                           0x00000000   Number         0  useno.o ABSOLUTE
    __use_no_exception_handling              0x00000000   Number         0  useno.o ABSOLUTE
    __use_no_fp                              0x00000000   Number         0  useno.o ABSOLUTE
    __use_no_heap                            0x00000000   Number         0  useno.o ABSOLUTE
    __use_no_heap_region                     0x00000000   Number         0  useno.o ABSOLUTE
    __use_no_semihosting                     0x00000000   Number         0  useno.o ABSOLUTE
    __use_no_semihosting_swi                 0x00000000   Number         0  useno.o ABSOLUTE
    __use_no_signal_handling                 0x00000000   Number         0  useno.o ABSOLUTE
    _printf_a                                0x00000000   Number         0  stubs.o ABSOLUTE
    _printf_c                                0x00000000   Number         0  stubs.o ABSOLUTE
    _printf_charcount                        0x00000000   Number         0  stubs.o ABSOLUTE
    _printf_d                                0x00000000   Number         0  stubs.o ABSOLUTE
    _printf_e                                0x00000000   Number         0  stubs.o ABSOLUTE
    _printf_f                                0x00000000   Number         0  stubs.o ABSOLUTE
    _printf_flags                            0x00000000   Number         0  stubs.o ABSOLUTE
    _printf_fp_dec                           0x00000000   Number         0  stubs.o ABSOLUTE
    _printf_fp_hex                           0x00000000   Number         0  stubs.o ABSOLUTE
    _printf_g                                0x00000000   Number         0  stubs.o ABSOLUTE
    _printf_i                                0x00000000   Number         0  stubs.o ABSOLUTE
    _printf_int_dec                          0x00000000   Number         0  stubs.o ABSOLUTE
    _printf_l                                0x00000000   Number         0  stubs.o ABSOLUTE
    _printf_lc                               0x00000000   Number         0  stubs.o ABSOLUTE
    _printf_ll                               0x00000000   Number         0  stubs.o ABSOLUTE
    _printf_lld                              0x00000000   Number         0  stubs.o ABSOLUTE
    _printf_lli                              0x00000000   Number         0  stubs.o ABSOLUTE
    _printf_llo                              0x00000000   Number         0  stubs.o ABSOLUTE
    _printf_llu                              0x00000000   Number         0  stubs.o ABSOLUTE
    _printf_llx                              0x00000000   Number         0  stubs.o ABSOLUTE
    _printf_longlong_dec                     0x00000000   Number         0  stubs.o ABSOLUTE
    _printf_longlong_hex                     0x00000000   Number         0  stubs.o ABSOLUTE
    _printf_longlong_oct                     0x00000000   Number         0  stubs.o ABSOLUTE
    _printf_ls                               0x00000000   Number         0  stubs.o ABSOLUTE
    _printf_mbtowc                           0x00000000   Number         0  stubs.o ABSOLUTE
    _printf_n                                0x00000000   Number         0  stubs.o ABSOLUTE
    _printf_o                                0x00000000   Number         0  stubs.o ABSOLUTE
    _printf_p                                0x00000000   Number         0  stubs.o ABSOLUTE
    _printf_percent                          0x00000000   Number         0  stubs.o ABSOLUTE
    _printf_pre_padding                      0x00000000   Number         0  stubs.o ABSOLUTE
    _printf_return_value                     0x00000000   Number         0  stubs.o ABSOLUTE
    _printf_s                                0x00000000   Number         0  stubs.o ABSOLUTE
    _printf_sizespec                         0x00000000   Number         0  stubs.o ABSOLUTE
    _printf_str                              0x00000000   Number         0  stubs.o ABSOLUTE
    _printf_truncate_signed                  0x00000000   Number         0  stubs.o ABSOLUTE
    _printf_truncate_unsigned                0x00000000   Number         0  stubs.o ABSOLUTE
    _printf_u                                0x00000000   Number         0  stubs.o ABSOLUTE
    _printf_wc                               0x00000000   Number         0  stubs.o ABSOLUTE
    _printf_wctomb                           0x00000000   Number         0  stubs.o ABSOLUTE
    _printf_widthprec                        0x00000000   Number         0  stubs.o ABSOLUTE
    _printf_x                                0x00000000   Number         0  stubs.o ABSOLUTE
    __cpp_initialize__aeabi_                  - Undefined Weak Reference
    __cxa_finalize                            - Undefined Weak Reference
    _clock_init                               - Undefined Weak Reference
    _microlib_exit                            - Undefined Weak Reference
    __Vectors_Size                           0x00000130   Number         0  startup_stm32f10x_hd.o ABSOLUTE
    __Vectors                                0x08000000   Data           4  startup_stm32f10x_hd.o(RESET)
    __Vectors_End                            0x08000130   Data           0  startup_stm32f10x_hd.o(RESET)
    __main                                   0x08000131   Thumb Code     0  entry.o(.ARM.Collect$$$$00000000)
    _main_stk                                0x08000131   Thumb Code     0  entry2.o(.ARM.Collect$$$$00000001)
    _main_scatterload                        0x08000135   Thumb Code     0  entry5.o(.ARM.Collect$$$$00000004)
    __main_after_scatterload                 0x08000139   Thumb Code     0  entry5.o(.ARM.Collect$$$$00000004)
    _main_clock                              0x08000139   Thumb Code     0  entry7b.o(.ARM.Collect$$$$00000008)
    _main_cpp_init                           0x08000139   Thumb Code     0  entry8b.o(.ARM.Collect$$$$0000000A)
    _main_init                               0x08000139   Thumb Code     0  entry9a.o(.ARM.Collect$$$$0000000B)
    __rt_final_cpp                           0x08000141   Thumb Code     0  entry10a.o(.ARM.Collect$$$$0000000D)
    __rt_final_exit                          0x08000141   Thumb Code     0  entry11a.o(.ARM.Collect$$$$0000000F)
    SVC_Handler                              0x08000145   Thumb Code    32  port.o(.emb_text)
    __asm___6_port_c_39a90d8d__prvStartFirstTask 0x08000169   Thumb Code    28  port.o(.emb_text)
    PendSV_Handler                           0x08000189   Thumb Code    72  port.o(.emb_text)
    vPortGetIPSR                             0x080001d5   Thumb Code     6  port.o(.emb_text)
    Reset_Handler                            0x080001dd   Thumb Code     8  startup_stm32f10x_hd.o(.text)
    ADC1_2_IRQHandler                        0x080001f7   Thumb Code     0  startup_stm32f10x_hd.o(.text)
    ADC3_IRQHandler                          0x080001f7   Thumb Code     0  startup_stm32f10x_hd.o(.text)
    CAN1_RX1_IRQHandler                      0x080001f7   Thumb Code     0  startup_stm32f10x_hd.o(.text)
    CAN1_SCE_IRQHandler                      0x080001f7   Thumb Code     0  startup_stm32f10x_hd.o(.text)
    DMA1_Channel1_IRQHandler                 0x080001f7   Thumb Code     0  startup_stm32f10x_hd.o(.text)
    DMA1_Channel2_IRQHandler                 0x080001f7   Thumb Code     0  startup_stm32f10x_hd.o(.text)
    DMA1_Channel3_IRQHandler                 0x080001f7   Thumb Code     0  startup_stm32f10x_hd.o(.text)
    DMA1_Channel4_IRQHandler                 0x080001f7   Thumb Code     0  startup_stm32f10x_hd.o(.text)
    DMA1_Channel5_IRQHandler                 0x080001f7   Thumb Code     0  startup_stm32f10x_hd.o(.text)
    DMA1_Channel6_IRQHandler                 0x080001f7   Thumb Code     0  startup_stm32f10x_hd.o(.text)
    DMA1_Channel7_IRQHandler                 0x080001f7   Thumb Code     0  startup_stm32f10x_hd.o(.text)
    DMA2_Channel1_IRQHandler                 0x080001f7   Thumb Code     0  startup_stm32f10x_hd.o(.text)
    DMA2_Channel2_IRQHandler                 0x080001f7   Thumb Code     0  startup_stm32f10x_hd.o(.text)
    DMA2_Channel3_IRQHandler                 0x080001f7   Thumb Code     0  startup_stm32f10x_hd.o(.text)
    DMA2_Channel4_5_IRQHandler               0x080001f7   Thumb Code     0  startup_stm32f10x_hd.o(.text)
    EXTI0_IRQHandler                         0x080001f7   Thumb Code     0  startup_stm32f10x_hd.o(.text)
    EXTI15_10_IRQHandler                     0x080001f7   Thumb Code     0  startup_stm32f10x_hd.o(.text)
    EXTI1_IRQHandler                         0x080001f7   Thumb Code     0  startup_stm32f10x_hd.o(.text)
    EXTI2_IRQHandler                         0x080001f7   Thumb Code     0  startup_stm32f10x_hd.o(.text)
    EXTI3_IRQHandler                         0x080001f7   Thumb Code     0  startup_stm32f10x_hd.o(.text)
    EXTI4_IRQHandler                         0x080001f7   Thumb Code     0  startup_stm32f10x_hd.o(.text)
    FLASH_IRQHandler                         0x080001f7   Thumb Code     0  startup_stm32f10x_hd.o(.text)
    FSMC_IRQHandler                          0x080001f7   Thumb Code     0  startup_stm32f10x_hd.o(.text)
    I2C1_ER_IRQHandler                       0x080001f7   Thumb Code     0  startup_stm32f10x_hd.o(.text)
    I2C1_EV_IRQHandler                       0x080001f7   Thumb Code     0  startup_stm32f10x_hd.o(.text)
    I2C2_ER_IRQHandler                       0x080001f7   Thumb Code     0  startup_stm32f10x_hd.o(.text)
    I2C2_EV_IRQHandler                       0x080001f7   Thumb Code     0  startup_stm32f10x_hd.o(.text)
    PVD_IRQHandler                           0x080001f7   Thumb Code     0  startup_stm32f10x_hd.o(.text)
    RCC_IRQHandler                           0x080001f7   Thumb Code     0  startup_stm32f10x_hd.o(.text)
    RTCAlarm_IRQHandler                      0x080001f7   Thumb Code     0  startup_stm32f10x_hd.o(.text)
    RTC_IRQHandler                           0x080001f7   Thumb Code     0  startup_stm32f10x_hd.o(.text)
    SDIO_IRQHandler                          0x080001f7   Thumb Code     0  startup_stm32f10x_hd.o(.text)
    SPI1_IRQHandler                          0x080001f7   Thumb Code     0  startup_stm32f10x_hd.o(.text)
    SPI2_IRQHandler                          0x080001f7   Thumb Code     0  startup_stm32f10x_hd.o(.text)
    SPI3_IRQHandler                          0x080001f7   Thumb Code     0  startup_stm32f10x_hd.o(.text)
    TAMPER_IRQHandler                        0x080001f7   Thumb Code     0  startup_stm32f10x_hd.o(.text)
    TIM1_BRK_IRQHandler                      0x080001f7   Thumb Code     0  startup_stm32f10x_hd.o(.text)
    TIM1_CC_IRQHandler                       0x080001f7   Thumb Code     0  startup_stm32f10x_hd.o(.text)
    TIM1_TRG_COM_IRQHandler                  0x080001f7   Thumb Code     0  startup_stm32f10x_hd.o(.text)
    TIM1_UP_IRQHandler                       0x080001f7   Thumb Code     0  startup_stm32f10x_hd.o(.text)
    TIM2_IRQHandler                          0x080001f7   Thumb Code     0  startup_stm32f10x_hd.o(.text)
    TIM4_IRQHandler                          0x080001f7   Thumb Code     0  startup_stm32f10x_hd.o(.text)
    TIM5_IRQHandler                          0x080001f7   Thumb Code     0  startup_stm32f10x_hd.o(.text)
    TIM8_BRK_IRQHandler                      0x080001f7   Thumb Code     0  startup_stm32f10x_hd.o(.text)
    TIM8_CC_IRQHandler                       0x080001f7   Thumb Code     0  startup_stm32f10x_hd.o(.text)
    TIM8_TRG_COM_IRQHandler                  0x080001f7   Thumb Code     0  startup_stm32f10x_hd.o(.text)
    TIM8_UP_IRQHandler                       0x080001f7   Thumb Code     0  startup_stm32f10x_hd.o(.text)
    UART4_IRQHandler                         0x080001f7   Thumb Code     0  startup_stm32f10x_hd.o(.text)
    UART5_IRQHandler                         0x080001f7   Thumb Code     0  startup_stm32f10x_hd.o(.text)
    USART1_IRQHandler                        0x080001f7   Thumb Code     0  startup_stm32f10x_hd.o(.text)
    USBWakeUp_IRQHandler                     0x080001f7   Thumb Code     0  startup_stm32f10x_hd.o(.text)
    USB_HP_CAN1_TX_IRQHandler                0x080001f7   Thumb Code     0  startup_stm32f10x_hd.o(.text)
    USB_LP_CAN1_RX0_IRQHandler               0x080001f7   Thumb Code     0  startup_stm32f10x_hd.o(.text)
    WWDG_IRQHandler                          0x080001f7   Thumb Code     0  startup_stm32f10x_hd.o(.text)
    __aeabi_memcpy                           0x08000201   Thumb Code    36  memcpya.o(.text)
    __aeabi_memcpy4                          0x08000201   Thumb Code     0  memcpya.o(.text)
    __aeabi_memcpy8                          0x08000201   Thumb Code     0  memcpya.o(.text)
    __aeabi_memset                           0x08000225   Thumb Code    14  memseta.o(.text)
    __aeabi_memset4                          0x08000225   Thumb Code     0  memseta.o(.text)
    __aeabi_memset8                          0x08000225   Thumb Code     0  memseta.o(.text)
    __aeabi_memclr                           0x08000233   Thumb Code     4  memseta.o(.text)
    __aeabi_memclr4                          0x08000233   Thumb Code     0  memseta.o(.text)
    __aeabi_memclr8                          0x08000233   Thumb Code     0  memseta.o(.text)
    _memset$wrapper                          0x08000237   Thumb Code    18  memseta.o(.text)
    __aeabi_fmul                             0x08000249   Thumb Code   100  fmul.o(.text)
    __aeabi_dmul                             0x080002ad   Thumb Code   228  dmul.o(.text)
    __aeabi_ddiv                             0x08000391   Thumb Code   222  ddiv.o(.text)
    __aeabi_i2d                              0x0800046f   Thumb Code    34  dflti.o(.text)
    __aeabi_f2iz                             0x08000491   Thumb Code    50  ffixi.o(.text)
    __aeabi_f2uiz                            0x080004c3   Thumb Code    40  ffixui.o(.text)
    __aeabi_f2d                              0x080004eb   Thumb Code    38  f2d.o(.text)
    __aeabi_d2f                              0x08000511   Thumb Code    56  d2f.o(.text)
    __aeabi_cfcmpeq                          0x08000549   Thumb Code     0  cfcmple.o(.text)
    __aeabi_cfcmple                          0x08000549   Thumb Code    20  cfcmple.o(.text)
    __aeabi_uidiv                            0x0800055d   Thumb Code     0  uidiv.o(.text)
    __aeabi_uidivmod                         0x0800055d   Thumb Code    44  uidiv.o(.text)
    __aeabi_uldivmod                         0x08000589   Thumb Code    98  uldiv.o(.text)
    __I$use$fp                               0x080005eb   Thumb Code     0  iusefp.o(.text)
    _float_round                             0x080005eb   Thumb Code    18  fepilogue.o(.text)
    _float_epilogue                          0x080005fd   Thumb Code    92  fepilogue.o(.text)
    _double_round                            0x08000659   Thumb Code    30  depilogue.o(.text)
    _double_epilogue                         0x08000677   Thumb Code   156  depilogue.o(.text)
    __aeabi_dadd                             0x08000713   Thumb Code   322  dadd.o(.text)
    __aeabi_dsub                             0x08000855   Thumb Code     6  dadd.o(.text)
    __aeabi_drsub                            0x0800085b   Thumb Code     6  dadd.o(.text)
    __aeabi_d2ulz                            0x08000861   Thumb Code    48  dfixul.o(.text)
    __aeabi_cdrcmple                         0x08000891   Thumb Code    48  cdrcmple.o(.text)
    __scatterload                            0x080008c1   Thumb Code    28  init.o(.text)
    __scatterload_rt2                        0x080008c1   Thumb Code     0  init.o(.text)
    __aeabi_llsl                             0x080008e5   Thumb Code    30  llshl.o(.text)
    _ll_shift_l                              0x080008e5   Thumb Code     0  llshl.o(.text)
    __aeabi_llsr                             0x08000903   Thumb Code    32  llushr.o(.text)
    _ll_ushift_r                             0x08000903   Thumb Code     0  llushr.o(.text)
    __aeabi_lasr                             0x08000923   Thumb Code    36  llsshr.o(.text)
    _ll_sshift_r                             0x08000923   Thumb Code     0  llsshr.o(.text)
    __decompress                             0x08000947   Thumb Code     0  __dclz77c.o(.text)
    __decompress2                            0x08000947   Thumb Code    94  __dclz77c.o(.text)
    ADC1_InitConfig                          0x080009a5   Thumb Code   164  adc.o(i.ADC1_InitConfig)
    ADC_Cmd                                  0x08000a51   Thumb Code    22  stm32f10x_adc.o(i.ADC_Cmd)
    ADC_DMACmd                               0x08000a67   Thumb Code    22  stm32f10x_adc.o(i.ADC_DMACmd)
    ADC_GetCalibrationStatus                 0x08000a7d   Thumb Code    20  stm32f10x_adc.o(i.ADC_GetCalibrationStatus)
    ADC_GetResetCalibrationStatus            0x08000a91   Thumb Code    20  stm32f10x_adc.o(i.ADC_GetResetCalibrationStatus)
    ADC_Init                                 0x08000aa5   Thumb Code    70  stm32f10x_adc.o(i.ADC_Init)
    ADC_RegularChannelConfig                 0x08000af5   Thumb Code   184  stm32f10x_adc.o(i.ADC_RegularChannelConfig)
    ADC_ResetCalibration                     0x08000bad   Thumb Code    10  stm32f10x_adc.o(i.ADC_ResetCalibration)
    ADC_SoftwareStartConvCmd                 0x08000bb7   Thumb Code    22  stm32f10x_adc.o(i.ADC_SoftwareStartConvCmd)
    ADC_StartCalibration                     0x08000bcd   Thumb Code    10  stm32f10x_adc.o(i.ADC_StartCalibration)
    BSP_Init                                 0x08000d3d   Thumb Code    72  main.o(i.BSP_Init)
    BusFault_Handler                         0x08000d95   Thumb Code     4  stm32f10x_it.o(i.BusFault_Handler)
    DHT11_CheckResponse                      0x08000d99   Thumb Code    86  dht11.o(i.DHT11_CheckResponse)
    DHT11_GPIO_Pin_InitCnofig                0x08000df5   Thumb Code    82  dht11.o(i.DHT11_GPIO_Pin_InitCnofig)
    DHT11_Input                              0x08000e4d   Thumb Code    30  dht11.o(i.DHT11_Input)
    DHT11_Output                             0x08000e71   Thumb Code    30  dht11.o(i.DHT11_Output)
    DHT11_ReadBit                            0x08000e95   Thumb Code    88  dht11.o(i.DHT11_ReadBit)
    DHT11_ReadByte                           0x08000ef1   Thumb Code    30  dht11.o(i.DHT11_ReadByte)
    DHT11_ReadData                           0x08000f0f   Thumb Code    90  dht11.o(i.DHT11_ReadData)
    DHT11_SendReset                          0x08000f69   Thumb Code    40  dht11.o(i.DHT11_SendReset)
    DMA_Cmd                                  0x08000f95   Thumb Code    24  stm32f10x_dma.o(i.DMA_Cmd)
    DMA_Init                                 0x08000fad   Thumb Code    60  stm32f10x_dma.o(i.DMA_Init)
    DMA_InitConfig_P2M                       0x08000fe9   Thumb Code    88  dma.o(i.DMA_InitConfig_P2M)
    DebugMon_Handler                         0x0800104d   Thumb Code     2  stm32f10x_it.o(i.DebugMon_Handler)
    EXTI9_5_IRQHandler                       0x08001051   Thumb Code    86  exti.o(i.EXTI9_5_IRQHandler)
    EXTI_ClearITPendingBit                   0x080010b1   Thumb Code     6  stm32f10x_exti.o(i.EXTI_ClearITPendingBit)
    EXTI_GetITStatus                         0x080010bd   Thumb Code    34  stm32f10x_exti.o(i.EXTI_GetITStatus)
    EXTI_Init                                0x080010e5   Thumb Code   142  stm32f10x_exti.o(i.EXTI_Init)
    GPIO_EXTILineConfig                      0x080013fd   Thumb Code    60  stm32f10x_gpio.o(i.GPIO_EXTILineConfig)
    GPIO_Init                                0x0800143d   Thumb Code   278  stm32f10x_gpio.o(i.GPIO_Init)
    GPIO_PinRemapConfig                      0x08001555   Thumb Code   138  stm32f10x_gpio.o(i.GPIO_PinRemapConfig)
    GPIO_ReadInputDataBit                    0x080015e5   Thumb Code    18  stm32f10x_gpio.o(i.GPIO_ReadInputDataBit)
    GPIO_ResetBits                           0x080015f7   Thumb Code     4  stm32f10x_gpio.o(i.GPIO_ResetBits)
    GPIO_SetBits                             0x080015fb   Thumb Code     4  stm32f10x_gpio.o(i.GPIO_SetBits)
    GetValue_ADC_Average                     0x08001601   Thumb Code    38  dma.o(i.GetValue_ADC_Average)
    Gizwits_Init                             0x0800162d   Thumb Code    28  main.o(i.Gizwits_Init)
    HardFault_Handler                        0x0800164d   Thumb Code     4  stm32f10x_it.o(i.HardFault_Handler)
    IIC_GPIO_Pin_InitCnofig                  0x08001651   Thumb Code    46  iic.o(i.IIC_GPIO_Pin_InitCnofig)
    IIC_Receive_Byte                         0x08001685   Thumb Code    86  iic.o(i.IIC_Receive_Byte)
    IIC_SDA_Input                            0x080016e1   Thumb Code    30  iic.o(i.IIC_SDA_Input)
    IIC_SDA_Output                           0x08001705   Thumb Code    30  iic.o(i.IIC_SDA_Output)
    IIC_Send_ACK                             0x08001729   Thumb Code    52  iic.o(i.IIC_Send_ACK)
    IIC_Send_Byte                            0x08001761   Thumb Code    88  iic.o(i.IIC_Send_Byte)
    IIC_Send_NACK                            0x080017bd   Thumb Code    52  iic.o(i.IIC_Send_NACK)
    IIC_Start                                0x080017f5   Thumb Code    52  iic.o(i.IIC_Start)
    IIC_Stop                                 0x0800182d   Thumb Code    52  iic.o(i.IIC_Stop)
    IIC_Wait_ACK                             0x08001865   Thumb Code    78  iic.o(i.IIC_Wait_ACK)
    MemManage_Handler                        0x080018b9   Thumb Code     4  stm32f10x_it.o(i.MemManage_Handler)
    NMI_Handler                              0x080018bd   Thumb Code     2  stm32f10x_it.o(i.NMI_Handler)
    NVIC_Init                                0x080018c1   Thumb Code   100  misc.o(i.NVIC_Init)
    NVIC_InitConfig_EXTI                     0x08001931   Thumb Code   100  exti.o(i.NVIC_InitConfig_EXTI)
    NVIC_InitConfig_EXTI8                    0x08001999   Thumb Code   102  exti.o(i.NVIC_InitConfig_EXTI8)
    NVIC_PriorityGroupConfig                 0x08001a05   Thumb Code    10  misc.o(i.NVIC_PriorityGroupConfig)
    OLED_Clear                               0x08001a19   Thumb Code    64  oled.o(i.OLED_Clear)
    OLED_Init                                0x08001a59   Thumb Code   342  oled.o(i.OLED_Init)
    OLED_Set_Pos                             0x08001bb9   Thumb Code    46  oled.o(i.OLED_Set_Pos)
    OLED_ShowCHinese                         0x08001be9   Thumb Code    98  oled.o(i.OLED_ShowCHinese)
    OLED_ShowChar                            0x08001c51   Thumb Code   106  oled.o(i.OLED_ShowChar)
    OLED_ShowNum                             0x08001cc1   Thumb Code   132  oled.o(i.OLED_ShowNum)
    OLED_ShowString                          0x08001d45   Thumb Code    54  oled.o(i.OLED_ShowString)
    OLED_WR_Byte                             0x08001f81   Thumb Code    92  oled.o(i.OLED_WR_Byte)
    PWM_OutPut_InitConfig                    0x08001fe5   Thumb Code   154  tim.o(i.PWM_OutPut_InitConfig)
    RCC_ADCCLKConfig                         0x0800208d   Thumb Code    18  stm32f10x_rcc.o(i.RCC_ADCCLKConfig)
    RCC_AHBPeriphClockCmd                    0x080020a5   Thumb Code    26  stm32f10x_rcc.o(i.RCC_AHBPeriphClockCmd)
    RCC_APB1PeriphClockCmd                   0x080020c5   Thumb Code    26  stm32f10x_rcc.o(i.RCC_APB1PeriphClockCmd)
    RCC_APB1PeriphResetCmd                   0x080020e5   Thumb Code    26  stm32f10x_rcc.o(i.RCC_APB1PeriphResetCmd)
    RCC_APB2PeriphClockCmd                   0x08002105   Thumb Code    26  stm32f10x_rcc.o(i.RCC_APB2PeriphClockCmd)
    RCC_APB2PeriphResetCmd                   0x08002125   Thumb Code    26  stm32f10x_rcc.o(i.RCC_APB2PeriphResetCmd)
    RCC_GetClocksFreq                        0x08002145   Thumb Code   192  stm32f10x_rcc.o(i.RCC_GetClocksFreq)
    SGP30_InitConfig                         0x08002219   Thumb Code    54  iic.o(i.SGP30_InitConfig)
    SGP30_Read                               0x0800224f   Thumb Code   104  iic.o(i.SGP30_Read)
    SGP30_Write                              0x080022b7   Thumb Code    54  iic.o(i.SGP30_Write)
    SysTick_Handler                          0x080023d5   Thumb Code     8  stm32f10x_it.o(i.SysTick_Handler)
    SystemInit                               0x080023dd   Thumb Code    78  system_stm32f10x.o(i.SystemInit)
    TIM3_IRQHandler                          0x0800243d   Thumb Code     8  gizwits_product.o(i.TIM3_IRQHandler)
    TIM6_IRQHandler                          0x08002445   Thumb Code    26  tim.o(i.TIM6_IRQHandler)
    TIM7_IRQHandler                          0x08002465   Thumb Code   160  tim.o(i.TIM7_IRQHandler)
    TIM7_InitConfig                          0x08002595   Thumb Code    84  tim.o(i.TIM7_InitConfig)
    TIM_ARRPreloadConfig                     0x080025ed   Thumb Code    24  stm32f10x_tim.o(i.TIM_ARRPreloadConfig)
    TIM_ClearFlag                            0x08002605   Thumb Code     6  stm32f10x_tim.o(i.TIM_ClearFlag)
    TIM_ClearITPendingBit                    0x0800260b   Thumb Code     6  stm32f10x_tim.o(i.TIM_ClearITPendingBit)
    TIM_Cmd                                  0x08002611   Thumb Code    24  stm32f10x_tim.o(i.TIM_Cmd)
    TIM_GetITStatus                          0x08002629   Thumb Code    34  stm32f10x_tim.o(i.TIM_GetITStatus)
    TIM_ITConfig                             0x0800264b   Thumb Code    18  stm32f10x_tim.o(i.TIM_ITConfig)
    TIM_InitConfig                           0x0800265d   Thumb Code    88  tim.o(i.TIM_InitConfig)
    TIM_OC1Init                              0x080026b9   Thumb Code   132  stm32f10x_tim.o(i.TIM_OC1Init)
    TIM_OC1PreloadConfig                     0x08002751   Thumb Code    18  stm32f10x_tim.o(i.TIM_OC1PreloadConfig)
    TIM_TimeBaseInit                         0x08002765   Thumb Code   122  stm32f10x_tim.o(i.TIM_TimeBaseInit)
    UART3_InitConfig                         0x08002809   Thumb Code   162  uart.o(i.UART3_InitConfig)
    UART_InitConfig                          0x080028b5   Thumb Code   128  uart.o(i.UART_InitConfig)
    USART2_IRQHandler                        0x0800293d   Thumb Code    16  gizwits_product.o(i.USART2_IRQHandler)
    USART3_IRQHandler                        0x0800294d   Thumb Code    38  uart.o(i.USART3_IRQHandler)
    USART_Cmd                                0x08002979   Thumb Code    24  stm32f10x_usart.o(i.USART_Cmd)
    USART_DeInit                             0x08002991   Thumb Code   134  stm32f10x_usart.o(i.USART_DeInit)
    USART_GetFlagStatus                      0x08002a2d   Thumb Code    26  stm32f10x_usart.o(i.USART_GetFlagStatus)
    USART_GetITStatus                        0x08002a47   Thumb Code    84  stm32f10x_usart.o(i.USART_GetITStatus)
    USART_ITConfig                           0x08002a9b   Thumb Code    74  stm32f10x_usart.o(i.USART_ITConfig)
    USART_Init                               0x08002ae5   Thumb Code   210  stm32f10x_usart.o(i.USART_Init)
    USART_ReceiveData                        0x08002bbd   Thumb Code    10  stm32f10x_usart.o(i.USART_ReceiveData)
    USART_SendData                           0x08002bc7   Thumb Code     8  stm32f10x_usart.o(i.USART_SendData)
    UsageFault_Handler                       0x08002bcf   Thumb Code     4  stm32f10x_it.o(i.UsageFault_Handler)
    __0printf                                0x08002bd5   Thumb Code    22  printfa.o(i.__0printf)
    __1printf                                0x08002bd5   Thumb Code     0  printfa.o(i.__0printf)
    __2printf                                0x08002bd5   Thumb Code     0  printfa.o(i.__0printf)
    __c89printf                              0x08002bd5   Thumb Code     0  printfa.o(i.__0printf)
    printf                                   0x08002bd5   Thumb Code     0  printfa.o(i.__0printf)
    __scatterload_copy                       0x08002bf5   Thumb Code    14  handlers.o(i.__scatterload_copy)
    __scatterload_null                       0x08002c03   Thumb Code     2  handlers.o(i.__scatterload_null)
    __scatterload_zeroinit                   0x08002c05   Thumb Code    14  handlers.o(i.__scatterload_zeroinit)
    delay_ms                                 0x080034c7   Thumb Code    24  delay.o(i.delay_ms)
    delay_us                                 0x080034df   Thumb Code    24  delay.o(i.delay_us)
    eTaskConfirmSleepModeStatus              0x080034f9   Thumb Code    42  tasks.o(i.eTaskConfirmSleepModeStatus)
    exchangeBytes                            0x08003535   Thumb Code    26  common.o(i.exchangeBytes)
    exchangeWord                             0x0800354f   Thumb Code    26  common.o(i.exchangeWord)
    fputc                                    0x08003569   Thumb Code    32  uart.o(i.fputc)
    gizGetTimerCount                         0x080038bd   Thumb Code     6  gizwits_product.o(i.gizGetTimerCount)
    gizProtocolSum                           0x080046cd   Thumb Code    38  common.o(i.gizProtocolSum)
    gizPutData                               0x0800479d   Thumb Code    52  gizwits_protocol.o(i.gizPutData)
    gizTimerMs                               0x080048e5   Thumb Code    12  gizwits_product.o(i.gizTimerMs)
    gizY2X                                   0x080048f5   Thumb Code    14  datapointtools.o(i.gizY2X)
    gizwitsEventProcess                      0x08004905   Thumb Code   174  gizwits_product.o(i.gizwitsEventProcess)
    gizwitsHandle                            0x08004a39   Thumb Code   542  gizwits_protocol.o(i.gizwitsHandle)
    gizwitsInit                              0x08004d51   Thumb Code    46  gizwits_protocol.o(i.gizwitsInit)
    gizwitsSetMode                           0x08004db5   Thumb Code   590  gizwits_protocol.o(i.gizwitsSetMode)
    main                                     0x0800503d   Thumb Code    50  main.o(i.main)
    mcuRestart                               0x08005089   Thumb Code    38  gizwits_product.o(i.mcuRestart)
    oled_pow                                 0x080050b9   Thumb Code    22  oled.o(i.oled_pow)
    pvPortMalloc                             0x08005d15   Thumb Code   262  heap_4.o(i.pvPortMalloc)
    pvTaskIncrementMutexHeldCount            0x08005e65   Thumb Code    26  tasks.o(i.pvTaskIncrementMutexHeldCount)
    pxPortInitialiseStack                    0x08005e85   Thumb Code    30  port.o(i.pxPortInitialiseStack)
    rbCanRead                                0x08005ea9   Thumb Code    56  ringbuffer.o(i.rbCanRead)
    rbCanWrite                               0x08005ee1   Thumb Code    30  ringbuffer.o(i.rbCanWrite)
    rbCapacity                               0x08005eff   Thumb Code    14  ringbuffer.o(i.rbCapacity)
    rbCreate                                 0x08005f0d   Thumb Code    22  ringbuffer.o(i.rbCreate)
    rbRead                                   0x08005f23   Thumb Code   162  ringbuffer.o(i.rbRead)
    rbWrite                                  0x08005fc5   Thumb Code   154  ringbuffer.o(i.rbWrite)
    uartWrite                                0x08006061   Thumb Code    82  gizwits_product.o(i.uartWrite)
    userHandle                               0x080060b9   Thumb Code     2  gizwits_product.o(i.userHandle)
    uxListRemove                             0x080060bb   Thumb Code    40  list.o(i.uxListRemove)
    vListInitialise                          0x080060e3   Thumb Code    26  list.o(i.vListInitialise)
    vListInitialiseItem                      0x080060fd   Thumb Code     6  list.o(i.vListInitialiseItem)
    vListInsert                              0x08006103   Thumb Code    52  list.o(i.vListInsert)
    vListInsertEnd                           0x08006137   Thumb Code    24  list.o(i.vListInsertEnd)
    vPortEnterCritical                       0x08006151   Thumb Code    68  port.o(i.vPortEnterCritical)
    vPortExitCritical                        0x080061d5   Thumb Code    48  port.o(i.vPortExitCritical)
    vPortFree                                0x08006241   Thumb Code   120  heap_4.o(i.vPortFree)
    vPortSetupTimerInterrupt                 0x080062f5   Thumb Code    76  port.o(i.vPortSetupTimerInterrupt)
    vPortSuppressTicksAndSleep               0x08006351   Thumb Code   320  port.o(i.vPortSuppressTicksAndSleep)
    vPortValidateInterruptPriority           0x0800649d   Thumb Code    86  port.o(i.vPortValidateInterruptPriority)
    vQueueAddToRegistry                      0x08006539   Thumb Code    38  queue.o(i.vQueueAddToRegistry)
    vQueueWaitForMessageRestricted           0x08006565   Thumb Code    74  queue.o(i.vQueueWaitForMessageRestricted)
    vTaskDelay                               0x080065b1   Thumb Code    72  tasks.o(i.vTaskDelay)
    vTaskDelete                              0x08006629   Thumb Code   192  tasks.o(i.vTaskDelete)
    vTaskMissedYield                         0x08006739   Thumb Code     8  tasks.o(i.vTaskMissedYield)
    vTaskPlaceOnEventList                    0x08006745   Thumb Code    42  tasks.o(i.vTaskPlaceOnEventList)
    vTaskPlaceOnEventListRestricted          0x0800679d   Thumb Code    50  tasks.o(i.vTaskPlaceOnEventListRestricted)
    vTaskPriorityInherit                     0x080067fd   Thumb Code   164  tasks.o(i.vTaskPriorityInherit)
    vTaskSetTimeOutState                     0x080068ad   Thumb Code    32  tasks.o(i.vTaskSetTimeOutState)
    vTaskStartScheduler                      0x080068fd   Thumb Code   108  tasks.o(i.vTaskStartScheduler)
    vTaskStepTick                            0x080069ad   Thumb Code    50  tasks.o(i.vTaskStepTick)
    vTaskSuspend                             0x08006a11   Thumb Code   186  tasks.o(i.vTaskSuspend)
    vTaskSuspendAll                          0x08006b15   Thumb Code    12  tasks.o(i.vTaskSuspendAll)
    vTaskSwitchContext                       0x08006b25   Thumb Code   110  tasks.o(i.vTaskSwitchContext)
    xPortStartScheduler                      0x08006bd1   Thumb Code   140  port.o(i.xPortStartScheduler)
    xPortSysTickHandler                      0x08006c71   Thumb Code    46  port.o(i.xPortSysTickHandler)
    xQueueCreateMutex                        0x08006ca5   Thumb Code    34  queue.o(i.xQueueCreateMutex)
    xQueueGenericCreate                      0x08006cc9   Thumb Code    78  queue.o(i.xQueueGenericCreate)
    xQueueGenericReceive                     0x08006d41   Thumb Code   416  queue.o(i.xQueueGenericReceive)
    xQueueGenericReset                       0x08006f0d   Thumb Code   136  queue.o(i.xQueueGenericReset)
    xQueueGenericSend                        0x08006fc1   Thumb Code   412  queue.o(i.xQueueGenericSend)
    xQueueGenericSendFromISR                 0x08007189   Thumb Code   234  queue.o(i.xQueueGenericSendFromISR)
    xTaskCheckForTimeOut                     0x0800729d   Thumb Code   116  tasks.o(i.xTaskCheckForTimeOut)
    xTaskCreate                              0x08007341   Thumb Code    96  tasks.o(i.xTaskCreate)
    xTaskGetSchedulerState                   0x080073a1   Thumb Code    24  tasks.o(i.xTaskGetSchedulerState)
    xTaskGetTickCount                        0x080073c1   Thumb Code     6  tasks.o(i.xTaskGetTickCount)
    xTaskIncrementTick                       0x080073cd   Thumb Code   272  tasks.o(i.xTaskIncrementTick)
    xTaskPriorityDisinherit                  0x08007531   Thumb Code   168  tasks.o(i.xTaskPriorityDisinherit)
    xTaskRemoveFromEventList                 0x0800760d   Thumb Code   122  tasks.o(i.xTaskRemoveFromEventList)
    xTaskResumeAll                           0x080076c9   Thumb Code   214  tasks.o(i.xTaskResumeAll)
    xTaskResumeFromISR                       0x080077ed   Thumb Code   148  tasks.o(i.xTaskResumeFromISR)
    xTimerCreateTimerTask                    0x080078bd   Thumb Code    56  timers.o(i.xTimerCreateTimerTask)
    xTimerGenericCommand                     0x08007935   Thumb Code   118  timers.o(i.xTimerGenericCommand)
    F6x8                                     0x080079dc   Data         552  oled.o(.constdata)
    F8X16                                    0x08007c04   Data        1520  oled.o(.constdata)
    Region$$Table$$Base                      0x080081f4   Number         0  anon$$obj.o(Region$$Table)
    Region$$Table$$Limit                     0x08008214   Number         0  anon$$obj.o(Region$$Table)
    GETVALUE_Task_Handle                     0x20000004   Data           4  main.o(.data)
    OLED_Task_Handle                         0x20000008   Data           4  main.o(.data)
    GIZWITS_Task_Handle                      0x2000000c   Data           4  main.o(.data)
    ret                                      0x20000014   Data           4  main.o(.data)
    temp1                                    0x20000018   Data           4  main.o(.data)
    temp2                                    0x2000001c   Data           4  main.o(.data)
    work_mode                                0x20000020   Data           4  main.o(.data)
    Flag_Task_close                          0x20000024   Data           4  main.o(.data)
    wendu_value                              0x20000028   Data           1  main.o(.data)
    shidu_value                              0x20000029   Data           1  main.o(.data)
    smoke_value                              0x2000002c   Data           4  main.o(.data)
    CO2_value                                0x20000030   Data           2  main.o(.data)
    TVOC_value                               0x20000032   Data           2  main.o(.data)
    V_value                                  0x20000034   Data           4  main.o(.data)
    SystemCoreClock                          0x2000004c   Data           4  system_stm32f10x.o(.data)
    AHBPrescTable                            0x20000050   Data          16  system_stm32f10x.o(.data)
    __stdout                                 0x20000060   Data           4  uart.o(.data)
    Hzk                                      0x20000078   Data        1344  oled.o(.data)
    pxCurrentTCB                             0x200005b8   Data           4  tasks.o(.data)
    currentDataPoint                         0x20000638   Data          24  main.o(.bss)
    buf                                      0x20000650   Data         120  dma.o(.bss)
    DST                                      0x200006c8   Data          10  dma.o(.bss)
    gizwitsProtocol                          0x200006d2   Data         315  gizwits_protocol.o(.bss)
    pRb                                      0x2000080d   Data          16  gizwits_protocol.o(.bss)
    xQueueRegistry                           0x20000858   Data          80  queue.o(.bss)
    __initial_sp                             0x20009fb8   Data           0  startup_stm32f10x_hd.o(STACK)



==============================================================================

Memory Map of the image

  Image Entry point : 0x08000131

  Load Region LR_IROM1 (Base: 0x08000000, Size: 0x0000884c, Max: 0x00040000, ABSOLUTE, COMPRESSED[0x000083e8])

    Execution Region ER_IROM1 (Exec base: 0x08000000, Load base: 0x08000000, Size: 0x00008214, Max: 0x00040000, ABSOLUTE)

    Exec Addr    Load Addr    Size         Type   Attr      Idx    E Section Name        Object

    0x08000000   0x08000000   0x00000130   Data   RO         3245    RESET               startup_stm32f10x_hd.o
    0x08000130   0x08000130   0x00000000   Code   RO         5180  * .ARM.Collect$$$$00000000  mc_w.l(entry.o)
    0x08000130   0x08000130   0x00000004   Code   RO         5478    .ARM.Collect$$$$00000001  mc_w.l(entry2.o)
    0x08000134   0x08000134   0x00000004   Code   RO         5481    .ARM.Collect$$$$00000004  mc_w.l(entry5.o)
    0x08000138   0x08000138   0x00000000   Code   RO         5483    .ARM.Collect$$$$00000008  mc_w.l(entry7b.o)
    0x08000138   0x08000138   0x00000000   Code   RO         5485    .ARM.Collect$$$$0000000A  mc_w.l(entry8b.o)
    0x08000138   0x08000138   0x00000008   Code   RO         5486    .ARM.Collect$$$$0000000B  mc_w.l(entry9a.o)
    0x08000140   0x08000140   0x00000000   Code   RO         5488    .ARM.Collect$$$$0000000D  mc_w.l(entry10a.o)
    0x08000140   0x08000140   0x00000000   Code   RO         5490    .ARM.Collect$$$$0000000F  mc_w.l(entry11a.o)
    0x08000140   0x08000140   0x00000004   Code   RO         5479    .ARM.Collect$$$$00002712  mc_w.l(entry2.o)
    0x08000144   0x08000144   0x00000096   Code   RO         5093    .emb_text           port.o
    0x080001da   0x080001da   0x00000002   PAD
    0x080001dc   0x080001dc   0x00000024   Code   RO         3246    .text               startup_stm32f10x_hd.o
    0x08000200   0x08000200   0x00000024   Code   RO         5185    .text               mc_w.l(memcpya.o)
    0x08000224   0x08000224   0x00000024   Code   RO         5187    .text               mc_w.l(memseta.o)
    0x08000248   0x08000248   0x00000064   Code   RO         5456    .text               mf_w.l(fmul.o)
    0x080002ac   0x080002ac   0x000000e4   Code   RO         5460    .text               mf_w.l(dmul.o)
    0x08000390   0x08000390   0x000000de   Code   RO         5462    .text               mf_w.l(ddiv.o)
    0x0800046e   0x0800046e   0x00000022   Code   RO         5466    .text               mf_w.l(dflti.o)
    0x08000490   0x08000490   0x00000032   Code   RO         5468    .text               mf_w.l(ffixi.o)
    0x080004c2   0x080004c2   0x00000028   Code   RO         5470    .text               mf_w.l(ffixui.o)
    0x080004ea   0x080004ea   0x00000026   Code   RO         5472    .text               mf_w.l(f2d.o)
    0x08000510   0x08000510   0x00000038   Code   RO         5474    .text               mf_w.l(d2f.o)
    0x08000548   0x08000548   0x00000014   Code   RO         5476    .text               mf_w.l(cfcmple.o)
    0x0800055c   0x0800055c   0x0000002c   Code   RO         5492    .text               mc_w.l(uidiv.o)
    0x08000588   0x08000588   0x00000062   Code   RO         5494    .text               mc_w.l(uldiv.o)
    0x080005ea   0x080005ea   0x00000000   Code   RO         5496    .text               mc_w.l(iusefp.o)
    0x080005ea   0x080005ea   0x0000006e   Code   RO         5497    .text               mf_w.l(fepilogue.o)
    0x08000658   0x08000658   0x000000ba   Code   RO         5499    .text               mf_w.l(depilogue.o)
    0x08000712   0x08000712   0x0000014e   Code   RO         5501    .text               mf_w.l(dadd.o)
    0x08000860   0x08000860   0x00000030   Code   RO         5503    .text               mf_w.l(dfixul.o)
    0x08000890   0x08000890   0x00000030   Code   RO         5505    .text               mf_w.l(cdrcmple.o)
    0x080008c0   0x080008c0   0x00000024   Code   RO         5507    .text               mc_w.l(init.o)
    0x080008e4   0x080008e4   0x0000001e   Code   RO         5509    .text               mc_w.l(llshl.o)
    0x08000902   0x08000902   0x00000020   Code   RO         5511    .text               mc_w.l(llushr.o)
    0x08000922   0x08000922   0x00000024   Code   RO         5513    .text               mc_w.l(llsshr.o)
    0x08000946   0x08000946   0x0000005e   Code   RO         5523    .text               mc_w.l(__dclz77c.o)
    0x080009a4   0x080009a4   0x000000ac   Code   RO         3363    i.ADC1_InitConfig   adc.o
    0x08000a50   0x08000a50   0x00000016   Code   RO          318    i.ADC_Cmd           stm32f10x_adc.o
    0x08000a66   0x08000a66   0x00000016   Code   RO          319    i.ADC_DMACmd        stm32f10x_adc.o
    0x08000a7c   0x08000a7c   0x00000014   Code   RO          326    i.ADC_GetCalibrationStatus  stm32f10x_adc.o
    0x08000a90   0x08000a90   0x00000014   Code   RO          332    i.ADC_GetResetCalibrationStatus  stm32f10x_adc.o
    0x08000aa4   0x08000aa4   0x00000050   Code   RO          336    i.ADC_Init          stm32f10x_adc.o
    0x08000af4   0x08000af4   0x000000b8   Code   RO          340    i.ADC_RegularChannelConfig  stm32f10x_adc.o
    0x08000bac   0x08000bac   0x0000000a   Code   RO          341    i.ADC_ResetCalibration  stm32f10x_adc.o
    0x08000bb6   0x08000bb6   0x00000016   Code   RO          343    i.ADC_SoftwareStartConvCmd  stm32f10x_adc.o
    0x08000bcc   0x08000bcc   0x0000000a   Code   RO          345    i.ADC_StartCalibration  stm32f10x_adc.o
    0x08000bd6   0x08000bd6   0x00000002   PAD
    0x08000bd8   0x08000bd8   0x00000164   Code   RO            1    i.AppTaskCreate     main.o
    0x08000d3c   0x08000d3c   0x00000058   Code   RO            2    i.BSP_Init          main.o
    0x08000d94   0x08000d94   0x00000004   Code   RO          225    i.BusFault_Handler  stm32f10x_it.o
    0x08000d98   0x08000d98   0x0000005c   Code   RO         4147    i.DHT11_CheckResponse  dht11.o
    0x08000df4   0x08000df4   0x00000058   Code   RO         4148    i.DHT11_GPIO_Pin_InitCnofig  dht11.o
    0x08000e4c   0x08000e4c   0x00000024   Code   RO         4149    i.DHT11_Input       dht11.o
    0x08000e70   0x08000e70   0x00000024   Code   RO         4150    i.DHT11_Output      dht11.o
    0x08000e94   0x08000e94   0x0000005c   Code   RO         4151    i.DHT11_ReadBit     dht11.o
    0x08000ef0   0x08000ef0   0x0000001e   Code   RO         4152    i.DHT11_ReadByte    dht11.o
    0x08000f0e   0x08000f0e   0x0000005a   Code   RO         4153    i.DHT11_ReadData    dht11.o
    0x08000f68   0x08000f68   0x0000002c   Code   RO         4154    i.DHT11_SendReset   dht11.o
    0x08000f94   0x08000f94   0x00000018   Code   RO         1003    i.DMA_Cmd           stm32f10x_dma.o
    0x08000fac   0x08000fac   0x0000003c   Code   RO         1009    i.DMA_Init          stm32f10x_dma.o
    0x08000fe8   0x08000fe8   0x00000064   Code   RO         3557    i.DMA_InitConfig_P2M  dma.o
    0x0800104c   0x0800104c   0x00000002   Code   RO          226    i.DebugMon_Handler  stm32f10x_it.o
    0x0800104e   0x0800104e   0x00000002   PAD
    0x08001050   0x08001050   0x00000060   Code   RO         3602    i.EXTI9_5_IRQHandler  exti.o
    0x080010b0   0x080010b0   0x0000000c   Code   RO         1074    i.EXTI_ClearITPendingBit  stm32f10x_exti.o
    0x080010bc   0x080010bc   0x00000028   Code   RO         1078    i.EXTI_GetITStatus  stm32f10x_exti.o
    0x080010e4   0x080010e4   0x00000094   Code   RO         1079    i.EXTI_Init         stm32f10x_exti.o
    0x08001178   0x08001178   0x000001cc   Code   RO            3    i.GETVALUE_Task     main.o
    0x08001344   0x08001344   0x000000b8   Code   RO            4    i.GIZWITS_Task      main.o
    0x080013fc   0x080013fc   0x00000040   Code   RO         1424    i.GPIO_EXTILineConfig  stm32f10x_gpio.o
    0x0800143c   0x0800143c   0x00000116   Code   RO         1427    i.GPIO_Init         stm32f10x_gpio.o
    0x08001552   0x08001552   0x00000002   PAD
    0x08001554   0x08001554   0x00000090   Code   RO         1429    i.GPIO_PinRemapConfig  stm32f10x_gpio.o
    0x080015e4   0x080015e4   0x00000012   Code   RO         1431    i.GPIO_ReadInputDataBit  stm32f10x_gpio.o
    0x080015f6   0x080015f6   0x00000004   Code   RO         1434    i.GPIO_ResetBits    stm32f10x_gpio.o
    0x080015fa   0x080015fa   0x00000004   Code   RO         1435    i.GPIO_SetBits      stm32f10x_gpio.o
    0x080015fe   0x080015fe   0x00000002   PAD
    0x08001600   0x08001600   0x0000002c   Code   RO         3558    i.GetValue_ADC_Average  dma.o
    0x0800162c   0x0800162c   0x00000020   Code   RO            5    i.Gizwits_Init      main.o
    0x0800164c   0x0800164c   0x00000004   Code   RO          227    i.HardFault_Handler  stm32f10x_it.o
    0x08001650   0x08001650   0x00000034   Code   RO         3862    i.IIC_GPIO_Pin_InitCnofig  iic.o
    0x08001684   0x08001684   0x0000005c   Code   RO         3863    i.IIC_Receive_Byte  iic.o
    0x080016e0   0x080016e0   0x00000024   Code   RO         3864    i.IIC_SDA_Input     iic.o
    0x08001704   0x08001704   0x00000024   Code   RO         3865    i.IIC_SDA_Output    iic.o
    0x08001728   0x08001728   0x00000038   Code   RO         3866    i.IIC_Send_ACK      iic.o
    0x08001760   0x08001760   0x0000005c   Code   RO         3867    i.IIC_Send_Byte     iic.o
    0x080017bc   0x080017bc   0x00000038   Code   RO         3868    i.IIC_Send_NACK     iic.o
    0x080017f4   0x080017f4   0x00000038   Code   RO         3869    i.IIC_Start         iic.o
    0x0800182c   0x0800182c   0x00000038   Code   RO         3870    i.IIC_Stop          iic.o
    0x08001864   0x08001864   0x00000054   Code   RO         3871    i.IIC_Wait_ACK      iic.o
    0x080018b8   0x080018b8   0x00000004   Code   RO          228    i.MemManage_Handler  stm32f10x_it.o
    0x080018bc   0x080018bc   0x00000002   Code   RO          229    i.NMI_Handler       stm32f10x_it.o
    0x080018be   0x080018be   0x00000002   PAD
    0x080018c0   0x080018c0   0x00000070   Code   RO          276    i.NVIC_Init         misc.o
    0x08001930   0x08001930   0x00000068   Code   RO         3603    i.NVIC_InitConfig_EXTI  exti.o
    0x08001998   0x08001998   0x0000006c   Code   RO         3604    i.NVIC_InitConfig_EXTI8  exti.o
    0x08001a04   0x08001a04   0x00000014   Code   RO          277    i.NVIC_PriorityGroupConfig  misc.o
    0x08001a18   0x08001a18   0x00000040   Code   RO         3960    i.OLED_Clear        oled.o
    0x08001a58   0x08001a58   0x00000160   Code   RO         3964    i.OLED_Init         oled.o
    0x08001bb8   0x08001bb8   0x0000002e   Code   RO         3965    i.OLED_Set_Pos      oled.o
    0x08001be6   0x08001be6   0x00000002   PAD
    0x08001be8   0x08001be8   0x00000068   Code   RO         3966    i.OLED_ShowCHinese  oled.o
    0x08001c50   0x08001c50   0x00000070   Code   RO         3967    i.OLED_ShowChar     oled.o
    0x08001cc0   0x08001cc0   0x00000084   Code   RO         3968    i.OLED_ShowNum      oled.o
    0x08001d44   0x08001d44   0x00000036   Code   RO         3969    i.OLED_ShowString   oled.o
    0x08001d7a   0x08001d7a   0x00000002   PAD
    0x08001d7c   0x08001d7c   0x00000204   Code   RO            6    i.OLED_Task         main.o
    0x08001f80   0x08001f80   0x00000064   Code   RO         3970    i.OLED_WR_Byte      oled.o
    0x08001fe4   0x08001fe4   0x000000a8   Code   RO         4100    i.PWM_OutPut_InitConfig  tim.o
    0x0800208c   0x0800208c   0x00000018   Code   RO         1841    i.RCC_ADCCLKConfig  stm32f10x_rcc.o
    0x080020a4   0x080020a4   0x00000020   Code   RO         1842    i.RCC_AHBPeriphClockCmd  stm32f10x_rcc.o
    0x080020c4   0x080020c4   0x00000020   Code   RO         1843    i.RCC_APB1PeriphClockCmd  stm32f10x_rcc.o
    0x080020e4   0x080020e4   0x00000020   Code   RO         1844    i.RCC_APB1PeriphResetCmd  stm32f10x_rcc.o
    0x08002104   0x08002104   0x00000020   Code   RO         1845    i.RCC_APB2PeriphClockCmd  stm32f10x_rcc.o
    0x08002124   0x08002124   0x00000020   Code   RO         1846    i.RCC_APB2PeriphResetCmd  stm32f10x_rcc.o
    0x08002144   0x08002144   0x000000d4   Code   RO         1853    i.RCC_GetClocksFreq  stm32f10x_rcc.o
    0x08002218   0x08002218   0x00000036   Code   RO         3872    i.SGP30_InitConfig  iic.o
    0x0800224e   0x0800224e   0x00000068   Code   RO         3873    i.SGP30_Read        iic.o
    0x080022b6   0x080022b6   0x00000036   Code   RO         3874    i.SGP30_Write       iic.o
    0x080022ec   0x080022ec   0x00000008   Code   RO         3251    i.SetSysClock       system_stm32f10x.o
    0x080022f4   0x080022f4   0x000000e0   Code   RO         3252    i.SetSysClockTo72   system_stm32f10x.o
    0x080023d4   0x080023d4   0x00000008   Code   RO          230    i.SysTick_Handler   stm32f10x_it.o
    0x080023dc   0x080023dc   0x00000060   Code   RO         3254    i.SystemInit        system_stm32f10x.o
    0x0800243c   0x0800243c   0x00000008   Code   RO         3631    i.TIM3_IRQHandler   gizwits_product.o
    0x08002444   0x08002444   0x00000020   Code   RO         4101    i.TIM6_IRQHandler   tim.o
    0x08002464   0x08002464   0x00000130   Code   RO         4102    i.TIM7_IRQHandler   tim.o
    0x08002594   0x08002594   0x00000058   Code   RO         4103    i.TIM7_InitConfig   tim.o
    0x080025ec   0x080025ec   0x00000018   Code   RO         2465    i.TIM_ARRPreloadConfig  stm32f10x_tim.o
    0x08002604   0x08002604   0x00000006   Code   RO         2471    i.TIM_ClearFlag     stm32f10x_tim.o
    0x0800260a   0x0800260a   0x00000006   Code   RO         2472    i.TIM_ClearITPendingBit  stm32f10x_tim.o
    0x08002610   0x08002610   0x00000018   Code   RO         2477    i.TIM_Cmd           stm32f10x_tim.o
    0x08002628   0x08002628   0x00000022   Code   RO         2498    i.TIM_GetITStatus   stm32f10x_tim.o
    0x0800264a   0x0800264a   0x00000012   Code   RO         2502    i.TIM_ITConfig      stm32f10x_tim.o
    0x0800265c   0x0800265c   0x0000005c   Code   RO         4104    i.TIM_InitConfig    tim.o
    0x080026b8   0x080026b8   0x00000098   Code   RO         2506    i.TIM_OC1Init       stm32f10x_tim.o
    0x08002750   0x08002750   0x00000012   Code   RO         2509    i.TIM_OC1PreloadConfig  stm32f10x_tim.o
    0x08002762   0x08002762   0x00000002   PAD
    0x08002764   0x08002764   0x000000a4   Code   RO         2548    i.TIM_TimeBaseInit  stm32f10x_tim.o
    0x08002808   0x08002808   0x000000ac   Code   RO         3315    i.UART3_InitConfig  uart.o
    0x080028b4   0x080028b4   0x00000088   Code   RO         3316    i.UART_InitConfig   uart.o
    0x0800293c   0x0800293c   0x00000010   Code   RO         3632    i.USART2_IRQHandler  gizwits_product.o
    0x0800294c   0x0800294c   0x0000002c   Code   RO         3317    i.USART3_IRQHandler  uart.o
    0x08002978   0x08002978   0x00000018   Code   RO         3013    i.USART_Cmd         stm32f10x_usart.o
    0x08002990   0x08002990   0x0000009c   Code   RO         3015    i.USART_DeInit      stm32f10x_usart.o
    0x08002a2c   0x08002a2c   0x0000001a   Code   RO         3016    i.USART_GetFlagStatus  stm32f10x_usart.o
    0x08002a46   0x08002a46   0x00000054   Code   RO         3017    i.USART_GetITStatus  stm32f10x_usart.o
    0x08002a9a   0x08002a9a   0x0000004a   Code   RO         3019    i.USART_ITConfig    stm32f10x_usart.o
    0x08002ae4   0x08002ae4   0x000000d8   Code   RO         3020    i.USART_Init        stm32f10x_usart.o
    0x08002bbc   0x08002bbc   0x0000000a   Code   RO         3027    i.USART_ReceiveData  stm32f10x_usart.o
    0x08002bc6   0x08002bc6   0x00000008   Code   RO         3030    i.USART_SendData    stm32f10x_usart.o
    0x08002bce   0x08002bce   0x00000004   Code   RO          231    i.UsageFault_Handler  stm32f10x_it.o
    0x08002bd2   0x08002bd2   0x00000002   PAD
    0x08002bd4   0x08002bd4   0x00000020   Code   RO         5426    i.__0printf         mc_w.l(printfa.o)
    0x08002bf4   0x08002bf4   0x0000000e   Code   RO         5517    i.__scatterload_copy  mc_w.l(handlers.o)
    0x08002c02   0x08002c02   0x00000002   Code   RO         5518    i.__scatterload_null  mc_w.l(handlers.o)
    0x08002c04   0x08002c04   0x0000000e   Code   RO         5519    i.__scatterload_zeroinit  mc_w.l(handlers.o)
    0x08002c12   0x08002c12   0x00000002   PAD
    0x08002c14   0x08002c14   0x00000184   Code   RO         5433    i._fp_digits        mc_w.l(printfa.o)
    0x08002d98   0x08002d98   0x000006dc   Code   RO         5434    i._printf_core      mc_w.l(printfa.o)
    0x08003474   0x08003474   0x00000024   Code   RO         5435    i._printf_post_padding  mc_w.l(printfa.o)
    0x08003498   0x08003498   0x0000002e   Code   RO         5436    i._printf_pre_padding  mc_w.l(printfa.o)
    0x080034c6   0x080034c6   0x00000018   Code   RO         3527    i.delay_ms          delay.o
    0x080034de   0x080034de   0x00000018   Code   RO         3528    i.delay_us          delay.o
    0x080034f6   0x080034f6   0x00000002   PAD
    0x080034f8   0x080034f8   0x0000003c   Code   RO         4568    i.eTaskConfirmSleepModeStatus  tasks.o
    0x08003534   0x08003534   0x0000001a   Code   RO         3381    i.exchangeBytes     common.o
    0x0800354e   0x0800354e   0x0000001a   Code   RO         3382    i.exchangeWord      common.o
    0x08003568   0x08003568   0x00000024   Code   RO         3319    i.fputc             uart.o
    0x0800358c   0x0800358c   0x000001b8   Code   RO         3706    i.gizCheckReport    gizwits_protocol.o
    0x08003744   0x08003744   0x000000bc   Code   RO         3707    i.gizDataPoints2ReportData  gizwits_protocol.o
    0x08003800   0x08003800   0x000000bc   Code   RO         3708    i.gizDevReportPolicy  gizwits_protocol.o
    0x080038bc   0x080038bc   0x0000000c   Code   RO         3633    i.gizGetTimerCount  gizwits_product.o
    0x080038c8   0x080038c8   0x00000088   Code   RO         3709    i.gizProtocolAckHandle  gizwits_protocol.o
    0x08003950   0x08003950   0x000000a0   Code   RO         3710    i.gizProtocolCommonAck  gizwits_protocol.o
    0x080039f0   0x080039f0   0x000000a4   Code   RO         3711    i.gizProtocolErrorCmd  gizwits_protocol.o
    0x08003a94   0x08003a94   0x0000017c   Code   RO         3712    i.gizProtocolGetDeviceInfo  gizwits_protocol.o
    0x08003c10   0x08003c10   0x000001a8   Code   RO         3713    i.gizProtocolGetOnePacket  gizwits_protocol.o
    0x08003db8   0x08003db8   0x00000050   Code   RO         3714    i.gizProtocolHeadInit  gizwits_protocol.o
    0x08003e08   0x08003e08   0x00000140   Code   RO         3715    i.gizProtocolIssuedDataAck  gizwits_protocol.o
    0x08003f48   0x08003f48   0x00000104   Code   RO         3716    i.gizProtocolIssuedProcess  gizwits_protocol.o
    0x0800404c   0x0800404c   0x0000005c   Code   RO         3717    i.gizProtocolModuleInfoHandle  gizwits_protocol.o
    0x080040a8   0x080040a8   0x00000504   Code   RO         3718    i.gizProtocolModuleStatus  gizwits_protocol.o
    0x080045ac   0x080045ac   0x00000088   Code   RO         3719    i.gizProtocolNTP    gizwits_protocol.o
    0x08004634   0x08004634   0x0000001c   Code   RO         3720    i.gizProtocolReboot  gizwits_protocol.o
    0x08004650   0x08004650   0x0000007c   Code   RO         3721    i.gizProtocolResendData  gizwits_protocol.o
    0x080046cc   0x080046cc   0x00000026   Code   RO         3384    i.gizProtocolSum    common.o
    0x080046f2   0x080046f2   0x00000002   PAD
    0x080046f4   0x080046f4   0x00000060   Code   RO         3722    i.gizProtocolWaitAck  gizwits_protocol.o
    0x08004754   0x08004754   0x00000048   Code   RO         3723    i.gizProtocolWaitAckCheck  gizwits_protocol.o
    0x0800479c   0x0800479c   0x00000074   Code   RO         3724    i.gizPutData        gizwits_protocol.o
    0x08004810   0x08004810   0x000000d4   Code   RO         3725    i.gizReportData     gizwits_protocol.o
    0x080048e4   0x080048e4   0x00000010   Code   RO         3634    i.gizTimerMs        gizwits_product.o
    0x080048f4   0x080048f4   0x0000000e   Code   RO         3462    i.gizY2X            datapointtools.o
    0x08004902   0x08004902   0x00000002   PAD
    0x08004904   0x08004904   0x00000134   Code   RO         3635    i.gizwitsEventProcess  gizwits_product.o
    0x08004a38   0x08004a38   0x00000318   Code   RO         3728    i.gizwitsHandle     gizwits_protocol.o
    0x08004d50   0x08004d50   0x00000064   Code   RO         3729    i.gizwitsInit       gizwits_protocol.o
    0x08004db4   0x08004db4   0x00000288   Code   RO         3731    i.gizwitsSetMode    gizwits_protocol.o
    0x0800503c   0x0800503c   0x0000004c   Code   RO            7    i.main              main.o
    0x08005088   0x08005088   0x00000030   Code   RO         3636    i.mcuRestart        gizwits_product.o
    0x080050b8   0x080050b8   0x00000016   Code   RO         3971    i.oled_pow          oled.o
    0x080050ce   0x080050ce   0x00000002   PAD
    0x080050d0   0x080050d0   0x00000098   Code   RO         4571    i.prvAddCurrentTaskToDelayedList  tasks.o
    0x08005168   0x08005168   0x000000b4   Code   RO         4572    i.prvAddNewTaskToReadyList  tasks.o
    0x0800521c   0x0800521c   0x00000064   Code   RO         4906    i.prvCheckForValidListAndQueue  timers.o
    0x08005280   0x08005280   0x00000064   Code   RO         4573    i.prvCheckTasksWaitingTermination  tasks.o
    0x080052e4   0x080052e4   0x0000002a   Code   RO         4351    i.prvCopyDataFromQueue  queue.o
    0x0800530e   0x0800530e   0x0000007c   Code   RO         4352    i.prvCopyDataToQueue  queue.o
    0x0800538a   0x0800538a   0x00000012   Code   RO         4574    i.prvDeleteTCB      tasks.o
    0x0800539c   0x0800539c   0x0000004c   Code   RO         4575    i.prvGetExpectedIdleTime  tasks.o
    0x080053e8   0x080053e8   0x00000028   Code   RO         4907    i.prvGetNextExpireTime  timers.o
    0x08005410   0x08005410   0x0000007c   Code   RO         5040    i.prvHeapInit       heap_4.o
    0x0800548c   0x0800548c   0x0000009c   Code   RO         4576    i.prvIdleTask       tasks.o
    0x08005528   0x08005528   0x0000001c   Code   RO         4353    i.prvInitialiseMutex  queue.o
    0x08005544   0x08005544   0x0000002a   Code   RO         4354    i.prvInitialiseNewQueue  queue.o
    0x0800556e   0x0800556e   0x00000002   PAD
    0x08005570   0x08005570   0x000000c8   Code   RO         4577    i.prvInitialiseNewTask  tasks.o
    0x08005638   0x08005638   0x00000068   Code   RO         4578    i.prvInitialiseTaskLists  tasks.o
    0x080056a0   0x080056a0   0x00000068   Code   RO         5041    i.prvInsertBlockIntoFreeList  heap_4.o
    0x08005708   0x08005708   0x00000058   Code   RO         4909    i.prvInsertTimerInActiveList  timers.o
    0x08005760   0x08005760   0x0000001a   Code   RO         4355    i.prvIsQueueEmpty   queue.o
    0x0800577a   0x0800577a   0x0000001e   Code   RO         4356    i.prvIsQueueFull    queue.o
    0x08005798   0x08005798   0x000000a4   Code   RO         4357    i.prvNotifyQueueSetContainer  queue.o
    0x0800583c   0x0800583c   0x00000084   Code   RO         4910    i.prvProcessExpiredTimer  timers.o
    0x080058c0   0x080058c0   0x00000130   Code   RO         4911    i.prvProcessReceivedCommands  timers.o
    0x080059f0   0x080059f0   0x00000074   Code   RO         4912    i.prvProcessTimerOrBlockTask  timers.o
    0x08005a64   0x08005a64   0x00000034   Code   RO         4579    i.prvResetNextTaskUnblockTime  tasks.o
    0x08005a98   0x08005a98   0x0000002c   Code   RO         4913    i.prvSampleTimeNow  timers.o
    0x08005ac4   0x08005ac4   0x000000c0   Code   RO         4914    i.prvSwitchTimerLists  timers.o
    0x08005b84   0x08005b84   0x0000006c   Code   RO         5094    i.prvTaskExitError  port.o
    0x08005bf0   0x08005bf0   0x00000078   Code   RO         4580    i.prvTaskIsTaskSuspended  tasks.o
    0x08005c68   0x08005c68   0x0000001a   Code   RO         4915    i.prvTimerTask      timers.o
    0x08005c82   0x08005c82   0x00000092   Code   RO         4358    i.prvUnlockQueue    queue.o
    0x08005d14   0x08005d14   0x00000150   Code   RO         5042    i.pvPortMalloc      heap_4.o
    0x08005e64   0x08005e64   0x00000020   Code   RO         4581    i.pvTaskIncrementMutexHeldCount  tasks.o
    0x08005e84   0x08005e84   0x00000024   Code   RO         5095    i.pxPortInitialiseStack  port.o
    0x08005ea8   0x08005ea8   0x00000038   Code   RO         4045    i.rbCanRead         ringbuffer.o
    0x08005ee0   0x08005ee0   0x0000001e   Code   RO         4046    i.rbCanWrite        ringbuffer.o
    0x08005efe   0x08005efe   0x0000000e   Code   RO         4047    i.rbCapacity        ringbuffer.o
    0x08005f0c   0x08005f0c   0x00000016   Code   RO         4048    i.rbCreate          ringbuffer.o
    0x08005f22   0x08005f22   0x000000a2   Code   RO         4050    i.rbRead            ringbuffer.o
    0x08005fc4   0x08005fc4   0x0000009a   Code   RO         4051    i.rbWrite           ringbuffer.o
    0x0800605e   0x0800605e   0x00000002   PAD
    0x08006060   0x08006060   0x00000058   Code   RO         3637    i.uartWrite         gizwits_product.o
    0x080060b8   0x080060b8   0x00000002   Code   RO         3638    i.userHandle        gizwits_product.o
    0x080060ba   0x080060ba   0x00000028   Code   RO         4310    i.uxListRemove      list.o
    0x080060e2   0x080060e2   0x0000001a   Code   RO         4311    i.vListInitialise   list.o
    0x080060fc   0x080060fc   0x00000006   Code   RO         4312    i.vListInitialiseItem  list.o
    0x08006102   0x08006102   0x00000034   Code   RO         4313    i.vListInsert       list.o
    0x08006136   0x08006136   0x00000018   Code   RO         4314    i.vListInsertEnd    list.o
    0x0800614e   0x0800614e   0x00000002   PAD
    0x08006150   0x08006150   0x00000084   Code   RO         5097    i.vPortEnterCritical  port.o
    0x080061d4   0x080061d4   0x0000006c   Code   RO         5098    i.vPortExitCritical  port.o
    0x08006240   0x08006240   0x000000b4   Code   RO         5043    i.vPortFree         heap_4.o
    0x080062f4   0x080062f4   0x0000005c   Code   RO         5099    i.vPortSetupTimerInterrupt  port.o
    0x08006350   0x08006350   0x0000014c   Code   RO         5100    i.vPortSuppressTicksAndSleep  port.o
    0x0800649c   0x0800649c   0x0000009c   Code   RO         5101    i.vPortValidateInterruptPriority  port.o
    0x08006538   0x08006538   0x0000002c   Code   RO         4362    i.vQueueAddToRegistry  queue.o
    0x08006564   0x08006564   0x0000004a   Code   RO         4365    i.vQueueWaitForMessageRestricted  queue.o
    0x080065ae   0x080065ae   0x00000002   PAD
    0x080065b0   0x080065b0   0x00000078   Code   RO         4587    i.vTaskDelay        tasks.o
    0x08006628   0x08006628   0x00000110   Code   RO         4589    i.vTaskDelete       tasks.o
    0x08006738   0x08006738   0x0000000c   Code   RO         4591    i.vTaskMissedYield  tasks.o
    0x08006744   0x08006744   0x00000058   Code   RO         4593    i.vTaskPlaceOnEventList  tasks.o
    0x0800679c   0x0800679c   0x00000060   Code   RO         4594    i.vTaskPlaceOnEventListRestricted  tasks.o
    0x080067fc   0x080067fc   0x000000b0   Code   RO         4596    i.vTaskPriorityInherit  tasks.o
    0x080068ac   0x080068ac   0x00000050   Code   RO         4599    i.vTaskSetTimeOutState  tasks.o
    0x080068fc   0x080068fc   0x000000b0   Code   RO         4600    i.vTaskStartScheduler  tasks.o
    0x080069ac   0x080069ac   0x00000064   Code   RO         4601    i.vTaskStepTick     tasks.o
    0x08006a10   0x08006a10   0x00000104   Code   RO         4602    i.vTaskSuspend      tasks.o
    0x08006b14   0x08006b14   0x00000010   Code   RO         4603    i.vTaskSuspendAll   tasks.o
    0x08006b24   0x08006b24   0x000000ac   Code   RO         4604    i.vTaskSwitchContext  tasks.o
    0x08006bd0   0x08006bd0   0x000000a0   Code   RO         5102    i.xPortStartScheduler  port.o
    0x08006c70   0x08006c70   0x00000034   Code   RO         5103    i.xPortSysTickHandler  port.o
    0x08006ca4   0x08006ca4   0x00000022   Code   RO         4368    i.xQueueCreateMutex  queue.o
    0x08006cc6   0x08006cc6   0x00000002   PAD
    0x08006cc8   0x08006cc8   0x00000078   Code   RO         4370    i.xQueueGenericCreate  queue.o
    0x08006d40   0x08006d40   0x000001cc   Code   RO         4371    i.xQueueGenericReceive  queue.o
    0x08006f0c   0x08006f0c   0x000000b4   Code   RO         4372    i.xQueueGenericReset  queue.o
    0x08006fc0   0x08006fc0   0x000001c8   Code   RO         4373    i.xQueueGenericSend  queue.o
    0x08007188   0x08007188   0x00000114   Code   RO         4374    i.xQueueGenericSendFromISR  queue.o
    0x0800729c   0x0800729c   0x000000a4   Code   RO         4605    i.xTaskCheckForTimeOut  tasks.o
    0x08007340   0x08007340   0x00000060   Code   RO         4606    i.xTaskCreate       tasks.o
    0x080073a0   0x080073a0   0x00000020   Code   RO         4610    i.xTaskGetSchedulerState  tasks.o
    0x080073c0   0x080073c0   0x0000000c   Code   RO         4611    i.xTaskGetTickCount  tasks.o
    0x080073cc   0x080073cc   0x00000164   Code   RO         4613    i.xTaskIncrementTick  tasks.o
    0x08007530   0x08007530   0x000000dc   Code   RO         4616    i.xTaskPriorityDisinherit  tasks.o
    0x0800760c   0x0800760c   0x000000bc   Code   RO         4617    i.xTaskRemoveFromEventList  tasks.o
    0x080076c8   0x080076c8   0x00000124   Code   RO         4619    i.xTaskResumeAll    tasks.o
    0x080077ec   0x080077ec   0x000000d0   Code   RO         4620    i.xTaskResumeFromISR  tasks.o
    0x080078bc   0x080078bc   0x00000078   Code   RO         4919    i.xTimerCreateTimerTask  timers.o
    0x08007934   0x08007934   0x000000a8   Code   RO         4920    i.xTimerGenericCommand  timers.o
    0x080079dc   0x080079dc   0x00000818   Data   RO         3972    .constdata          oled.o
    0x080081f4   0x080081f4   0x00000020   Data   RO         5515    Region$$Table       anon$$obj.o


    Execution Region RW_IRAM1 (Exec base: 0x20000000, Load base: 0x08008214, Size: 0x00009fb8, Max: 0x0000c000, ABSOLUTE, COMPRESSED[0x000001d4])

    Exec Addr    Load Addr    Size         Type   Attr      Idx    E Section Name        Object

    0x20000000   COMPRESSED   0x00000038   Data   RW            9    .data               main.o
    0x20000038   COMPRESSED   0x00000014   Data   RW         1873    .data               stm32f10x_rcc.o
    0x2000004c   COMPRESSED   0x00000014   Data   RW         3255    .data               system_stm32f10x.o
    0x20000060   COMPRESSED   0x00000004   Data   RW         3320    .data               uart.o
    0x20000064   COMPRESSED   0x00000004   Data   RW         3640    .data               gizwits_product.o
    0x20000068   COMPRESSED   0x00000010   Data   RW         3733    .data               gizwits_protocol.o
    0x20000078   COMPRESSED   0x00000540   Data   RW         3973    .data               oled.o
    0x200005b8   COMPRESSED   0x0000003c   Data   RW         4622    .data               tasks.o
    0x200005f4   COMPRESSED   0x00000014   Data   RW         4928    .data               timers.o
    0x20000608   COMPRESSED   0x00000018   Data   RW         5048    .data               heap_4.o
    0x20000620   COMPRESSED   0x00000018   Data   RW         5104    .data               port.o
    0x20000638        -       0x00000018   Zero   RW            8    .bss                main.o
    0x20000650        -       0x00000082   Zero   RW         3560    .bss                dma.o
    0x200006d2        -       0x00000185   Zero   RW         3732    .bss                gizwits_protocol.o
    0x20000857   COMPRESSED   0x00000001   PAD
    0x20000858        -       0x00000050   Zero   RW         4385    .bss                queue.o
    0x200008a8        -       0x000002e4   Zero   RW         4621    .bss                tasks.o
    0x20000b8c        -       0x00000028   Zero   RW         4927    .bss                timers.o
    0x20000bb4        -       0x00009000   Zero   RW         5047    .bss                heap_4.o
    0x20009bb4   COMPRESSED   0x00000004   PAD
    0x20009bb8        -       0x00000400   Zero   RW         3243    STACK               startup_stm32f10x_hd.o


==============================================================================

Image component sizes


      Code (inc. data)   RO Data    RW Data    ZI Data      Debug   Object Name

       172          8          0          0          0        626   adc.o
        90          0          0          0          0       2232   common.o
        14          0          0          0          0        625   datapointtools.o
        48          0          0          0          0        982   delay.o
       508         32          0          0          0       5047   dht11.o
       144         18          0          0        130       1870   dma.o
         0          0          0          0          0      11744   event_groups.o
       308         20          0          0          0       1696   exti.o
       498        178          0          4          0      20756   gizwits_product.o
      6440       2120          0         16        389      19466   gizwits_protocol.o
       744        168          0         24      36864       3895   heap_4.o
       828         50          0          0          0       7501   iic.o
       148          0          0          0          0       3190   list.o
      1712        548          0         56         24     301845   main.o
       132         22          0          0          0       1855   misc.o
       986         30       2072       1344          0       6859   oled.o
      1326        326          0         24          0      11414   port.o
      2246        262          0          0         80      14157   queue.o
       438          0          0          0          0       5924   ringbuffer.o
        36          8        304          0       1024        948   startup_stm32f10x_hd.o
       390         10          0          0          0       8129   stm32f10x_adc.o
        84          0          0          0          0       3093   stm32f10x_dma.o
       200         18          0          0          0       2492   stm32f10x_exti.o
       512         10          0          0          0       5660   stm32f10x_gpio.o
        28          0          0          0          0       3043   stm32f10x_it.o
       396         56          0         20          0       7315   stm32f10x_rcc.o
       446         62          0          0          0       6690   stm32f10x_tim.o
       598         28          0          0          0       7456   stm32f10x_usart.o
       328         28          0         20          0       2789   system_stm32f10x.o
      4386       1250          0         60        740      32765   tasks.o
       684        172          0          0          0       2779   tim.o
      1330        332          0         20         40       8623   timers.o
       388         28          0          4          0       4243   uart.o

    ----------------------------------------------------------------------
     26626       5784       2408       1592      39296     517709   Object Totals
         0          0         32          0          0          0   (incl. Generated)
        38          0          0          0          5          0   (incl. Padding)

    ----------------------------------------------------------------------

      Code (inc. data)   RO Data    RW Data    ZI Data      Debug   Library Member Name

        94          0          0          0          0          0   __dclz77c.o
         0          0          0          0          0          0   entry.o
         0          0          0          0          0          0   entry10a.o
         0          0          0          0          0          0   entry11a.o
         8          4          0          0          0          0   entry2.o
         4          0          0          0          0          0   entry5.o
         0          0          0          0          0          0   entry7b.o
         0          0          0          0          0          0   entry8b.o
         8          4          0          0          0          0   entry9a.o
        30          0          0          0          0          0   handlers.o
        36          8          0          0          0         68   init.o
         0          0          0          0          0          0   iusefp.o
        30          0          0          0          0         68   llshl.o
        36          0          0          0          0         68   llsshr.o
        32          0          0          0          0         68   llushr.o
        36          0          0          0          0         68   memcpya.o
        36          0          0          0          0        108   memseta.o
      2258         90          0          0          0        452   printfa.o
        44          0          0          0          0         80   uidiv.o
        98          0          0          0          0         92   uldiv.o
        48          0          0          0          0         68   cdrcmple.o
        20          0          0          0          0         68   cfcmple.o
        56          0          0          0          0         88   d2f.o
       334          0          0          0          0        148   dadd.o
       222          0          0          0          0        100   ddiv.o
       186          0          0          0          0        176   depilogue.o
        48          0          0          0          0         68   dfixul.o
        34          0          0          0          0         76   dflti.o
       228          0          0          0          0         96   dmul.o
        38          0          0          0          0         68   f2d.o
       110          0          0          0          0        168   fepilogue.o
        50          0          0          0          0         68   ffixi.o
        40          0          0          0          0         68   ffixui.o
       100          0          0          0          0         76   fmul.o

    ----------------------------------------------------------------------
      4266        106          0          0          0       2408   Library Totals
         2          0          0          0          0          0   (incl. Padding)

    ----------------------------------------------------------------------

      Code (inc. data)   RO Data    RW Data    ZI Data      Debug   Library Name

      2750        106          0          0          0       1072   mc_w.l
      1514          0          0          0          0       1336   mf_w.l

    ----------------------------------------------------------------------
      4266        106          0          0          0       2408   Library Totals

    ----------------------------------------------------------------------

==============================================================================


      Code (inc. data)   RO Data    RW Data    ZI Data      Debug   

     30892       5890       2408       1592      39296     507349   Grand Totals
     30892       5890       2408        468      39296     507349   ELF Image Totals (compressed)
     30892       5890       2408        468          0          0   ROM Totals

==============================================================================

    Total RO  Size (Code + RO Data)                33300 (  32.52kB)
    Total RW  Size (RW Data + ZI Data)             40888 (  39.93kB)
    Total ROM Size (Code + RO Data + RW Data)      33768 (  32.98kB)

==============================================================================

