Component: ARM Compiler 5.06 update 6 (build 750) Tool: armlink [4d35ed]

==============================================================================

Section Cross References

    main.o(i.Gizwits_Init) refers to tim.o(i.TIM_InitConfig) for TIM_InitConfig
    main.o(i.Gizwits_Init) refers to uart.o(i.UART3_InitConfig) for UART3_InitConfig
    main.o(i.Gizwits_Init) refers to memseta.o(.text) for __aeabi_memclr
    main.o(i.Gizwits_Init) refers to gizwits_protocol.o(i.gizwitsInit) for gizwitsInit
    main.o(i.Gizwits_Init) refers to main.o(.bss) for currentDataPoint
    main.o(i.main) refers to misc.o(i.NVIC_PriorityGroupConfig) for NVIC_PriorityGroupConfig
    main.o(i.main) refers to nvic.o(i.NVIC_InitConfig_USART) for NVIC_InitConfig_USART
    main.o(i.main) refers to uart.o(i.UART_InitConfig) for UART_InitConfig
    main.o(i.main) refers to systick.o(i.SysTick_InitConfig) for SysTick_InitConfig
    main.o(i.main) refers to tim.o(i.PWM_OutPut_InitConfig) for PWM_OutPut_InitConfig
    main.o(i.main) refers to adc.o(i.ADC1_InitConfig) for ADC1_InitConfig
    main.o(i.main) refers to dma.o(i.DMA_InitConfig_P2M) for DMA_InitConfig_P2M
    main.o(i.main) refers to dht11.o(i.DHT11_GPIO_Pin_InitCnofig) for DHT11_GPIO_Pin_InitCnofig
    main.o(i.main) refers to oled.o(i.OLED_Init) for OLED_Init
    main.o(i.main) refers to oled.o(i.OLED_Clear) for OLED_Clear
    main.o(i.main) refers to iic.o(i.SGP30_InitConfig) for SGP30_InitConfig
    main.o(i.main) refers to main.o(i.Gizwits_Init) for Gizwits_Init
    main.o(i.main) refers to gizwits_protocol.o(i.gizwitsSetMode) for gizwitsSetMode
    main.o(i.main) refers to printfa.o(i.__0printf) for __2printf
    main.o(i.main) refers to gizwits_product.o(i.userHandle) for userHandle
    main.o(i.main) refers to gizwits_protocol.o(i.gizwitsHandle) for gizwitsHandle
    main.o(i.main) refers to stm32f10x_gpio.o(i.GPIO_ReadInputDataBit) for GPIO_ReadInputDataBit
    main.o(i.main) refers to systick.o(i.delay_ms) for delay_ms
    main.o(i.main) refers to dma.o(i.GetValue_ADC_Average) for GetValue_ADC_Average
    main.o(i.main) refers to dflti.o(.text) for __aeabi_i2d
    main.o(i.main) refers to dmul.o(.text) for __aeabi_dmul
    main.o(i.main) refers to ddiv.o(.text) for __aeabi_ddiv
    main.o(i.main) refers to d2f.o(.text) for __aeabi_d2f
    main.o(i.main) refers to iic.o(i.SGP30_Read) for SGP30_Read
    main.o(i.main) refers to dht11.o(i.DHT11_ReadData) for DHT11_ReadData
    main.o(i.main) refers to f2d.o(.text) for __aeabi_f2d
    main.o(i.main) refers to fmul.o(.text) for __aeabi_fmul
    main.o(i.main) refers to ffixi.o(.text) for __aeabi_f2iz
    main.o(i.main) refers to oled.o(i.OLED_ShowCHinese) for OLED_ShowCHinese
    main.o(i.main) refers to oled.o(i.OLED_ShowNum) for OLED_ShowNum
    main.o(i.main) refers to ffixui.o(.text) for __aeabi_f2uiz
    main.o(i.main) refers to oled.o(i.OLED_ShowChar) for OLED_ShowChar
    main.o(i.main) refers to oled.o(i.OLED_ShowString) for OLED_ShowString
    main.o(i.main) refers to main.o(.data) for wendu_value
    main.o(i.main) refers to main.o(.bss) for currentDataPoint
    stm32f10x_adc.o(i.ADC_DeInit) refers to stm32f10x_rcc.o(i.RCC_APB2PeriphResetCmd) for RCC_APB2PeriphResetCmd
    stm32f10x_bkp.o(i.BKP_DeInit) refers to stm32f10x_rcc.o(i.RCC_BackupResetCmd) for RCC_BackupResetCmd
    stm32f10x_can.o(i.CAN_DeInit) refers to stm32f10x_rcc.o(i.RCC_APB1PeriphResetCmd) for RCC_APB1PeriphResetCmd
    stm32f10x_can.o(i.CAN_GetITStatus) refers to stm32f10x_can.o(i.CheckITStatus) for CheckITStatus
    stm32f10x_cec.o(i.CEC_DeInit) refers to stm32f10x_rcc.o(i.RCC_APB1PeriphResetCmd) for RCC_APB1PeriphResetCmd
    stm32f10x_dac.o(i.DAC_DeInit) refers to stm32f10x_rcc.o(i.RCC_APB1PeriphResetCmd) for RCC_APB1PeriphResetCmd
    stm32f10x_flash.o(i.FLASH_EnableWriteProtection) refers to stm32f10x_flash.o(i.FLASH_WaitForLastOperation) for FLASH_WaitForLastOperation
    stm32f10x_flash.o(i.FLASH_EraseAllBank1Pages) refers to stm32f10x_flash.o(i.FLASH_WaitForLastBank1Operation) for FLASH_WaitForLastBank1Operation
    stm32f10x_flash.o(i.FLASH_EraseAllPages) refers to stm32f10x_flash.o(i.FLASH_WaitForLastOperation) for FLASH_WaitForLastOperation
    stm32f10x_flash.o(i.FLASH_EraseOptionBytes) refers to stm32f10x_flash.o(i.FLASH_GetReadOutProtectionStatus) for FLASH_GetReadOutProtectionStatus
    stm32f10x_flash.o(i.FLASH_EraseOptionBytes) refers to stm32f10x_flash.o(i.FLASH_WaitForLastOperation) for FLASH_WaitForLastOperation
    stm32f10x_flash.o(i.FLASH_ErasePage) refers to stm32f10x_flash.o(i.FLASH_WaitForLastOperation) for FLASH_WaitForLastOperation
    stm32f10x_flash.o(i.FLASH_ProgramHalfWord) refers to stm32f10x_flash.o(i.FLASH_WaitForLastOperation) for FLASH_WaitForLastOperation
    stm32f10x_flash.o(i.FLASH_ProgramOptionByteData) refers to stm32f10x_flash.o(i.FLASH_WaitForLastOperation) for FLASH_WaitForLastOperation
[...]
    ../clib/microlib/longlong.c              0x00000000   Number         0  llushr.o ABSOLUTE
    ../clib/microlib/printf/printf.c         0x00000000   Number         0  printf5.o ABSOLUTE
    ../clib/microlib/printf/printf.c         0x00000000   Number         0  printf0.o ABSOLUTE
    ../clib/microlib/printf/printf.c         0x00000000   Number         0  printf1.o ABSOLUTE
    ../clib/microlib/printf/printf.c         0x00000000   Number         0  printf2.o ABSOLUTE
    ../clib/microlib/printf/printf.c         0x00000000   Number         0  printf3.o ABSOLUTE
    ../clib/microlib/printf/printf.c         0x00000000   Number         0  printf4.o ABSOLUTE
    ../clib/microlib/printf/printf.c         0x00000000   Number         0  printf6.o ABSOLUTE
    ../clib/microlib/printf/printf.c         0x00000000   Number         0  printf8.o ABSOLUTE
    ../clib/microlib/printf/printf.c         0x00000000   Number         0  printfa.o ABSOLUTE
    ../clib/microlib/printf/printf.c         0x00000000   Number         0  printf7.o ABSOLUTE
    ../clib/microlib/printf/printf.c         0x00000000   Number         0  printfb.o ABSOLUTE
    ../clib/microlib/printf/stubs.s          0x00000000   Number         0  stubs.o ABSOLUTE
    ../clib/microlib/string/memcpy.c         0x00000000   Number         0  memcpya.o ABSOLUTE
    ../clib/microlib/string/memcpy.c         0x00000000   Number         0  memcpyb.o ABSOLUTE
    ../clib/microlib/string/memset.c         0x00000000   Number         0  memseta.o ABSOLUTE
    ../clib/microlib/string/strlen.c         0x00000000   Number         0  strlen.o ABSOLUTE
    ../clib/microlib/stubs.s                 0x00000000   Number         0  useno.o ABSOLUTE
    ../clib/microlib/stubs.s                 0x00000000   Number         0  iusefp.o ABSOLUTE
    ../fplib/microlib/d2f.c                  0x00000000   Number         0  d2f.o ABSOLUTE
    ../fplib/microlib/f2d.c                  0x00000000   Number         0  f2d.o ABSOLUTE
    ../fplib/microlib/fpadd.c                0x00000000   Number         0  fadd.o ABSOLUTE
    ../fplib/microlib/fpadd.c                0x00000000   Number         0  dadd.o ABSOLUTE
    ../fplib/microlib/fpdiv.c                0x00000000   Number         0  fdiv.o ABSOLUTE
    ../fplib/microlib/fpdiv.c                0x00000000   Number         0  ddiv.o ABSOLUTE
    ../fplib/microlib/fpepilogue.c           0x00000000   Number         0  depilogue.o ABSOLUTE
    ../fplib/microlib/fpepilogue.c           0x00000000   Number         0  fepilogue.o ABSOLUTE
    ../fplib/microlib/fpfix.c                0x00000000   Number         0  dfixul.o ABSOLUTE
    ../fplib/microlib/fpfix.c                0x00000000   Number         0  ffixi.o ABSOLUTE
    ../fplib/microlib/fpfix.c                0x00000000   Number         0  ffixui.o ABSOLUTE
    ../fplib/microlib/fpflt.c                0x00000000   Number         0  ffltui.o ABSOLUTE
    ../fplib/microlib/fpflt.c                0x00000000   Number         0  dflti.o ABSOLUTE
    ../fplib/microlib/fpmul.c                0x00000000   Number         0  fmul.o ABSOLUTE
    ../fplib/microlib/fpmul.c                0x00000000   Number         0  dmul.o ABSOLUTE
    ..\\library\\Libraries\\CMSIS\\CM3\\CoreSupport\\core_cm3.c 0x00000000   Number         0  core_cm3.o ABSOLUTE
    ..\drivers\src\ADC.c                     0x00000000   Number         0  adc.o ABSOLUTE
    ..\drivers\src\DHT11.c                   0x00000000   Number         0  dht11.o ABSOLUTE
    ..\drivers\src\DMA.c                     0x00000000   Number         0  dma.o ABSOLUTE
    ..\drivers\src\IIC.c                     0x00000000   Number         0  iic.o ABSOLUTE
    ..\drivers\src\NVIC.c                    0x00000000   Number         0  nvic.o ABSOLUTE
    ..\drivers\src\SysTick.c                 0x00000000   Number         0  systick.o ABSOLUTE
    ..\drivers\src\TIM.c                     0x00000000   Number         0  tim.o ABSOLUTE
    ..\drivers\src\UART.c                    0x00000000   Number         0  uart.o ABSOLUTE
    ..\drivers\src\common.c                  0x00000000   Number         0  common.o ABSOLUTE
    ..\drivers\src\dataPointTools.c          0x00000000   Number         0  datapointtools.o ABSOLUTE
    ..\drivers\src\gizwits_product.c         0x00000000   Number         0  gizwits_product.o ABSOLUTE
    ..\drivers\src\gizwits_protocol.c        0x00000000   Number         0  gizwits_protocol.o ABSOLUTE
    ..\drivers\src\oled.c                    0x00000000   Number         0  oled.o ABSOLUTE
    ..\drivers\src\ringbuffer.c              0x00000000   Number         0  ringbuffer.o ABSOLUTE
    ..\library\Libraries\CMSIS\CM3\CoreSupport\core_cm3.c 0x00000000   Number         0  core_cm3.o ABSOLUTE
    ..\library\Libraries\CMSIS\CM3\DeviceSupport\ST\STM32F10x\startup\arm\startup_stm32f10x_hd.s 0x00000000   Number         0  startup_stm32f10x_hd.o ABSOLUTE
    ..\library\Libraries\CMSIS\CM3\DeviceSupport\ST\STM32F10x\system_stm32f10x.c 0x00000000   Number         0  system_stm32f10x.o ABSOLUTE
    ..\library\Libraries\STM32F10x_StdPeriph_Driver\src\misc.c 0x00000000   Number         0  misc.o ABSOLUTE
    ..\library\Libraries\STM32F10x_StdPeriph_Driver\src\stm32f10x_adc.c 0x00000000   Number         0  stm32f10x_adc.o ABSOLUTE
    ..\library\Libraries\STM32F10x_StdPeriph_Driver\src\stm32f10x_bkp.c 0x00000000   Number         0  stm32f10x_bkp.o ABSOLUTE
    ..\library\Libraries\STM32F10x_StdPeriph_Driver\src\stm32f10x_can.c 0x00000000   Number         0  stm32f10x_can.o ABSOLUTE
    ..\library\Libraries\STM32F10x_StdPeriph_Driver\src\stm32f10x_cec.c 0x00000000   Number         0  stm32f10x_cec.o ABSOLUTE
    ..\library\Libraries\STM32F10x_StdPeriph_Driver\src\stm32f10x_crc.c 0x00000000   Number         0  stm32f10x_crc.o ABSOLUTE
    ..\library\Libraries\STM32F10x_StdPeriph_Driver\src\stm32f10x_dac.c 0x00000000   Number         0  stm32f10x_dac.o ABSOLUTE
    ..\library\Libraries\STM32F10x_StdPeriph_Driver\src\stm32f10x_dbgmcu.c 0x00000000   Number         0  stm32f10x_dbgmcu.o ABSOLUTE
    ..\library\Libraries\STM32F10x_StdPeriph_Driver\src\stm32f10x_dma.c 0x00000000   Number         0  stm32f10x_dma.o ABSOLUTE
    ..\library\Libraries\STM32F10x_StdPeriph_Driver\src\stm32f10x_exti.c 0x00000000   Number         0  stm32f10x_exti.o ABSOLUTE
    ..\library\Libraries\STM32F10x_StdPeriph_Driver\src\stm32f10x_flash.c 0x00000000   Number         0  stm32f10x_flash.o ABSOLUTE
    ..\library\Libraries\STM32F10x_StdPeriph_Driver\src\stm32f10x_fsmc.c 0x00000000   Number         0  stm32f10x_fsmc.o ABSOLUTE
    ..\library\Libraries\STM32F10x_StdPeriph_Driver\src\stm32f10x_gpio.c 0x00000000   Number         0  stm32f10x_gpio.o ABSOLUTE
    ..\library\Libraries\STM32F10x_StdPeriph_Driver\src\stm32f10x_i2c.c 0x00000000   Number         0  stm32f10x_i2c.o ABSOLUTE
    ..\library\Libraries\STM32F10x_StdPeriph_Driver\src\stm32f10x_iwdg.c 0x00000000   Number         0  stm32f10x_iwdg.o ABSOLUTE
    ..\library\Libraries\STM32F10x_StdPeriph_Driver\src\stm32f10x_pwr.c 0x00000000   Number         0  stm32f10x_pwr.o ABSOLUTE
    ..\library\Libraries\STM32F10x_StdPeriph_Driver\src\stm32f10x_rcc.c 0x00000000   Number         0  stm32f10x_rcc.o ABSOLUTE
    ..\library\Libraries\STM32F10x_StdPeriph_Driver\src\stm32f10x_rtc.c 0x00000000   Number         0  stm32f10x_rtc.o ABSOLUTE
    ..\library\Libraries\STM32F10x_StdPeriph_Driver\src\stm32f10x_sdio.c 0x00000000   Number         0  stm32f10x_sdio.o ABSOLUTE
    ..\library\Libraries\STM32F10x_StdPeriph_Driver\src\stm32f10x_spi.c 0x00000000   Number         0  stm32f10x_spi.o ABSOLUTE
    ..\library\Libraries\STM32F10x_StdPeriph_Driver\src\stm32f10x_tim.c 0x00000000   Number         0  stm32f10x_tim.o ABSOLUTE
    ..\library\Libraries\STM32F10x_StdPeriph_Driver\src\stm32f10x_usart.c 0x00000000   Number         0  stm32f10x_usart.o ABSOLUTE
    ..\library\Libraries\STM32F10x_StdPeriph_Driver\src\stm32f10x_wwdg.c 0x00000000   Number         0  stm32f10x_wwdg.o ABSOLUTE
    ..\user\main.c                           0x00000000   Number         0  main.o ABSOLUTE
    ..\user\stm32f10x_it.c                   0x00000000   Number         0  stm32f10x_it.o ABSOLUTE
    cdrcmple.s                               0x00000000   Number         0  cdrcmple.o ABSOLUTE
    cfcmple.s                                0x00000000   Number         0  cfcmple.o ABSOLUTE
    dc.s                                     0x00000000   Number         0  dc.o ABSOLUTE
    handlers.s                               0x00000000   Number         0  handlers.o ABSOLUTE
    init.s                                   0x00000000   Number         0  init.o ABSOLUTE
    RESET                                    0x08000000   Section      304  startup_stm32f10x_hd.o(RESET)
    .ARM.Collect$$$$00000000                 0x08000130   Section        0  entry.o(.ARM.Collect$$$$00000000)
    .ARM.Collect$$$$00000001                 0x08000130   Section        4  entry2.o(.ARM.Collect$$$$00000001)
    .ARM.Collect$$$$00000004                 0x08000134   Section        4  entry5.o(.ARM.Collect$$$$00000004)
    .ARM.Collect$$$$00000008                 0x08000138   Section        0  entry7b.o(.ARM.Collect$$$$00000008)
    .ARM.Collect$$$$0000000A                 0x08000138   Section        0  entry8b.o(.ARM.Collect$$$$0000000A)
    .ARM.Collect$$$$0000000B                 0x08000138   Section        8  entry9a.o(.ARM.Collect$$$$0000000B)
    .ARM.Collect$$$$0000000D                 0x08000140   Section        0  entry10a.o(.ARM.Collect$$$$0000000D)
    .ARM.Collect$$$$0000000F                 0x08000140   Section        0  entry11a.o(.ARM.Collect$$$$0000000F)
    .ARM.Collect$$$$00002712                 0x08000140   Section        4  entry2.o(.ARM.Collect$$$$00002712)
    __lit__00000000                          0x08000140   Data           4  entry2.o(.ARM.Collect$$$$00002712)
    .text                                    0x08000144   Section       36  startup_stm32f10x_hd.o(.text)
    .text                                    0x08000168   Section        0  memcpya.o(.text)
    .text                                    0x0800018c   Section        0  memseta.o(.text)
    .text                                    0x080001b0   Section        0  fmul.o(.text)
    .text                                    0x08000214   Section        0  dmul.o(.text)
    .text                                    0x080002f8   Section        0  ddiv.o(.text)
    .text                                    0x080003d6   Section        0  dflti.o(.text)
    .text                                    0x080003f8   Section        0  ffixi.o(.text)
    .text                                    0x0800042a   Section        0  ffixui.o(.text)
    .text                                    0x08000452   Section        0  f2d.o(.text)
    .text                                    0x08000478   Section        0  d2f.o(.text)
    .text                                    0x080004b0   Section       20  cfcmple.o(.text)
    .text                                    0x080004c4   Section        0  uidiv.o(.text)
    .text                                    0x080004f0   Section        0  uldiv.o(.text)
    .text                                    0x08000552   Section        0  fepilogue.o(.text)
    .text                                    0x08000552   Section        0  iusefp.o(.text)
    .text                                    0x080005c0   Section        0  depilogue.o(.text)
    .text                                    0x0800067a   Section        0  dadd.o(.text)
    .text                                    0x080007c8   Section        0  dfixul.o(.text)
    .text                                    0x080007f8   Section       48  cdrcmple.o(.text)
    .text                                    0x08000828   Section       36  init.o(.text)
    .text                                    0x0800084c   Section        0  llshl.o(.text)
    .text                                    0x0800086a   Section        0  llushr.o(.text)
    .text                                    0x0800088a   Section        0  llsshr.o(.text)
    .text                                    0x080008ae   Section        0  __dclz77c.o(.text)
    i.ADC1_InitConfig                        0x0800090c   Section        0  adc.o(i.ADC1_InitConfig)
    i.ADC_Cmd                                0x080009b8   Section        0  stm32f10x_adc.o(i.ADC_Cmd)
    i.ADC_DMACmd                             0x080009ce   Section        0  stm32f10x_adc.o(i.ADC_DMACmd)
    i.ADC_GetCalibrationStatus               0x080009e4   Section        0  stm32f10x_adc.o(i.ADC_GetCalibrationStatus)
    i.ADC_GetResetCalibrationStatus          0x080009f8   Section        0  stm32f10x_adc.o(i.ADC_GetResetCalibrationStatus)
    i.ADC_Init                               0x08000a0c   Section        0  stm32f10x_adc.o(i.ADC_Init)
    i.ADC_RegularChannelConfig               0x08000a5c   Section        0  stm32f10x_adc.o(i.ADC_RegularChannelConfig)
    i.ADC_ResetCalibration                   0x08000b14   Section        0  stm32f10x_adc.o(i.ADC_ResetCalibration)
    i.ADC_SoftwareStartConvCmd               0x08000b1e   Section        0  stm32f10x_adc.o(i.ADC_SoftwareStartConvCmd)
    i.ADC_StartCalibration                   0x08000b34   Section        0  stm32f10x_adc.o(i.ADC_StartCalibration)
    i.BusFault_Handler                       0x08000b3e   Section        0  stm32f10x_it.o(i.BusFault_Handler)
    i.DHT11_CheckResponse                    0x08000b44   Section        0  dht11.o(i.DHT11_CheckResponse)
    i.DHT11_GPIO_Pin_InitCnofig              0x08000ba0   Section        0  dht11.o(i.DHT11_GPIO_Pin_InitCnofig)
    i.DHT11_Input                            0x08000bf8   Section        0  dht11.o(i.DHT11_Input)
    i.DHT11_Output                           0x08000c1c   Section        0  dht11.o(i.DHT11_Output)
    i.DHT11_ReadBit                          0x08000c40   Section        0  dht11.o(i.DHT11_ReadBit)
    i.DHT11_ReadByte                         0x08000c9c   Section        0  dht11.o(i.DHT11_ReadByte)
    i.DHT11_ReadData                         0x08000cba   Section        0  dht11.o(i.DHT11_ReadData)
    i.DHT11_SendReset                        0x08000d14   Section        0  dht11.o(i.DHT11_SendReset)
    i.DMA_Cmd                                0x08000d40   Section        0  stm32f10x_dma.o(i.DMA_Cmd)
    i.DMA_Init                               0x08000d58   Section        0  stm32f10x_dma.o(i.DMA_Init)
    i.DMA_InitConfig_P2M                     0x08000d94   Section        0  dma.o(i.DMA_InitConfig_P2M)
    i.DebugMon_Handler                       0x08000df8   Section        0  stm32f10x_it.o(i.DebugMon_Handler)
    i.GPIO_Init                              0x08000dfa   Section        0  stm32f10x_gpio.o(i.GPIO_Init)
    i.GPIO_PinRemapConfig                    0x08000f10   Section        0  stm32f10x_gpio.o(i.GPIO_PinRemapConfig)
    i.GPIO_ReadInputDataBit                  0x08000fa0   Section        0  stm32f10x_gpio.o(i.GPIO_ReadInputDataBit)
    i.GPIO_ResetBits                         0x08000fb2   Section        0  stm32f10x_gpio.o(i.GPIO_ResetBits)
    i.GPIO_SetBits                           0x08000fb6   Section        0  stm32f10x_gpio.o(i.GPIO_SetBits)
    i.GetValue_ADC_Average                   0x08000fbc   Section        0  dma.o(i.GetValue_ADC_Average)
    i.Gizwits_Init                           0x08000fe8   Section        0  main.o(i.Gizwits_Init)
    i.HardFault_Handler                      0x08001008   Section        0  stm32f10x_it.o(i.HardFault_Handler)
    i.IIC_GPIO_Pin_InitCnofig                0x0800100c   Section        0  iic.o(i.IIC_GPIO_Pin_InitCnofig)
    i.IIC_Receive_Byte                       0x08001040   Section        0  iic.o(i.IIC_Receive_Byte)
    i.IIC_SDA_Input                          0x0800109c   Section        0  iic.o(i.IIC_SDA_Input)
    i.IIC_SDA_Output                         0x080010c0   Section        0  iic.o(i.IIC_SDA_Output)
    i.IIC_Send_ACK                           0x080010e4   Section        0  iic.o(i.IIC_Send_ACK)
    i.IIC_Send_Byte                          0x0800111c   Section        0  iic.o(i.IIC_Send_Byte)
    i.IIC_Send_NACK                          0x08001178   Section        0  iic.o(i.IIC_Send_NACK)
    i.IIC_Start                              0x080011b0   Section        0  iic.o(i.IIC_Start)
    i.IIC_Stop                               0x080011e8   Section        0  iic.o(i.IIC_Stop)
    i.IIC_Wait_ACK                           0x08001220   Section        0  iic.o(i.IIC_Wait_ACK)
    i.MemManage_Handler                      0x08001274   Section        0  stm32f10x_it.o(i.MemManage_Handler)
    i.NMI_Handler                            0x08001278   Section        0  stm32f10x_it.o(i.NMI_Handler)
    i.NVIC_Init                              0x0800127c   Section        0  misc.o(i.NVIC_Init)
    i.NVIC_InitConfig_USART                  0x080012ec   Section        0  nvic.o(i.NVIC_InitConfig_USART)
    i.NVIC_PriorityGroupConfig               0x0800131c   Section        0  misc.o(i.NVIC_PriorityGroupConfig)
    i.OLED_Clear                             0x08001330   Section        0  oled.o(i.OLED_Clear)
    i.OLED_Init                              0x08001370   Section        0  oled.o(i.OLED_Init)
    i.OLED_Set_Pos                           0x080014d0   Section        0  oled.o(i.OLED_Set_Pos)
    i.OLED_ShowCHinese                       0x08001500   Section        0  oled.o(i.OLED_ShowCHinese)
    i.OLED_ShowChar                          0x08001568   Section        0  oled.o(i.OLED_ShowChar)
    i.OLED_ShowNum                           0x080015d8   Section        0  oled.o(i.OLED_ShowNum)
    i.OLED_ShowString                        0x0800165c   Section        0  oled.o(i.OLED_ShowString)
    i.OLED_WR_Byte                           0x08001694   Section        0  oled.o(i.OLED_WR_Byte)
    i.PWM_OutPut_InitConfig                  0x080016f8   Section        0  tim.o(i.PWM_OutPut_InitConfig)
    i.PendSV_Handler                         0x080017a0   Section        0  stm32f10x_it.o(i.PendSV_Handler)
    i.RCC_ADCCLKConfig                       0x080017a4   Section        0  stm32f10x_rcc.o(i.RCC_ADCCLKConfig)
    i.RCC_AHBPeriphClockCmd                  0x080017bc   Section        0  stm32f10x_rcc.o(i.RCC_AHBPeriphClockCmd)
    i.RCC_APB1PeriphClockCmd                 0x080017dc   Section        0  stm32f10x_rcc.o(i.RCC_APB1PeriphClockCmd)
    i.RCC_APB1PeriphResetCmd                 0x080017fc   Section        0  stm32f10x_rcc.o(i.RCC_APB1PeriphResetCmd)
    i.RCC_APB2PeriphClockCmd                 0x0800181c   Section        0  stm32f10x_rcc.o(i.RCC_APB2PeriphClockCmd)
    i.RCC_APB2PeriphResetCmd                 0x0800183c   Section        0  stm32f10x_rcc.o(i.RCC_APB2PeriphResetCmd)
    i.RCC_GetClocksFreq                      0x0800185c   Section        0  stm32f10x_rcc.o(i.RCC_GetClocksFreq)
    i.SGP30_InitConfig                       0x08001930   Section        0  iic.o(i.SGP30_InitConfig)
    i.SGP30_Read                             0x08001966   Section        0  iic.o(i.SGP30_Read)
    i.SGP30_Write                            0x080019ce   Section        0  iic.o(i.SGP30_Write)
    i.SVC_Handler                            0x08001a04   Section        0  stm32f10x_it.o(i.SVC_Handler)
    i.SetSysClock                            0x08001a06   Section        0  system_stm32f10x.o(i.SetSysClock)
    SetSysClock                              0x08001a07   Thumb Code     8  system_stm32f10x.o(i.SetSysClock)
    i.SetSysClockTo72                        0x08001a10   Section        0  system_stm32f10x.o(i.SetSysClockTo72)
    SetSysClockTo72                          0x08001a11   Thumb Code   214  system_stm32f10x.o(i.SetSysClockTo72)
    i.SysTick_Handler                        0x08001af0   Section        0  stm32f10x_it.o(i.SysTick_Handler)
    i.SysTick_InitConfig                     0x08001af4   Section        0  systick.o(i.SysTick_InitConfig)
    i.SystemInit                             0x08001b28   Section        0  system_stm32f10x.o(i.SystemInit)
    i.TIM3_IRQHandler                        0x08001b88   Section        0  gizwits_product.o(i.TIM3_IRQHandler)
    i.TIM6_IRQHandler                        0x08001b90   Section        0  tim.o(i.TIM6_IRQHandler)
    i.TIM_ARRPreloadConfig                   0x08001bb0   Section        0  stm32f10x_tim.o(i.TIM_ARRPreloadConfig)
    i.TIM_ClearFlag                          0x08001bc8   Section        0  stm32f10x_tim.o(i.TIM_ClearFlag)
    i.TIM_ClearITPendingBit                  0x08001bce   Section        0  stm32f10x_tim.o(i.TIM_ClearITPendingBit)
    i.TIM_Cmd                                0x08001bd4   Section        0  stm32f10x_tim.o(i.TIM_Cmd)
    i.TIM_GetITStatus                        0x08001bec   Section        0  stm32f10x_tim.o(i.TIM_GetITStatus)
    i.TIM_ITConfig                           0x08001c0e   Section        0  stm32f10x_tim.o(i.TIM_ITConfig)
    i.TIM_InitConfig                         0x08001c20   Section        0  tim.o(i.TIM_InitConfig)
    i.TIM_OC1Init                            0x08001c7c   Section        0  stm32f10x_tim.o(i.TIM_OC1Init)
    i.TIM_OC1PreloadConfig                   0x08001d14   Section        0  stm32f10x_tim.o(i.TIM_OC1PreloadConfig)
    i.TIM_TimeBaseInit                       0x08001d28   Section        0  stm32f10x_tim.o(i.TIM_TimeBaseInit)
    i.UART3_InitConfig                       0x08001dcc   Section        0  uart.o(i.UART3_InitConfig)
    i.UART_InitConfig                        0x08001e78   Section        0  uart.o(i.UART_InitConfig)
    i.USART2_IRQHandler                      0x08001f00   Section        0  gizwits_product.o(i.USART2_IRQHandler)
    i.USART3_IRQHandler                      0x08001f10   Section        0  uart.o(i.USART3_IRQHandler)
    i.USART_Cmd                              0x08001f3c   Section        0  stm32f10x_usart.o(i.USART_Cmd)
    i.USART_DeInit                           0x08001f54   Section        0  stm32f10x_usart.o(i.USART_DeInit)
    i.USART_GetFlagStatus                    0x08001ff0   Section        0  stm32f10x_usart.o(i.USART_GetFlagStatus)
    i.USART_GetITStatus                      0x0800200a   Section        0  stm32f10x_usart.o(i.USART_GetITStatus)
    i.USART_ITConfig                         0x0800205e   Section        0  stm32f10x_usart.o(i.USART_ITConfig)
    i.USART_Init                             0x080020a8   Section        0  stm32f10x_usart.o(i.USART_Init)
    i.USART_ReceiveData                      0x08002180   Section        0  stm32f10x_usart.o(i.USART_ReceiveData)
    i.USART_SendData                         0x0800218a   Section        0  stm32f10x_usart.o(i.USART_SendData)
    i.UsageFault_Handler                     0x08002192   Section        0  stm32f10x_it.o(i.UsageFault_Handler)
    i.__0printf                              0x08002198   Section        0  printfa.o(i.__0printf)
    i.__scatterload_copy                     0x080021b8   Section       14  handlers.o(i.__scatterload_copy)
    i.__scatterload_null                     0x080021c6   Section        2  handlers.o(i.__scatterload_null)
    i.__scatterload_zeroinit                 0x080021c8   Section       14  handlers.o(i.__scatterload_zeroinit)
    i._fp_digits                             0x080021d8   Section        0  printfa.o(i._fp_digits)
    _fp_digits                               0x080021d9   Thumb Code   366  printfa.o(i._fp_digits)
    i._printf_core                           0x0800235c   Section        0  printfa.o(i._printf_core)
    _printf_core                             0x0800235d   Thumb Code  1744  printfa.o(i._printf_core)
    i._printf_post_padding                   0x08002a38   Section        0  printfa.o(i._printf_post_padding)
    _printf_post_padding                     0x08002a39   Thumb Code    36  printfa.o(i._printf_post_padding)
    i._printf_pre_padding                    0x08002a5c   Section        0  printfa.o(i._printf_pre_padding)
    _printf_pre_padding                      0x08002a5d   Thumb Code    46  printfa.o(i._printf_pre_padding)
    i.delay_ms                               0x08002a8c   Section        0  systick.o(i.delay_ms)
    i.delay_us                               0x08002acc   Section        0  systick.o(i.delay_us)
    i.exchangeBytes                          0x08002b0c   Section        0  common.o(i.exchangeBytes)
    i.exchangeWord                           0x08002b26   Section        0  common.o(i.exchangeWord)
    i.fputc                                  0x08002b40   Section        0  uart.o(i.fputc)
    i.gizCheckReport                         0x08002b64   Section        0  gizwits_protocol.o(i.gizCheckReport)
    gizCheckReport                           0x08002b65   Thumb Code   234  gizwits_protocol.o(i.gizCheckReport)
    i.gizDataPoints2ReportData               0x08002d1c   Section        0  gizwits_protocol.o(i.gizDataPoints2ReportData)
    gizDataPoints2ReportData                 0x08002d1d   Thumb Code   138  gizwits_protocol.o(i.gizDataPoints2ReportData)
    i.gizDevReportPolicy                     0x08002dd8   Section        0  gizwits_protocol.o(i.gizDevReportPolicy)
    gizDevReportPolicy                       0x08002dd9   Thumb Code   128  gizwits_protocol.o(i.gizDevReportPolicy)
    i.gizGetTimerCount                       0x08002e94   Section        0  gizwits_product.o(i.gizGetTimerCount)
    i.gizProtocolAckHandle                   0x08002ea0   Section        0  gizwits_protocol.o(i.gizProtocolAckHandle)
    gizProtocolAckHandle                     0x08002ea1   Thumb Code    90  gizwits_protocol.o(i.gizProtocolAckHandle)
    i.gizProtocolCommonAck                   0x08002f28   Section        0  gizwits_protocol.o(i.gizProtocolCommonAck)
    gizProtocolCommonAck                     0x08002f29   Thumb Code    86  gizwits_protocol.o(i.gizProtocolCommonAck)
    i.gizProtocolErrorCmd                    0x08002fc8   Section        0  gizwits_protocol.o(i.gizProtocolErrorCmd)
    gizProtocolErrorCmd                      0x08002fc9   Thumb Code    90  gizwits_protocol.o(i.gizProtocolErrorCmd)
    i.gizProtocolGetDeviceInfo               0x0800306c   Section        0  gizwits_protocol.o(i.gizProtocolGetDeviceInfo)
    gizProtocolGetDeviceInfo                 0x0800306d   Thumb Code   182  gizwits_protocol.o(i.gizProtocolGetDeviceInfo)
    i.gizProtocolGetOnePacket                0x080031e8   Section        0  gizwits_protocol.o(i.gizProtocolGetOnePacket)
    gizProtocolGetOnePacket                  0x080031e9   Thumb Code   358  gizwits_protocol.o(i.gizProtocolGetOnePacket)
    i.gizProtocolHeadInit                    0x08003390   Section        0  gizwits_protocol.o(i.gizProtocolHeadInit)
    gizProtocolHeadInit                      0x08003391   Thumb Code    34  gizwits_protocol.o(i.gizProtocolHeadInit)
    i.gizProtocolIssuedDataAck               0x080033e0   Section        0  gizwits_protocol.o(i.gizProtocolIssuedDataAck)
    gizProtocolIssuedDataAck                 0x080033e1   Thumb Code   230  gizwits_protocol.o(i.gizProtocolIssuedDataAck)
    i.gizProtocolIssuedProcess               0x08003520   Section        0  gizwits_protocol.o(i.gizProtocolIssuedProcess)
    gizProtocolIssuedProcess                 0x08003521   Thumb Code   206  gizwits_protocol.o(i.gizProtocolIssuedProcess)
    i.gizProtocolModuleInfoHandle            0x08003624   Section        0  gizwits_protocol.o(i.gizProtocolModuleInfoHandle)
    gizProtocolModuleInfoHandle              0x08003625   Thumb Code    70  gizwits_protocol.o(i.gizProtocolModuleInfoHandle)
    i.gizProtocolModuleStatus                0x08003680   Section        0  gizwits_protocol.o(i.gizProtocolModuleStatus)
    gizProtocolModuleStatus                  0x08003681   Thumb Code   816  gizwits_protocol.o(i.gizProtocolModuleStatus)
    i.gizProtocolNTP                         0x08003b84   Section        0  gizwits_protocol.o(i.gizProtocolNTP)
    gizProtocolNTP                           0x08003b85   Thumb Code   112  gizwits_protocol.o(i.gizProtocolNTP)
    i.gizProtocolReboot                      0x08003c0c   Section        0  gizwits_protocol.o(i.gizProtocolReboot)
    gizProtocolReboot                        0x08003c0d   Thumb Code    28  gizwits_protocol.o(i.gizProtocolReboot)
    i.gizProtocolResendData                  0x08003c28   Section        0  gizwits_protocol.o(i.gizProtocolResendData)
    gizProtocolResendData                    0x08003c29   Thumb Code    62  gizwits_protocol.o(i.gizProtocolResendData)
    i.gizProtocolSum                         0x08003ca4   Section        0  common.o(i.gizProtocolSum)
    i.gizProtocolWaitAck                     0x08003ccc   Section        0  gizwits_protocol.o(i.gizProtocolWaitAck)
    gizProtocolWaitAck                       0x08003ccd   Thumb Code    68  gizwits_protocol.o(i.gizProtocolWaitAck)
    i.gizProtocolWaitAckCheck                0x08003d2c   Section        0  gizwits_protocol.o(i.gizProtocolWaitAckCheck)
    gizProtocolWaitAckCheck                  0x08003d2d   Thumb Code    44  gizwits_protocol.o(i.gizProtocolWaitAckCheck)
    i.gizPutData                             0x08003d74   Section        0  gizwits_protocol.o(i.gizPutData)
    i.gizReportData                          0x08003de8   Section        0  gizwits_protocol.o(i.gizReportData)
    gizReportData                            0x08003de9   Thumb Code   140  gizwits_protocol.o(i.gizReportData)
    i.gizTimerMs                             0x08003ebc   Section        0  gizwits_product.o(i.gizTimerMs)
    i.gizY2X                                 0x08003ecc   Section        0  datapointtools.o(i.gizY2X)
    i.gizwitsEventProcess                    0x08003edc   Section        0  gizwits_product.o(i.gizwitsEventProcess)
    i.gizwitsHandle                          0x08004010   Section        0  gizwits_protocol.o(i.gizwitsHandle)
    i.gizwitsInit                            0x08004328   Section        0  gizwits_protocol.o(i.gizwitsInit)
    i.gizwitsSetMode                         0x0800438c   Section        0  gizwits_protocol.o(i.gizwitsSetMode)
    i.main                                   0x08004614   Section        0  main.o(i.main)
    i.mcuRestart                             0x080049f8   Section        0  gizwits_product.o(i.mcuRestart)
    i.oled_pow                               0x08004a28   Section        0  oled.o(i.oled_pow)
    i.rbCanRead                              0x08004a3e   Section        0  ringbuffer.o(i.rbCanRead)
    i.rbCanWrite                             0x08004a76   Section        0  ringbuffer.o(i.rbCanWrite)
    i.rbCapacity                             0x08004a94   Section        0  ringbuffer.o(i.rbCapacity)
    i.rbCreate                               0x08004aa2   Section        0  ringbuffer.o(i.rbCreate)
    i.rbRead                                 0x08004ab8   Section        0  ringbuffer.o(i.rbRead)
    i.rbWrite                                0x08004b5a   Section        0  ringbuffer.o(i.rbWrite)
    i.uartWrite                              0x08004bf4   Section        0  gizwits_product.o(i.uartWrite)
    i.userHandle                             0x08004c4c   Section        0  gizwits_product.o(i.userHandle)
    .constdata                               0x08004c4e   Section     2072  oled.o(.constdata)
    .data                                    0x20000000   Section       32  main.o(.data)
    .data                                    0x20000020   Section       20  stm32f10x_rcc.o(.data)
    APBAHBPrescTable                         0x20000020   Data          16  stm32f10x_rcc.o(.data)
    ADCPrescTable                            0x20000030   Data           4  stm32f10x_rcc.o(.data)
    .data                                    0x20000034   Section        8  systick.o(.data)
    f_ms                                     0x20000034   Data           4  systick.o(.data)
    f_us                                     0x20000038   Data           4  systick.o(.data)
    .data                                    0x2000003c   Section        4  uart.o(.data)
    .data                                    0x20000040   Section     1344  oled.o(.data)
    .data                                    0x20000580   Section        4  gizwits_product.o(.data)
    timerMsCount                             0x20000580   Data           4  gizwits_product.o(.data)
    .data                                    0x20000584   Section       16  gizwits_protocol.o(.data)
    lastReportTime                           0x20000584   Data           4  gizwits_protocol.o(.data)
    lastRepTime                              0x20000588   Data           4  gizwits_protocol.o(.data)
    protocolFlag                             0x2000058c   Data           1  gizwits_protocol.o(.data)
    protocolCount                            0x2000058e   Data           2  gizwits_protocol.o(.data)
    lastData                                 0x20000590   Data           1  gizwits_protocol.o(.data)
    debugCount                               0x20000591   Data           1  gizwits_protocol.o(.data)
    lastStatus                               0x20000592   Data           2  gizwits_protocol.o(.data)
    .bss                                     0x20000594   Section       24  main.o(.bss)
    .bss                                     0x200005ac   Section      130  dma.o(.bss)
    .bss                                     0x2000062e   Section      389  gizwits_protocol.o(.bss)
    rbBuf                                    0x20000779   Data          58  gizwits_protocol.o(.bss)
    STACK                                    0x200007b8   Section     1024  startup_stm32f10x_hd.o(STACK)

    Global Symbols

    Symbol Name                              Value     Ov Type        Size  Object(Section)

    BuildAttributes$$THM_ISAv4$P$D$K$B$S$PE$A:L22UL41UL21$X:L11$S22US41US21$IEEE1$IW$USESV6$~STKCKD$USESV7$~SHL$OTIME$ROPI$EBA8$MICROLIB$REQ8$PRES8$EABIv2 0x00000000   Number         0  anon$$obj.o ABSOLUTE
    __ARM_use_no_argv                        0x00000000   Number         0  main.o ABSOLUTE
    __use_no_errno                           0x00000000   Number         0  useno.o ABSOLUTE
    __use_no_exception_handling              0x00000000   Number         0  useno.o ABSOLUTE
    __use_no_fp                              0x00000000   Number         0  useno.o ABSOLUTE
    __use_no_heap                            0x00000000   Number         0  useno.o ABSOLUTE
    __use_no_heap_region                     0x00000000   Number         0  useno.o ABSOLUTE
    __use_no_semihosting                     0x00000000   Number         0  useno.o ABSOLUTE
    __use_no_semihosting_swi                 0x00000000   Number         0  useno.o ABSOLUTE
    __use_no_signal_handling                 0x00000000   Number         0  useno.o ABSOLUTE
    _printf_a                                0x00000000   Number         0  stubs.o ABSOLUTE
    _printf_c                                0x00000000   Number         0  stubs.o ABSOLUTE
    _printf_charcount                        0x00000000   Number         0  stubs.o ABSOLUTE
    _printf_d                                0x00000000   Number         0  stubs.o ABSOLUTE
    _printf_e                                0x00000000   Number         0  stubs.o ABSOLUTE
    _printf_f                                0x00000000   Number         0  stubs.o ABSOLUTE
    _printf_flags                            0x00000000   Number         0  stubs.o ABSOLUTE
    _printf_fp_dec                           0x00000000   Number         0  stubs.o ABSOLUTE
    _printf_fp_hex                           0x00000000   Number         0  stubs.o ABSOLUTE
    _printf_g                                0x00000000   Number         0  stubs.o ABSOLUTE
    _printf_i                                0x00000000   Number         0  stubs.o ABSOLUTE
    _printf_int_dec                          0x00000000   Number         0  stubs.o ABSOLUTE
    _printf_l                                0x00000000   Number         0  stubs.o ABSOLUTE
    _printf_lc                               0x00000000   Number         0  stubs.o ABSOLUTE
    _printf_ll                               0x00000000   Number         0  stubs.o ABSOLUTE
    _printf_lld                              0x00000000   Number         0  stubs.o ABSOLUTE
    _printf_lli                              0x00000000   Number         0  stubs.o ABSOLUTE
    _printf_llo                              0x00000000   Number         0  stubs.o ABSOLUTE
    _printf_llu                              0x00000000   Number         0  stubs.o ABSOLUTE
    _printf_llx                              0x00000000   Number         0  stubs.o ABSOLUTE
    _printf_longlong_dec                     0x00000000   Number         0  stubs.o ABSOLUTE
    _printf_longlong_hex                     0x00000000   Number         0  stubs.o ABSOLUTE
    _printf_longlong_oct                     0x00000000   Number         0  stubs.o ABSOLUTE
    _printf_ls                               0x00000000   Number         0  stubs.o ABSOLUTE
    _printf_mbtowc                           0x00000000   Number         0  stubs.o ABSOLUTE
    _printf_n                                0x00000000   Number         0  stubs.o ABSOLUTE
    _printf_o                                0x00000000   Number         0  stubs.o ABSOLUTE
    _printf_p                                0x00000000   Number         0  stubs.o ABSOLUTE
    _printf_percent                          0x00000000   Number         0  stubs.o ABSOLUTE
    _printf_pre_padding                      0x00000000   Number         0  stubs.o ABSOLUTE
    _printf_return_value                     0x00000000   Number         0  stubs.o ABSOLUTE
    _printf_s                                0x00000000   Number         0  stubs.o ABSOLUTE
    _printf_sizespec                         0x00000000   Number         0  stubs.o ABSOLUTE
    _printf_str                              0x00000000   Number         0  stubs.o ABSOLUTE
    _printf_truncate_signed                  0x00000000   Number         0  stubs.o ABSOLUTE
    _printf_truncate_unsigned                0x00000000   Number         0  stubs.o ABSOLUTE
    _printf_u                                0x00000000   Number         0  stubs.o ABSOLUTE
    _printf_wc                               0x00000000   Number         0  stubs.o ABSOLUTE
    _printf_wctomb                           0x00000000   Number         0  stubs.o ABSOLUTE
    _printf_widthprec                        0x00000000   Number         0  stubs.o ABSOLUTE
    _printf_x                                0x00000000   Number         0  stubs.o ABSOLUTE
    __cpp_initialize__aeabi_                  - Undefined Weak Reference
    __cxa_finalize                            - Undefined Weak Reference
    _clock_init                               - Undefined Weak Reference
    _microlib_exit                            - Undefined Weak Reference
    __Vectors_Size                           0x00000130   Number         0  startup_stm32f10x_hd.o ABSOLUTE
    __Vectors                                0x08000000   Data           4  startup_stm32f10x_hd.o(RESET)
    __Vectors_End                            0x08000130   Data           0  startup_stm32f10x_hd.o(RESET)
    __main                                   0x08000131   Thumb Code     0  entry.o(.ARM.Collect$$$$00000000)
    _main_stk                                0x08000131   Thumb Code     0  entry2.o(.ARM.Collect$$$$00000001)
    _main_scatterload                        0x08000135   Thumb Code     0  entry5.o(.ARM.Collect$$$$00000004)
    __main_after_scatterload                 0x08000139   Thumb Code     0  entry5.o(.ARM.Collect$$$$00000004)
    _main_clock                              0x08000139   Thumb Code     0  entry7b.o(.ARM.Collect$$$$00000008)
    _main_cpp_init                           0x08000139   Thumb Code     0  entry8b.o(.ARM.Collect$$$$0000000A)
    _main_init                               0x08000139   Thumb Code     0  entry9a.o(.ARM.Collect$$$$0000000B)
    __rt_final_cpp                           0x08000141   Thumb Code     0  entry10a.o(.ARM.Collect$$$$0000000D)
    __rt_final_exit                          0x08000141   Thumb Code     0  entry11a.o(.ARM.Collect$$$$0000000F)
    Reset_Handler                            0x08000145   Thumb Code     8  startup_stm32f10x_hd.o(.text)
    ADC1_2_IRQHandler                        0x0800015f   Thumb Code     0  startup_stm32f10x_hd.o(.text)
    ADC3_IRQHandler                          0x0800015f   Thumb Code     0  startup_stm32f10x_hd.o(.text)
    CAN1_RX1_IRQHandler                      0x0800015f   Thumb Code     0  startup_stm32f10x_hd.o(.text)
    CAN1_SCE_IRQHandler                      0x0800015f   Thumb Code     0  startup_stm32f10x_hd.o(.text)
    DMA1_Channel1_IRQHandler                 0x0800015f   Thumb Code     0  startup_stm32f10x_hd.o(.text)
    DMA1_Channel2_IRQHandler                 0x0800015f   Thumb Code     0  startup_stm32f10x_hd.o(.text)
    DMA1_Channel3_IRQHandler                 0x0800015f   Thumb Code     0  startup_stm32f10x_hd.o(.text)
    DMA1_Channel4_IRQHandler                 0x0800015f   Thumb Code     0  startup_stm32f10x_hd.o(.text)
    DMA1_Channel5_IRQHandler                 0x0800015f   Thumb Code     0  startup_stm32f10x_hd.o(.text)
    DMA1_Channel6_IRQHandler                 0x0800015f   Thumb Code     0  startup_stm32f10x_hd.o(.text)
    DMA1_Channel7_IRQHandler                 0x0800015f   Thumb Code     0  startup_stm32f10x_hd.o(.text)
    DMA2_Channel1_IRQHandler                 0x0800015f   Thumb Code     0  startup_stm32f10x_hd.o(.text)
    DMA2_Channel2_IRQHandler                 0x0800015f   Thumb Code     0  startup_stm32f10x_hd.o(.text)
    DMA2_Channel3_IRQHandler                 0x0800015f   Thumb Code     0  startup_stm32f10x_hd.o(.text)
    DMA2_Channel4_5_IRQHandler               0x0800015f   Thumb Code     0  startup_stm32f10x_hd.o(.text)
    EXTI0_IRQHandler                         0x0800015f   Thumb Code     0  startup_stm32f10x_hd.o(.text)
    EXTI15_10_IRQHandler                     0x0800015f   Thumb Code     0  startup_stm32f10x_hd.o(.text)
    EXTI1_IRQHandler                         0x0800015f   Thumb Code     0  startup_stm32f10x_hd.o(.text)
    EXTI2_IRQHandler                         0x0800015f   Thumb Code     0  startup_stm32f10x_hd.o(.text)
    EXTI3_IRQHandler                         0x0800015f   Thumb Code     0  startup_stm32f10x_hd.o(.text)
    EXTI4_IRQHandler                         0x0800015f   Thumb Code     0  startup_stm32f10x_hd.o(.text)
    EXTI9_5_IRQHandler                       0x0800015f   Thumb Code     0  startup_stm32f10x_hd.o(.text)
    FLASH_IRQHandler                         0x0800015f   Thumb Code     0  startup_stm32f10x_hd.o(.text)
    FSMC_IRQHandler                          0x0800015f   Thumb Code     0  startup_stm32f10x_hd.o(.text)
    I2C1_ER_IRQHandler                       0x0800015f   Thumb Code     0  startup_stm32f10x_hd.o(.text)
    I2C1_EV_IRQHandler                       0x0800015f   Thumb Code     0  startup_stm32f10x_hd.o(.text)
    I2C2_ER_IRQHandler                       0x0800015f   Thumb Code     0  startup_stm32f10x_hd.o(.text)
    I2C2_EV_IRQHandler                       0x0800015f   Thumb Code     0  startup_stm32f10x_hd.o(.text)
    PVD_IRQHandler                           0x0800015f   Thumb Code     0  startup_stm32f10x_hd.o(.text)
    RCC_IRQHandler                           0x0800015f   Thumb Code     0  startup_stm32f10x_hd.o(.text)
    RTCAlarm_IRQHandler                      0x0800015f   Thumb Code     0  startup_stm32f10x_hd.o(.text)
    RTC_IRQHandler                           0x0800015f   Thumb Code     0  startup_stm32f10x_hd.o(.text)
    SDIO_IRQHandler                          0x0800015f   Thumb Code     0  startup_stm32f10x_hd.o(.text)
    SPI1_IRQHandler                          0x0800015f   Thumb Code     0  startup_stm32f10x_hd.o(.text)
    SPI2_IRQHandler                          0x0800015f   Thumb Code     0  startup_stm32f10x_hd.o(.text)
    SPI3_IRQHandler                          0x0800015f   Thumb Code     0  startup_stm32f10x_hd.o(.text)
    TAMPER_IRQHandler                        0x0800015f   Thumb Code     0  startup_stm32f10x_hd.o(.text)
    TIM1_BRK_IRQHandler                      0x0800015f   Thumb Code     0  startup_stm32f10x_hd.o(.text)
    TIM1_CC_IRQHandler                       0x0800015f   Thumb Code     0  startup_stm32f10x_hd.o(.text)
    TIM1_TRG_COM_IRQHandler                  0x0800015f   Thumb Code     0  startup_stm32f10x_hd.o(.text)
    TIM1_UP_IRQHandler                       0x0800015f   Thumb Code     0  startup_stm32f10x_hd.o(.text)
    TIM2_IRQHandler                          0x0800015f   Thumb Code     0  startup_stm32f10x_hd.o(.text)
    TIM4_IRQHandler                          0x0800015f   Thumb Code     0  startup_stm32f10x_hd.o(.text)
    TIM5_IRQHandler                          0x0800015f   Thumb Code     0  startup_stm32f10x_hd.o(.text)
    TIM7_IRQHandler                          0x0800015f   Thumb Code     0  startup_stm32f10x_hd.o(.text)
    TIM8_BRK_IRQHandler                      0x0800015f   Thumb Code     0  startup_stm32f10x_hd.o(.text)
    TIM8_CC_IRQHandler                       0x0800015f   Thumb Code     0  startup_stm32f10x_hd.o(.text)
    TIM8_TRG_COM_IRQHandler                  0x0800015f   Thumb Code     0  startup_stm32f10x_hd.o(.text)
    TIM8_UP_IRQHandler                       0x0800015f   Thumb Code     0  startup_stm32f10x_hd.o(.text)
    UART4_IRQHandler                         0x0800015f   Thumb Code     0  startup_stm32f10x_hd.o(.text)
    UART5_IRQHandler                         0x0800015f   Thumb Code     0  startup_stm32f10x_hd.o(.text)
    USART1_IRQHandler                        0x0800015f   Thumb Code     0  startup_stm32f10x_hd.o(.text)
    USBWakeUp_IRQHandler                     0x0800015f   Thumb Code     0  startup_stm32f10x_hd.o(.text)
    USB_HP_CAN1_TX_IRQHandler                0x0800015f   Thumb Code     0  startup_stm32f10x_hd.o(.text)
    USB_LP_CAN1_RX0_IRQHandler               0x0800015f   Thumb Code     0  startup_stm32f10x_hd.o(.text)
    WWDG_IRQHandler                          0x0800015f   Thumb Code     0  startup_stm32f10x_hd.o(.text)
    __aeabi_memcpy                           0x08000169   Thumb Code    36  memcpya.o(.text)
    __aeabi_memcpy4                          0x08000169   Thumb Code     0  memcpya.o(.text)
    __aeabi_memcpy8                          0x08000169   Thumb Code     0  memcpya.o(.text)
    __aeabi_memset                           0x0800018d   Thumb Code    14  memseta.o(.text)
    __aeabi_memset4                          0x0800018d   Thumb Code     0  memseta.o(.text)
    __aeabi_memset8                          0x0800018d   Thumb Code     0  memseta.o(.text)
    __aeabi_memclr                           0x0800019b   Thumb Code     4  memseta.o(.text)
    __aeabi_memclr4                          0x0800019b   Thumb Code     0  memseta.o(.text)
    __aeabi_memclr8                          0x0800019b   Thumb Code     0  memseta.o(.text)
    _memset$wrapper                          0x0800019f   Thumb Code    18  memseta.o(.text)
    __aeabi_fmul                             0x080001b1   Thumb Code   100  fmul.o(.text)
    __aeabi_dmul                             0x08000215   Thumb Code   228  dmul.o(.text)
    __aeabi_ddiv                             0x080002f9   Thumb Code   222  ddiv.o(.text)
    __aeabi_i2d                              0x080003d7   Thumb Code    34  dflti.o(.text)
    __aeabi_f2iz                             0x080003f9   Thumb Code    50  ffixi.o(.text)
    __aeabi_f2uiz                            0x0800042b   Thumb Code    40  ffixui.o(.text)
    __aeabi_f2d                              0x08000453   Thumb Code    38  f2d.o(.text)
    __aeabi_d2f                              0x08000479   Thumb Code    56  d2f.o(.text)
    __aeabi_cfcmpeq                          0x080004b1   Thumb Code     0  cfcmple.o(.text)
    __aeabi_cfcmple                          0x080004b1   Thumb Code    20  cfcmple.o(.text)
    __aeabi_uidiv                            0x080004c5   Thumb Code     0  uidiv.o(.text)
    __aeabi_uidivmod                         0x080004c5   Thumb Code    44  uidiv.o(.text)
    __aeabi_uldivmod                         0x080004f1   Thumb Code    98  uldiv.o(.text)
    __I$use$fp                               0x08000553   Thumb Code     0  iusefp.o(.text)
    _float_round                             0x08000553   Thumb Code    18  fepilogue.o(.text)
    _float_epilogue                          0x08000565   Thumb Code    92  fepilogue.o(.text)
    _double_round                            0x080005c1   Thumb Code    30  depilogue.o(.text)
    _double_epilogue                         0x080005df   Thumb Code   156  depilogue.o(.text)
    __aeabi_dadd                             0x0800067b   Thumb Code   322  dadd.o(.text)
    __aeabi_dsub                             0x080007bd   Thumb Code     6  dadd.o(.text)
    __aeabi_drsub                            0x080007c3   Thumb Code     6  dadd.o(.text)
    __aeabi_d2ulz                            0x080007c9   Thumb Code    48  dfixul.o(.text)
    __aeabi_cdrcmple                         0x080007f9   Thumb Code    48  cdrcmple.o(.text)
    __scatterload                            0x08000829   Thumb Code    28  init.o(.text)
    __scatterload_rt2                        0x08000829   Thumb Code     0  init.o(.text)
    __aeabi_llsl                             0x0800084d   Thumb Code    30  llshl.o(.text)
    _ll_shift_l                              0x0800084d   Thumb Code     0  llshl.o(.text)
    __aeabi_llsr                             0x0800086b   Thumb Code    32  llushr.o(.text)
    _ll_ushift_r                             0x0800086b   Thumb Code     0  llushr.o(.text)
    __aeabi_lasr                             0x0800088b   Thumb Code    36  llsshr.o(.text)
    _ll_sshift_r                             0x0800088b   Thumb Code     0  llsshr.o(.text)
    __decompress                             0x080008af   Thumb Code     0  __dclz77c.o(.text)
    __decompress2                            0x080008af   Thumb Code    94  __dclz77c.o(.text)
    ADC1_InitConfig                          0x0800090d   Thumb Code   164  adc.o(i.ADC1_InitConfig)
    ADC_Cmd                                  0x080009b9   Thumb Code    22  stm32f10x_adc.o(i.ADC_Cmd)
    ADC_DMACmd                               0x080009cf   Thumb Code    22  stm32f10x_adc.o(i.ADC_DMACmd)
    ADC_GetCalibrationStatus                 0x080009e5   Thumb Code    20  stm32f10x_adc.o(i.ADC_GetCalibrationStatus)
    ADC_GetResetCalibrationStatus            0x080009f9   Thumb Code    20  stm32f10x_adc.o(i.ADC_GetResetCalibrationStatus)
    ADC_Init                                 0x08000a0d   Thumb Code    70  stm32f10x_adc.o(i.ADC_Init)
    ADC_RegularChannelConfig                 0x08000a5d   Thumb Code   184  stm32f10x_adc.o(i.ADC_RegularChannelConfig)
    ADC_ResetCalibration                     0x08000b15   Thumb Code    10  stm32f10x_adc.o(i.ADC_ResetCalibration)
    ADC_SoftwareStartConvCmd                 0x08000b1f   Thumb Code    22  stm32f10x_adc.o(i.ADC_SoftwareStartConvCmd)
    ADC_StartCalibration                     0x08000b35   Thumb Code    10  stm32f10x_adc.o(i.ADC_StartCalibration)
    BusFault_Handler                         0x08000b3f   Thumb Code     4  stm32f10x_it.o(i.BusFault_Handler)
    DHT11_CheckResponse                      0x08000b45   Thumb Code    86  dht11.o(i.DHT11_CheckResponse)
    DHT11_GPIO_Pin_InitCnofig                0x08000ba1   Thumb Code    82  dht11.o(i.DHT11_GPIO_Pin_InitCnofig)
    DHT11_Input                              0x08000bf9   Thumb Code    30  dht11.o(i.DHT11_Input)
    DHT11_Output                             0x08000c1d   Thumb Code    30  dht11.o(i.DHT11_Output)
    DHT11_ReadBit                            0x08000c41   Thumb Code    88  dht11.o(i.DHT11_ReadBit)
    DHT11_ReadByte                           0x08000c9d   Thumb Code    30  dht11.o(i.DHT11_ReadByte)
    DHT11_ReadData                           0x08000cbb   Thumb Code    90  dht11.o(i.DHT11_ReadData)
    DHT11_SendReset                          0x08000d15   Thumb Code    40  dht11.o(i.DHT11_SendReset)
    DMA_Cmd                                  0x08000d41   Thumb Code    24  stm32f10x_dma.o(i.DMA_Cmd)
    DMA_Init                                 0x08000d59   Thumb Code    60  stm32f10x_dma.o(i.DMA_Init)
    DMA_InitConfig_P2M                       0x08000d95   Thumb Code    88  dma.o(i.DMA_InitConfig_P2M)
    DebugMon_Handler                         0x08000df9   Thumb Code     2  stm32f10x_it.o(i.DebugMon_Handler)
    GPIO_Init                                0x08000dfb   Thumb Code   278  stm32f10x_gpio.o(i.GPIO_Init)
    GPIO_PinRemapConfig                      0x08000f11   Thumb Code   138  stm32f10x_gpio.o(i.GPIO_PinRemapConfig)
    GPIO_ReadInputDataBit                    0x08000fa1   Thumb Code    18  stm32f10x_gpio.o(i.GPIO_ReadInputDataBit)
    GPIO_ResetBits                           0x08000fb3   Thumb Code     4  stm32f10x_gpio.o(i.GPIO_ResetBits)
    GPIO_SetBits                             0x08000fb7   Thumb Code     4  stm32f10x_gpio.o(i.GPIO_SetBits)
    GetValue_ADC_Average                     0x08000fbd   Thumb Code    38  dma.o(i.GetValue_ADC_Average)
    Gizwits_Init                             0x08000fe9   Thumb Code    28  main.o(i.Gizwits_Init)
    HardFault_Handler                        0x08001009   Thumb Code     4  stm32f10x_it.o(i.HardFault_Handler)
    IIC_GPIO_Pin_InitCnofig                  0x0800100d   Thumb Code    46  iic.o(i.IIC_GPIO_Pin_InitCnofig)
    IIC_Receive_Byte                         0x08001041   Thumb Code    86  iic.o(i.IIC_Receive_Byte)
    IIC_SDA_Input                            0x0800109d   Thumb Code    30  iic.o(i.IIC_SDA_Input)
    IIC_SDA_Output                           0x080010c1   Thumb Code    30  iic.o(i.IIC_SDA_Output)
    IIC_Send_ACK                             0x080010e5   Thumb Code    52  iic.o(i.IIC_Send_ACK)
    IIC_Send_Byte                            0x0800111d   Thumb Code    88  iic.o(i.IIC_Send_Byte)
    IIC_Send_NACK                            0x08001179   Thumb Code    52  iic.o(i.IIC_Send_NACK)
    IIC_Start                                0x080011b1   Thumb Code    52  iic.o(i.IIC_Start)
    IIC_Stop                                 0x080011e9   Thumb Code    52  iic.o(i.IIC_Stop)
    IIC_Wait_ACK                             0x08001221   Thumb Code    78  iic.o(i.IIC_Wait_ACK)
    MemManage_Handler                        0x08001275   Thumb Code     4  stm32f10x_it.o(i.MemManage_Handler)
    NMI_Handler                              0x08001279   Thumb Code     2  stm32f10x_it.o(i.NMI_Handler)
    NVIC_Init                                0x0800127d   Thumb Code   100  misc.o(i.NVIC_Init)
    NVIC_InitConfig_USART                    0x080012ed   Thumb Code    44  nvic.o(i.NVIC_InitConfig_USART)
    NVIC_PriorityGroupConfig                 0x0800131d   Thumb Code    10  misc.o(i.NVIC_PriorityGroupConfig)
    OLED_Clear                               0x08001331   Thumb Code    64  oled.o(i.OLED_Clear)
    OLED_Init                                0x08001371   Thumb Code   342  oled.o(i.OLED_Init)
    OLED_Set_Pos                             0x080014d1   Thumb Code    46  oled.o(i.OLED_Set_Pos)
    OLED_ShowCHinese                         0x08001501   Thumb Code    98  oled.o(i.OLED_ShowCHinese)
    OLED_ShowChar                            0x08001569   Thumb Code   106  oled.o(i.OLED_ShowChar)
    OLED_ShowNum                             0x080015d9   Thumb Code   132  oled.o(i.OLED_ShowNum)
    OLED_ShowString                          0x0800165d   Thumb Code    54  oled.o(i.OLED_ShowString)
    OLED_WR_Byte                             0x08001695   Thumb Code    92  oled.o(i.OLED_WR_Byte)
    PWM_OutPut_InitConfig                    0x080016f9   Thumb Code   154  tim.o(i.PWM_OutPut_InitConfig)
    PendSV_Handler                           0x080017a1   Thumb Code     2  stm32f10x_it.o(i.PendSV_Handler)
    RCC_ADCCLKConfig                         0x080017a5   Thumb Code    18  stm32f10x_rcc.o(i.RCC_ADCCLKConfig)
    RCC_AHBPeriphClockCmd                    0x080017bd   Thumb Code    26  stm32f10x_rcc.o(i.RCC_AHBPeriphClockCmd)
    RCC_APB1PeriphClockCmd                   0x080017dd   Thumb Code    26  stm32f10x_rcc.o(i.RCC_APB1PeriphClockCmd)
    RCC_APB1PeriphResetCmd                   0x080017fd   Thumb Code    26  stm32f10x_rcc.o(i.RCC_APB1PeriphResetCmd)
    RCC_APB2PeriphClockCmd                   0x0800181d   Thumb Code    26  stm32f10x_rcc.o(i.RCC_APB2PeriphClockCmd)
    RCC_APB2PeriphResetCmd                   0x0800183d   Thumb Code    26  stm32f10x_rcc.o(i.RCC_APB2PeriphResetCmd)
    RCC_GetClocksFreq                        0x0800185d   Thumb Code   192  stm32f10x_rcc.o(i.RCC_GetClocksFreq)
    SGP30_InitConfig                         0x08001931   Thumb Code    54  iic.o(i.SGP30_InitConfig)
    SGP30_Read                               0x08001967   Thumb Code   104  iic.o(i.SGP30_Read)
    SGP30_Write                              0x080019cf   Thumb Code    54  iic.o(i.SGP30_Write)
    SVC_Handler                              0x08001a05   Thumb Code     2  stm32f10x_it.o(i.SVC_Handler)
    SysTick_Handler                          0x08001af1   Thumb Code     2  stm32f10x_it.o(i.SysTick_Handler)
    SysTick_InitConfig                       0x08001af5   Thumb Code    44  systick.o(i.SysTick_InitConfig)
    SystemInit                               0x08001b29   Thumb Code    78  system_stm32f10x.o(i.SystemInit)
    TIM3_IRQHandler                          0x08001b89   Thumb Code     8  gizwits_product.o(i.TIM3_IRQHandler)
    TIM6_IRQHandler                          0x08001b91   Thumb Code    26  tim.o(i.TIM6_IRQHandler)
    TIM_ARRPreloadConfig                     0x08001bb1   Thumb Code    24  stm32f10x_tim.o(i.TIM_ARRPreloadConfig)
    TIM_ClearFlag                            0x08001bc9   Thumb Code     6  stm32f10x_tim.o(i.TIM_ClearFlag)
    TIM_ClearITPendingBit                    0x08001bcf   Thumb Code     6  stm32f10x_tim.o(i.TIM_ClearITPendingBit)
    TIM_Cmd                                  0x08001bd5   Thumb Code    24  stm32f10x_tim.o(i.TIM_Cmd)
    TIM_GetITStatus                          0x08001bed   Thumb Code    34  stm32f10x_tim.o(i.TIM_GetITStatus)
    TIM_ITConfig                             0x08001c0f   Thumb Code    18  stm32f10x_tim.o(i.TIM_ITConfig)
    TIM_InitConfig                           0x08001c21   Thumb Code    88  tim.o(i.TIM_InitConfig)
    TIM_OC1Init                              0x08001c7d   Thumb Code   132  stm32f10x_tim.o(i.TIM_OC1Init)
    TIM_OC1PreloadConfig                     0x08001d15   Thumb Code    18  stm32f10x_tim.o(i.TIM_OC1PreloadConfig)
    TIM_TimeBaseInit                         0x08001d29   Thumb Code   122  stm32f10x_tim.o(i.TIM_TimeBaseInit)
    UART3_InitConfig                         0x08001dcd   Thumb Code   164  uart.o(i.UART3_InitConfig)
    UART_InitConfig                          0x08001e79   Thumb Code   128  uart.o(i.UART_InitConfig)
    USART2_IRQHandler                        0x08001f01   Thumb Code    16  gizwits_product.o(i.USART2_IRQHandler)
    USART3_IRQHandler                        0x08001f11   Thumb Code    38  uart.o(i.USART3_IRQHandler)
    USART_Cmd                                0x08001f3d   Thumb Code    24  stm32f10x_usart.o(i.USART_Cmd)
    USART_DeInit                             0x08001f55   Thumb Code   134  stm32f10x_usart.o(i.USART_DeInit)
    USART_GetFlagStatus                      0x08001ff1   Thumb Code    26  stm32f10x_usart.o(i.USART_GetFlagStatus)
    USART_GetITStatus                        0x0800200b   Thumb Code    84  stm32f10x_usart.o(i.USART_GetITStatus)
    USART_ITConfig                           0x0800205f   Thumb Code    74  stm32f10x_usart.o(i.USART_ITConfig)
    USART_Init                               0x080020a9   Thumb Code   210  stm32f10x_usart.o(i.USART_Init)
    USART_ReceiveData                        0x08002181   Thumb Code    10  stm32f10x_usart.o(i.USART_ReceiveData)
    USART_SendData                           0x0800218b   Thumb Code     8  stm32f10x_usart.o(i.USART_SendData)
    UsageFault_Handler                       0x08002193   Thumb Code     4  stm32f10x_it.o(i.UsageFault_Handler)
    __0printf                                0x08002199   Thumb Code    22  printfa.o(i.__0printf)
    __1printf                                0x08002199   Thumb Code     0  printfa.o(i.__0printf)
    __2printf                                0x08002199   Thumb Code     0  printfa.o(i.__0printf)
    __c89printf                              0x08002199   Thumb Code     0  printfa.o(i.__0printf)
    printf                                   0x08002199   Thumb Code     0  printfa.o(i.__0printf)
    __scatterload_copy                       0x080021b9   Thumb Code    14  handlers.o(i.__scatterload_copy)
    __scatterload_null                       0x080021c7   Thumb Code     2  handlers.o(i.__scatterload_null)
    __scatterload_zeroinit                   0x080021c9   Thumb Code    14  handlers.o(i.__scatterload_zeroinit)
    delay_ms                                 0x08002a8d   Thumb Code    60  systick.o(i.delay_ms)
    delay_us                                 0x08002acd   Thumb Code    60  systick.o(i.delay_us)
    exchangeBytes                            0x08002b0d   Thumb Code    26  common.o(i.exchangeBytes)
    exchangeWord                             0x08002b27   Thumb Code    26  common.o(i.exchangeWord)
    fputc                                    0x08002b41   Thumb Code    32  uart.o(i.fputc)
    gizGetTimerCount                         0x08002e95   Thumb Code     6  gizwits_product.o(i.gizGetTimerCount)
    gizProtocolSum                           0x08003ca5   Thumb Code    38  common.o(i.gizProtocolSum)
    gizPutData                               0x08003d75   Thumb Code    52  gizwits_protocol.o(i.gizPutData)
    gizTimerMs                               0x08003ebd   Thumb Code    12  gizwits_product.o(i.gizTimerMs)
    gizY2X                                   0x08003ecd   Thumb Code    14  datapointtools.o(i.gizY2X)
    gizwitsEventProcess                      0x08003edd   Thumb Code   174  gizwits_product.o(i.gizwitsEventProcess)
    gizwitsHandle                            0x08004011   Thumb Code   542  gizwits_protocol.o(i.gizwitsHandle)
    gizwitsInit                              0x08004329   Thumb Code    46  gizwits_protocol.o(i.gizwitsInit)
    gizwitsSetMode                           0x0800438d   Thumb Code   590  gizwits_protocol.o(i.gizwitsSetMode)
    main                                     0x08004615   Thumb Code   802  main.o(i.main)
    mcuRestart                               0x080049f9   Thumb Code    38  gizwits_product.o(i.mcuRestart)
    oled_pow                                 0x08004a29   Thumb Code    22  oled.o(i.oled_pow)
    rbCanRead                                0x08004a3f   Thumb Code    56  ringbuffer.o(i.rbCanRead)
    rbCanWrite                               0x08004a77   Thumb Code    30  ringbuffer.o(i.rbCanWrite)
    rbCapacity                               0x08004a95   Thumb Code    14  ringbuffer.o(i.rbCapacity)
    rbCreate                                 0x08004aa3   Thumb Code    22  ringbuffer.o(i.rbCreate)
    rbRead                                   0x08004ab9   Thumb Code   162  ringbuffer.o(i.rbRead)
    rbWrite                                  0x08004b5b   Thumb Code   154  ringbuffer.o(i.rbWrite)
    uartWrite                                0x08004bf5   Thumb Code    82  gizwits_product.o(i.uartWrite)
    userHandle                               0x08004c4d   Thumb Code     2  gizwits_product.o(i.userHandle)
    F6x8                                     0x08004c4e   Data         552  oled.o(.constdata)
    F8X16                                    0x08004e76   Data        1520  oled.o(.constdata)
    Region$$Table$$Base                      0x08005468   Number         0  anon$$obj.o(Region$$Table)
    Region$$Table$$Limit                     0x08005488   Number         0  anon$$obj.o(Region$$Table)
    ret                                      0x20000000   Data           4  main.o(.data)
    temp1                                    0x20000004   Data           4  main.o(.data)
    temp2                                    0x20000008   Data           4  main.o(.data)
    work_mode                                0x2000000c   Data           4  main.o(.data)
    wendu_value                              0x20000010   Data           1  main.o(.data)
    shidu_value                              0x20000011   Data           1  main.o(.data)
    smoke_value                              0x20000014   Data           4  main.o(.data)
    CO2_value                                0x20000018   Data           2  main.o(.data)
    TVOC_value                               0x2000001a   Data           2  main.o(.data)
    V_value                                  0x2000001c   Data           4  main.o(.data)
    __stdout                                 0x2000003c   Data           4  uart.o(.data)
    Hzk                                      0x20000040   Data        1344  oled.o(.data)
    currentDataPoint                         0x20000594   Data          24  main.o(.bss)
    buf                                      0x200005ac   Data         120  dma.o(.bss)
    DST                                      0x20000624   Data          10  dma.o(.bss)
    gizwitsProtocol                          0x2000062e   Data         315  gizwits_protocol.o(.bss)
    pRb                                      0x20000769   Data          16  gizwits_protocol.o(.bss)
    __initial_sp                             0x20000bb8   Data           0  startup_stm32f10x_hd.o(STACK)



==============================================================================

Memory Map of the image

  Image Entry point : 0x08000131

  Load Region LR_IROM1 (Base: 0x08000000, Size: 0x00005a1c, Max: 0x00040000, ABSOLUTE, COMPRESSED[0x0000564c])

    Execution Region ER_IROM1 (Exec base: 0x08000000, Load base: 0x08000000, Size: 0x00005488, Max: 0x00040000, ABSOLUTE)

    Exec Addr    Load Addr    Size         Type   Attr      Idx    E Section Name        Object

    0x08000000   0x08000000   0x00000130   Data   RO         3198    RESET               startup_stm32f10x_hd.o
    0x08000130   0x08000130   0x00000000   Code   RO         4127  * .ARM.Collect$$$$00000000  mc_w.l(entry.o)
    0x08000130   0x08000130   0x00000004   Code   RO         4425    .ARM.Collect$$$$00000001  mc_w.l(entry2.o)
    0x08000134   0x08000134   0x00000004   Code   RO         4428    .ARM.Collect$$$$00000004  mc_w.l(entry5.o)
    0x08000138   0x08000138   0x00000000   Code   RO         4430    .ARM.Collect$$$$00000008  mc_w.l(entry7b.o)
    0x08000138   0x08000138   0x00000000   Code   RO         4432    .ARM.Collect$$$$0000000A  mc_w.l(entry8b.o)
    0x08000138   0x08000138   0x00000008   Code   RO         4433    .ARM.Collect$$$$0000000B  mc_w.l(entry9a.o)
    0x08000140   0x08000140   0x00000000   Code   RO         4435    .ARM.Collect$$$$0000000D  mc_w.l(entry10a.o)
    0x08000140   0x08000140   0x00000000   Code   RO         4437    .ARM.Collect$$$$0000000F  mc_w.l(entry11a.o)
    0x08000140   0x08000140   0x00000004   Code   RO         4426    .ARM.Collect$$$$00002712  mc_w.l(entry2.o)
    0x08000144   0x08000144   0x00000024   Code   RO         3199    .text               startup_stm32f10x_hd.o
    0x08000168   0x08000168   0x00000024   Code   RO         4132    .text               mc_w.l(memcpya.o)
    0x0800018c   0x0800018c   0x00000024   Code   RO         4134    .text               mc_w.l(memseta.o)
    0x080001b0   0x080001b0   0x00000064   Code   RO         4403    .text               mf_w.l(fmul.o)
    0x08000214   0x08000214   0x000000e4   Code   RO         4407    .text               mf_w.l(dmul.o)
    0x080002f8   0x080002f8   0x000000de   Code   RO         4409    .text               mf_w.l(ddiv.o)
    0x080003d6   0x080003d6   0x00000022   Code   RO         4413    .text               mf_w.l(dflti.o)
    0x080003f8   0x080003f8   0x00000032   Code   RO         4415    .text               mf_w.l(ffixi.o)
    0x0800042a   0x0800042a   0x00000028   Code   RO         4417    .text               mf_w.l(ffixui.o)
    0x08000452   0x08000452   0x00000026   Code   RO         4419    .text               mf_w.l(f2d.o)
    0x08000478   0x08000478   0x00000038   Code   RO         4421    .text               mf_w.l(d2f.o)
    0x080004b0   0x080004b0   0x00000014   Code   RO         4423    .text               mf_w.l(cfcmple.o)
    0x080004c4   0x080004c4   0x0000002c   Code   RO         4439    .text               mc_w.l(uidiv.o)
    0x080004f0   0x080004f0   0x00000062   Code   RO         4441    .text               mc_w.l(uldiv.o)
    0x08000552   0x08000552   0x00000000   Code   RO         4443    .text               mc_w.l(iusefp.o)
    0x08000552   0x08000552   0x0000006e   Code   RO         4444    .text               mf_w.l(fepilogue.o)
    0x080005c0   0x080005c0   0x000000ba   Code   RO         4446    .text               mf_w.l(depilogue.o)
    0x0800067a   0x0800067a   0x0000014e   Code   RO         4448    .text               mf_w.l(dadd.o)
    0x080007c8   0x080007c8   0x00000030   Code   RO         4450    .text               mf_w.l(dfixul.o)
    0x080007f8   0x080007f8   0x00000030   Code   RO         4452    .text               mf_w.l(cdrcmple.o)
    0x08000828   0x08000828   0x00000024   Code   RO         4454    .text               mc_w.l(init.o)
    0x0800084c   0x0800084c   0x0000001e   Code   RO         4456    .text               mc_w.l(llshl.o)
    0x0800086a   0x0800086a   0x00000020   Code   RO         4458    .text               mc_w.l(llushr.o)
    0x0800088a   0x0800088a   0x00000024   Code   RO         4460    .text               mc_w.l(llsshr.o)
    0x080008ae   0x080008ae   0x0000005e   Code   RO         4470    .text               mc_w.l(__dclz77c.o)
    0x0800090c   0x0800090c   0x000000ac   Code   RO         3639    i.ADC1_InitConfig   adc.o
    0x080009b8   0x080009b8   0x00000016   Code   RO          271    i.ADC_Cmd           stm32f10x_adc.o
    0x080009ce   0x080009ce   0x00000016   Code   RO          272    i.ADC_DMACmd        stm32f10x_adc.o
    0x080009e4   0x080009e4   0x00000014   Code   RO          279    i.ADC_GetCalibrationStatus  stm32f10x_adc.o
    0x080009f8   0x080009f8   0x00000014   Code   RO          285    i.ADC_GetResetCalibrationStatus  stm32f10x_adc.o
    0x08000a0c   0x08000a0c   0x00000050   Code   RO          289    i.ADC_Init          stm32f10x_adc.o
    0x08000a5c   0x08000a5c   0x000000b8   Code   RO          293    i.ADC_RegularChannelConfig  stm32f10x_adc.o
    0x08000b14   0x08000b14   0x0000000a   Code   RO          294    i.ADC_ResetCalibration  stm32f10x_adc.o
    0x08000b1e   0x08000b1e   0x00000016   Code   RO          296    i.ADC_SoftwareStartConvCmd  stm32f10x_adc.o
    0x08000b34   0x08000b34   0x0000000a   Code   RO          298    i.ADC_StartCalibration  stm32f10x_adc.o
    0x08000b3e   0x08000b3e   0x00000004   Code   RO          166    i.BusFault_Handler  stm32f10x_it.o
    0x08000b42   0x08000b42   0x00000002   PAD
    0x08000b44   0x08000b44   0x0000005c   Code   RO         3500    i.DHT11_CheckResponse  dht11.o
    0x08000ba0   0x08000ba0   0x00000058   Code   RO         3501    i.DHT11_GPIO_Pin_InitCnofig  dht11.o
    0x08000bf8   0x08000bf8   0x00000024   Code   RO         3502    i.DHT11_Input       dht11.o
    0x08000c1c   0x08000c1c   0x00000024   Code   RO         3503    i.DHT11_Output      dht11.o
    0x08000c40   0x08000c40   0x0000005c   Code   RO         3504    i.DHT11_ReadBit     dht11.o
    0x08000c9c   0x08000c9c   0x0000001e   Code   RO         3505    i.DHT11_ReadByte    dht11.o
    0x08000cba   0x08000cba   0x0000005a   Code   RO         3506    i.DHT11_ReadData    dht11.o
    0x08000d14   0x08000d14   0x0000002c   Code   RO         3507    i.DHT11_SendReset   dht11.o
    0x08000d40   0x08000d40   0x00000018   Code   RO          956    i.DMA_Cmd           stm32f10x_dma.o
    0x08000d58   0x08000d58   0x0000003c   Code   RO          962    i.DMA_Init          stm32f10x_dma.o
    0x08000d94   0x08000d94   0x00000064   Code   RO         3657    i.DMA_InitConfig_P2M  dma.o
    0x08000df8   0x08000df8   0x00000002   Code   RO          167    i.DebugMon_Handler  stm32f10x_it.o
    0x08000dfa   0x08000dfa   0x00000116   Code   RO         1380    i.GPIO_Init         stm32f10x_gpio.o
    0x08000f10   0x08000f10   0x00000090   Code   RO         1382    i.GPIO_PinRemapConfig  stm32f10x_gpio.o
    0x08000fa0   0x08000fa0   0x00000012   Code   RO         1384    i.GPIO_ReadInputDataBit  stm32f10x_gpio.o
    0x08000fb2   0x08000fb2   0x00000004   Code   RO         1387    i.GPIO_ResetBits    stm32f10x_gpio.o
    0x08000fb6   0x08000fb6   0x00000004   Code   RO         1388    i.GPIO_SetBits      stm32f10x_gpio.o
    0x08000fba   0x08000fba   0x00000002   PAD
    0x08000fbc   0x08000fbc   0x0000002c   Code   RO         3658    i.GetValue_ADC_Average  dma.o
    0x08000fe8   0x08000fe8   0x00000020   Code   RO            1    i.Gizwits_Init      main.o
    0x08001008   0x08001008   0x00000004   Code   RO          168    i.HardFault_Handler  stm32f10x_it.o
    0x0800100c   0x0800100c   0x00000034   Code   RO         3402    i.IIC_GPIO_Pin_InitCnofig  iic.o
    0x08001040   0x08001040   0x0000005c   Code   RO         3403    i.IIC_Receive_Byte  iic.o
    0x0800109c   0x0800109c   0x00000024   Code   RO         3404    i.IIC_SDA_Input     iic.o
    0x080010c0   0x080010c0   0x00000024   Code   RO         3405    i.IIC_SDA_Output    iic.o
    0x080010e4   0x080010e4   0x00000038   Code   RO         3406    i.IIC_Send_ACK      iic.o
    0x0800111c   0x0800111c   0x0000005c   Code   RO         3407    i.IIC_Send_Byte     iic.o
    0x08001178   0x08001178   0x00000038   Code   RO         3408    i.IIC_Send_NACK     iic.o
    0x080011b0   0x080011b0   0x00000038   Code   RO         3409    i.IIC_Start         iic.o
    0x080011e8   0x080011e8   0x00000038   Code   RO         3410    i.IIC_Stop          iic.o
    0x08001220   0x08001220   0x00000054   Code   RO         3411    i.IIC_Wait_ACK      iic.o
    0x08001274   0x08001274   0x00000004   Code   RO          169    i.MemManage_Handler  stm32f10x_it.o
    0x08001278   0x08001278   0x00000002   Code   RO          170    i.NMI_Handler       stm32f10x_it.o
    0x0800127a   0x0800127a   0x00000002   PAD
    0x0800127c   0x0800127c   0x00000070   Code   RO          229    i.NVIC_Init         misc.o
    0x080012ec   0x080012ec   0x00000030   Code   RO         3342    i.NVIC_InitConfig_USART  nvic.o
    0x0800131c   0x0800131c   0x00000014   Code   RO          230    i.NVIC_PriorityGroupConfig  misc.o
    0x08001330   0x08001330   0x00000040   Code   RO         3554    i.OLED_Clear        oled.o
    0x08001370   0x08001370   0x00000160   Code   RO         3558    i.OLED_Init         oled.o
    0x080014d0   0x080014d0   0x0000002e   Code   RO         3559    i.OLED_Set_Pos      oled.o
    0x080014fe   0x080014fe   0x00000002   PAD
    0x08001500   0x08001500   0x00000068   Code   RO         3560    i.OLED_ShowCHinese  oled.o
    0x08001568   0x08001568   0x00000070   Code   RO         3561    i.OLED_ShowChar     oled.o
    0x080015d8   0x080015d8   0x00000084   Code   RO         3562    i.OLED_ShowNum      oled.o
    0x0800165c   0x0800165c   0x00000036   Code   RO         3563    i.OLED_ShowString   oled.o
    0x08001692   0x08001692   0x00000002   PAD
    0x08001694   0x08001694   0x00000064   Code   RO         3564    i.OLED_WR_Byte      oled.o
    0x080016f8   0x080016f8   0x000000a8   Code   RO         3369    i.PWM_OutPut_InitConfig  tim.o
    0x080017a0   0x080017a0   0x00000002   Code   RO          171    i.PendSV_Handler    stm32f10x_it.o
    0x080017a2   0x080017a2   0x00000002   PAD
    0x080017a4   0x080017a4   0x00000018   Code   RO         1794    i.RCC_ADCCLKConfig  stm32f10x_rcc.o
    0x080017bc   0x080017bc   0x00000020   Code   RO         1795    i.RCC_AHBPeriphClockCmd  stm32f10x_rcc.o
    0x080017dc   0x080017dc   0x00000020   Code   RO         1796    i.RCC_APB1PeriphClockCmd  stm32f10x_rcc.o
    0x080017fc   0x080017fc   0x00000020   Code   RO         1797    i.RCC_APB1PeriphResetCmd  stm32f10x_rcc.o
    0x0800181c   0x0800181c   0x00000020   Code   RO         1798    i.RCC_APB2PeriphClockCmd  stm32f10x_rcc.o
    0x0800183c   0x0800183c   0x00000020   Code   RO         1799    i.RCC_APB2PeriphResetCmd  stm32f10x_rcc.o
    0x0800185c   0x0800185c   0x000000d4   Code   RO         1806    i.RCC_GetClocksFreq  stm32f10x_rcc.o
    0x08001930   0x08001930   0x00000036   Code   RO         3412    i.SGP30_InitConfig  iic.o
    0x08001966   0x08001966   0x00000068   Code   RO         3413    i.SGP30_Read        iic.o
    0x080019ce   0x080019ce   0x00000036   Code   RO         3414    i.SGP30_Write       iic.o
    0x08001a04   0x08001a04   0x00000002   Code   RO          172    i.SVC_Handler       stm32f10x_it.o
    0x08001a06   0x08001a06   0x00000008   Code   RO         3204    i.SetSysClock       system_stm32f10x.o
    0x08001a0e   0x08001a0e   0x00000002   PAD
    0x08001a10   0x08001a10   0x000000e0   Code   RO         3205    i.SetSysClockTo72   system_stm32f10x.o
    0x08001af0   0x08001af0   0x00000002   Code   RO          173    i.SysTick_Handler   stm32f10x_it.o
    0x08001af2   0x08001af2   0x00000002   PAD
    0x08001af4   0x08001af4   0x00000034   Code   RO         3267    i.SysTick_InitConfig  systick.o
    0x08001b28   0x08001b28   0x00000060   Code   RO         3207    i.SystemInit        system_stm32f10x.o
    0x08001b88   0x08001b88   0x00000008   Code   RO         3699    i.TIM3_IRQHandler   gizwits_product.o
    0x08001b90   0x08001b90   0x00000020   Code   RO         3370    i.TIM6_IRQHandler   tim.o
    0x08001bb0   0x08001bb0   0x00000018   Code   RO         2418    i.TIM_ARRPreloadConfig  stm32f10x_tim.o
    0x08001bc8   0x08001bc8   0x00000006   Code   RO         2424    i.TIM_ClearFlag     stm32f10x_tim.o
    0x08001bce   0x08001bce   0x00000006   Code   RO         2425    i.TIM_ClearITPendingBit  stm32f10x_tim.o
    0x08001bd4   0x08001bd4   0x00000018   Code   RO         2430    i.TIM_Cmd           stm32f10x_tim.o
    0x08001bec   0x08001bec   0x00000022   Code   RO         2451    i.TIM_GetITStatus   stm32f10x_tim.o
    0x08001c0e   0x08001c0e   0x00000012   Code   RO         2455    i.TIM_ITConfig      stm32f10x_tim.o
    0x08001c20   0x08001c20   0x0000005c   Code   RO         3371    i.TIM_InitConfig    tim.o
    0x08001c7c   0x08001c7c   0x00000098   Code   RO         2459    i.TIM_OC1Init       stm32f10x_tim.o
    0x08001d14   0x08001d14   0x00000012   Code   RO         2462    i.TIM_OC1PreloadConfig  stm32f10x_tim.o
    0x08001d26   0x08001d26   0x00000002   PAD
    0x08001d28   0x08001d28   0x000000a4   Code   RO         2501    i.TIM_TimeBaseInit  stm32f10x_tim.o
    0x08001dcc   0x08001dcc   0x000000ac   Code   RO         3294    i.UART3_InitConfig  uart.o
    0x08001e78   0x08001e78   0x00000088   Code   RO         3295    i.UART_InitConfig   uart.o
    0x08001f00   0x08001f00   0x00000010   Code   RO         3700    i.USART2_IRQHandler  gizwits_product.o
    0x08001f10   0x08001f10   0x0000002c   Code   RO         3296    i.USART3_IRQHandler  uart.o
    0x08001f3c   0x08001f3c   0x00000018   Code   RO         2966    i.USART_Cmd         stm32f10x_usart.o
    0x08001f54   0x08001f54   0x0000009c   Code   RO         2968    i.USART_DeInit      stm32f10x_usart.o
    0x08001ff0   0x08001ff0   0x0000001a   Code   RO         2969    i.USART_GetFlagStatus  stm32f10x_usart.o
    0x0800200a   0x0800200a   0x00000054   Code   RO         2970    i.USART_GetITStatus  stm32f10x_usart.o
    0x0800205e   0x0800205e   0x0000004a   Code   RO         2972    i.USART_ITConfig    stm32f10x_usart.o
    0x080020a8   0x080020a8   0x000000d8   Code   RO         2973    i.USART_Init        stm32f10x_usart.o
    0x08002180   0x08002180   0x0000000a   Code   RO         2980    i.USART_ReceiveData  stm32f10x_usart.o
    0x0800218a   0x0800218a   0x00000008   Code   RO         2983    i.USART_SendData    stm32f10x_usart.o
    0x08002192   0x08002192   0x00000004   Code   RO          174    i.UsageFault_Handler  stm32f10x_it.o
    0x08002196   0x08002196   0x00000002   PAD
    0x08002198   0x08002198   0x00000020   Code   RO         4373    i.__0printf         mc_w.l(printfa.o)
    0x080021b8   0x080021b8   0x0000000e   Code   RO         4464    i.__scatterload_copy  mc_w.l(handlers.o)
    0x080021c6   0x080021c6   0x00000002   Code   RO         4465    i.__scatterload_null  mc_w.l(handlers.o)
    0x080021c8   0x080021c8   0x0000000e   Code   RO         4466    i.__scatterload_zeroinit  mc_w.l(handlers.o)
    0x080021d6   0x080021d6   0x00000002   PAD
    0x080021d8   0x080021d8   0x00000184   Code   RO         4380    i._fp_digits        mc_w.l(printfa.o)
    0x0800235c   0x0800235c   0x000006dc   Code   RO         4381    i._printf_core      mc_w.l(printfa.o)
    0x08002a38   0x08002a38   0x00000024   Code   RO         4382    i._printf_post_padding  mc_w.l(printfa.o)
    0x08002a5c   0x08002a5c   0x0000002e   Code   RO         4383    i._printf_pre_padding  mc_w.l(printfa.o)
    0x08002a8a   0x08002a8a   0x00000002   PAD
    0x08002a8c   0x08002a8c   0x00000040   Code   RO         3268    i.delay_ms          systick.o
    0x08002acc   0x08002acc   0x00000040   Code   RO         3269    i.delay_us          systick.o
    0x08002b0c   0x08002b0c   0x0000001a   Code   RO         3929    i.exchangeBytes     common.o
    0x08002b26   0x08002b26   0x0000001a   Code   RO         3930    i.exchangeWord      common.o
    0x08002b40   0x08002b40   0x00000024   Code   RO         3298    i.fputc             uart.o
    0x08002b64   0x08002b64   0x000001b8   Code   RO         3770    i.gizCheckReport    gizwits_protocol.o
    0x08002d1c   0x08002d1c   0x000000bc   Code   RO         3771    i.gizDataPoints2ReportData  gizwits_protocol.o
    0x08002dd8   0x08002dd8   0x000000bc   Code   RO         3772    i.gizDevReportPolicy  gizwits_protocol.o
    0x08002e94   0x08002e94   0x0000000c   Code   RO         3701    i.gizGetTimerCount  gizwits_product.o
    0x08002ea0   0x08002ea0   0x00000088   Code   RO         3773    i.gizProtocolAckHandle  gizwits_protocol.o
    0x08002f28   0x08002f28   0x000000a0   Code   RO         3774    i.gizProtocolCommonAck  gizwits_protocol.o
    0x08002fc8   0x08002fc8   0x000000a4   Code   RO         3775    i.gizProtocolErrorCmd  gizwits_protocol.o
    0x0800306c   0x0800306c   0x0000017c   Code   RO         3776    i.gizProtocolGetDeviceInfo  gizwits_protocol.o
    0x080031e8   0x080031e8   0x000001a8   Code   RO         3777    i.gizProtocolGetOnePacket  gizwits_protocol.o
    0x08003390   0x08003390   0x00000050   Code   RO         3778    i.gizProtocolHeadInit  gizwits_protocol.o
    0x080033e0   0x080033e0   0x00000140   Code   RO         3779    i.gizProtocolIssuedDataAck  gizwits_protocol.o
    0x08003520   0x08003520   0x00000104   Code   RO         3780    i.gizProtocolIssuedProcess  gizwits_protocol.o
    0x08003624   0x08003624   0x0000005c   Code   RO         3781    i.gizProtocolModuleInfoHandle  gizwits_protocol.o
    0x08003680   0x08003680   0x00000504   Code   RO         3782    i.gizProtocolModuleStatus  gizwits_protocol.o
    0x08003b84   0x08003b84   0x00000088   Code   RO         3783    i.gizProtocolNTP    gizwits_protocol.o
    0x08003c0c   0x08003c0c   0x0000001c   Code   RO         3784    i.gizProtocolReboot  gizwits_protocol.o
    0x08003c28   0x08003c28   0x0000007c   Code   RO         3785    i.gizProtocolResendData  gizwits_protocol.o
    0x08003ca4   0x08003ca4   0x00000026   Code   RO         3932    i.gizProtocolSum    common.o
    0x08003cca   0x08003cca   0x00000002   PAD
    0x08003ccc   0x08003ccc   0x00000060   Code   RO         3786    i.gizProtocolWaitAck  gizwits_protocol.o
    0x08003d2c   0x08003d2c   0x00000048   Code   RO         3787    i.gizProtocolWaitAckCheck  gizwits_protocol.o
    0x08003d74   0x08003d74   0x00000074   Code   RO         3788    i.gizPutData        gizwits_protocol.o
    0x08003de8   0x08003de8   0x000000d4   Code   RO         3789    i.gizReportData     gizwits_protocol.o
    0x08003ebc   0x08003ebc   0x00000010   Code   RO         3702    i.gizTimerMs        gizwits_product.o
    0x08003ecc   0x08003ecc   0x0000000e   Code   RO         4010    i.gizY2X            datapointtools.o
    0x08003eda   0x08003eda   0x00000002   PAD
    0x08003edc   0x08003edc   0x00000134   Code   RO         3703    i.gizwitsEventProcess  gizwits_product.o
    0x08004010   0x08004010   0x00000318   Code   RO         3792    i.gizwitsHandle     gizwits_protocol.o
    0x08004328   0x08004328   0x00000064   Code   RO         3793    i.gizwitsInit       gizwits_protocol.o
    0x0800438c   0x0800438c   0x00000288   Code   RO         3795    i.gizwitsSetMode    gizwits_protocol.o
    0x08004614   0x08004614   0x000003e4   Code   RO            2    i.main              main.o
    0x080049f8   0x080049f8   0x00000030   Code   RO         3704    i.mcuRestart        gizwits_product.o
    0x08004a28   0x08004a28   0x00000016   Code   RO         3565    i.oled_pow          oled.o
    0x08004a3e   0x08004a3e   0x00000038   Code   RO         4072    i.rbCanRead         ringbuffer.o
    0x08004a76   0x08004a76   0x0000001e   Code   RO         4073    i.rbCanWrite        ringbuffer.o
    0x08004a94   0x08004a94   0x0000000e   Code   RO         4074    i.rbCapacity        ringbuffer.o
    0x08004aa2   0x08004aa2   0x00000016   Code   RO         4075    i.rbCreate          ringbuffer.o
    0x08004ab8   0x08004ab8   0x000000a2   Code   RO         4077    i.rbRead            ringbuffer.o
    0x08004b5a   0x08004b5a   0x0000009a   Code   RO         4078    i.rbWrite           ringbuffer.o
    0x08004bf4   0x08004bf4   0x00000058   Code   RO         3705    i.uartWrite         gizwits_product.o
    0x08004c4c   0x08004c4c   0x00000002   Code   RO         3706    i.userHandle        gizwits_product.o
    0x08004c4e   0x08004c4e   0x00000818   Data   RO         3566    .constdata          oled.o
    0x08005466   0x08005466   0x00000002   PAD
    0x08005468   0x08005468   0x00000020   Data   RO         4462    Region$$Table       anon$$obj.o


    Execution Region RW_IRAM1 (Exec base: 0x20000000, Load base: 0x08005488, Size: 0x00000bb8, Max: 0x0000c000, ABSOLUTE, COMPRESSED[0x000001c4])

    Exec Addr    Load Addr    Size         Type   Attr      Idx    E Section Name        Object

    0x20000000   COMPRESSED   0x00000020   Data   RW            4    .data               main.o
    0x20000020   COMPRESSED   0x00000014   Data   RW         1826    .data               stm32f10x_rcc.o
    0x20000034   COMPRESSED   0x00000008   Data   RW         3270    .data               systick.o
    0x2000003c   COMPRESSED   0x00000004   Data   RW         3299    .data               uart.o
    0x20000040   COMPRESSED   0x00000540   Data   RW         3567    .data               oled.o
    0x20000580   COMPRESSED   0x00000004   Data   RW         3708    .data               gizwits_product.o
    0x20000584   COMPRESSED   0x00000010   Data   RW         3797    .data               gizwits_protocol.o
    0x20000594        -       0x00000018   Zero   RW            3    .bss                main.o
    0x200005ac        -       0x00000082   Zero   RW         3660    .bss                dma.o
    0x2000062e        -       0x00000185   Zero   RW         3796    .bss                gizwits_protocol.o
    0x200007b3   COMPRESSED   0x00000005   PAD
    0x200007b8        -       0x00000400   Zero   RW         3196    STACK               startup_stm32f10x_hd.o


==============================================================================

Image component sizes


      Code (inc. data)   RO Data    RW Data    ZI Data      Debug   Object Name

       172          8          0          0          0        654   adc.o
        90          0          0          0          0       2344   common.o
        14          0          0          0          0        653   datapointtools.o
       508         32          0          0          0       5291   dht11.o
       144         18          0          0        130       1982   dma.o
       498        178          0          4          0      21064   gizwits_product.o
      6440       2120          0         16        389      20194   gizwits_protocol.o
       828         50          0          0          0       7893   iic.o
      1028        198          0         32         24     282612   main.o
       132         22          0          0          0       1939   misc.o
        48          4          0          0          0        540   nvic.o
       986         30       2072       1344          0       7183   oled.o
       438          0          0          0          0       6148   ringbuffer.o
        36          8        304          0       1024        960   startup_stm32f10x_hd.o
       390         10          0          0          0       8409   stm32f10x_adc.o
        84          0          0          0          0       3177   stm32f10x_dma.o
       448          6          0          0          0       5154   stm32f10x_gpio.o
        26          0          0          0          0       4106   stm32f10x_it.o
       396         56          0         20          0       7567   stm32f10x_rcc.o
       446         62          0          0          0       6970   stm32f10x_tim.o
       598         28          0          0          0       7708   stm32f10x_usart.o
       328         28          0          0          0       2557   system_stm32f10x.o
       180         16          0          8          0       1815   systick.o
       292         24          0          0          0       1763   tim.o
       388         26          0          4          0       4411   uart.o

    ----------------------------------------------------------------------
     14962       2924       2410       1428       1572     413094   Object Totals
         0          0         32          0          0          0   (incl. Generated)
        24          0          2          0          5          0   (incl. Padding)

    ----------------------------------------------------------------------

      Code (inc. data)   RO Data    RW Data    ZI Data      Debug   Library Member Name

        94          0          0          0          0          0   __dclz77c.o
         0          0          0          0          0          0   entry.o
         0          0          0          0          0          0   entry10a.o
         0          0          0          0          0          0   entry11a.o
         8          4          0          0          0          0   entry2.o
         4          0          0          0          0          0   entry5.o
         0          0          0          0          0          0   entry7b.o
         0          0          0          0          0          0   entry8b.o
         8          4          0          0          0          0   entry9a.o
        30          0          0          0          0          0   handlers.o
        36          8          0          0          0         68   init.o
         0          0          0          0          0          0   iusefp.o
        30          0          0          0          0         68   llshl.o
        36          0          0          0          0         68   llsshr.o
        32          0          0          0          0         68   llushr.o
        36          0          0          0          0         68   memcpya.o
        36          0          0          0          0        108   memseta.o
      2258         90          0          0          0        452   printfa.o
        44          0          0          0          0         80   uidiv.o
        98          0          0          0          0         92   uldiv.o
        48          0          0          0          0         68   cdrcmple.o
        20          0          0          0          0         68   cfcmple.o
        56          0          0          0          0         88   d2f.o
       334          0          0          0          0        148   dadd.o
       222          0          0          0          0        100   ddiv.o
       186          0          0          0          0        176   depilogue.o
        48          0          0          0          0         68   dfixul.o
        34          0          0          0          0         76   dflti.o
       228          0          0          0          0         96   dmul.o
        38          0          0          0          0         68   f2d.o
       110          0          0          0          0        168   fepilogue.o
        50          0          0          0          0         68   ffixi.o
        40          0          0          0          0         68   ffixui.o
       100          0          0          0          0         76   fmul.o

    ----------------------------------------------------------------------
      4268        106          0          0          0       2408   Library Totals
         4          0          0          0          0          0   (incl. Padding)

    ----------------------------------------------------------------------

      Code (inc. data)   RO Data    RW Data    ZI Data      Debug   Library Name

      2750        106          0          0          0       1072   mc_w.l
      1514          0          0          0          0       1336   mf_w.l

    ----------------------------------------------------------------------
      4268        106          0          0          0       2408   Library Totals

    ----------------------------------------------------------------------

==============================================================================


      Code (inc. data)   RO Data    RW Data    ZI Data      Debug   

     19230       3030       2410       1428       1572     407362   Grand Totals
     19230       3030       2410        452       1572     407362   ELF Image Totals (compressed)
     19230       3030       2410        452          0          0   ROM Totals

==============================================================================

    Total RO  Size (Code + RO Data)                21640 (  21.13kB)
    Total RW  Size (RW Data + ZI Data)              3000 (   2.93kB)
    Total ROM Size (Code + RO Data + RW Data)      22092 (  21.57kB)

==============================================================================

